Archive member included to satisfy reference by file (symbol)

C:/devkitPro/libogc/lib/wii\libwiiuse.a(wpad.o)
                              main.o (WPAD_Init)
C:/devkitPro/libogc/lib/wii\libwiiuse.a(motion_plus.o)
                              C:/devkitPro/libogc/lib/wii\libwiiuse.a(wpad.o) (wiiuse_set_motion_plus)
C:/devkitPro/libogc/lib/wii\libwiiuse.a(dynamics.o)
                              C:/devkitPro/libogc/lib/wii\libwiiuse.a(wpad.o) (calculate_gforce)
C:/devkitPro/libogc/lib/wii\libwiiuse.a(io.o)
                              C:/devkitPro/libogc/lib/wii\libwiiuse.a(motion_plus.o) (wiiuse_disable_expansion)
C:/devkitPro/libogc/lib/wii\libwiiuse.a(io_wii.o)
                              C:/devkitPro/libogc/lib/wii\libwiiuse.a(wpad.o) (__wiiuse_sensorbar_enable)
C:/devkitPro/libogc/lib/wii\libwiiuse.a(ir.o)
                              C:/devkitPro/libogc/lib/wii\libwiiuse.a(motion_plus.o) (wiiuse_set_ir_mode)
C:/devkitPro/libogc/lib/wii\libwiiuse.a(nunchuk.o)
                              C:/devkitPro/libogc/lib/wii\libwiiuse.a(io.o) (nunchuk_handshake)
C:/devkitPro/libogc/lib/wii\libwiiuse.a(wiiboard.o)
                              C:/devkitPro/libogc/lib/wii\libwiiuse.a(io.o) (wii_board_handshake)
C:/devkitPro/libogc/lib/wii\libwiiuse.a(wiiuse.o)
                              C:/devkitPro/libogc/lib/wii\libwiiuse.a(wpad.o) (wiiuse_init)
C:/devkitPro/libogc/lib/wii\libwiiuse.a(speaker.o)
                              C:/devkitPro/libogc/lib/wii\libwiiuse.a(wpad.o) (wencdata)
C:/devkitPro/libogc/lib/wii\libwiiuse.a(classic.o)
                              C:/devkitPro/libogc/lib/wii\libwiiuse.a(io.o) (classic_ctrl_handshake)
C:/devkitPro/libogc/lib/wii\libwiiuse.a(events.o)
                              C:/devkitPro/libogc/lib/wii\libwiiuse.a(io_wii.o) (parse_event)
C:/devkitPro/libogc/lib/wii\libwiiuse.a(guitar_hero_3.o)
                              C:/devkitPro/libogc/lib/wii\libwiiuse.a(io.o) (guitar_hero_3_handshake)
C:/devkitPro/libogc/lib/wii\libbte.a(bte.o)
                              C:/devkitPro/libogc/lib/wii\libwiiuse.a(wpad.o) (BTE_Init)
C:/devkitPro/libogc/lib/wii\libbte.a(hci.o)
                              C:/devkitPro/libogc/lib/wii\libbte.a(bte.o) (hci_init)
C:/devkitPro/libogc/lib/wii\libbte.a(l2cap.o)
                              C:/devkitPro/libogc/lib/wii\libbte.a(bte.o) (l2cap_init)
C:/devkitPro/libogc/lib/wii\libbte.a(btmemb.o)
                              C:/devkitPro/libogc/lib/wii\libbte.a(bte.o) (btmemb_init)
C:/devkitPro/libogc/lib/wii\libbte.a(btmemr.o)
                              C:/devkitPro/libogc/lib/wii\libbte.a(hci.o) (btmemr_init)
C:/devkitPro/libogc/lib/wii\libbte.a(btpbuf.o)
                              C:/devkitPro/libogc/lib/wii\libbte.a(hci.o) (btpbuf_init)
C:/devkitPro/libogc/lib/wii\libbte.a(physbusif.o)
                              C:/devkitPro/libogc/lib/wii\libbte.a(bte.o) (physbusif_init)
C:/devkitPro/libogc/lib/wii\libmad.a(mp3player.o)
                              main.o (MP3Player_Init)
C:/devkitPro/libogc/lib/wii\libmad.a(frame.o)
                              C:/devkitPro/libogc/lib/wii\libmad.a(mp3player.o) (mad_frame_init)
C:/devkitPro/libogc/lib/wii\libmad.a(layer12.o)
                              C:/devkitPro/libogc/lib/wii\libmad.a(frame.o) (mad_layer_I)
C:/devkitPro/libogc/lib/wii\libmad.a(layer3.o)
                              C:/devkitPro/libogc/lib/wii\libmad.a(frame.o) (mad_layer_III)
C:/devkitPro/libogc/lib/wii\libmad.a(stream.o)
                              C:/devkitPro/libogc/lib/wii\libmad.a(mp3player.o) (mad_stream_init)
C:/devkitPro/libogc/lib/wii\libmad.a(synth.o)
                              C:/devkitPro/libogc/lib/wii\libmad.a(mp3player.o) (mad_synth_init)
C:/devkitPro/libogc/lib/wii\libmad.a(timer.o)
                              C:/devkitPro/libogc/lib/wii\libmad.a(frame.o) (mad_timer_set)
C:/devkitPro/libogc/lib/wii\libmad.a(bit.o)
                              C:/devkitPro/libogc/lib/wii\libmad.a(frame.o) (mad_bit_init)
C:/devkitPro/libogc/lib/wii\libmad.a(huffman.o)
                              C:/devkitPro/libogc/lib/wii\libmad.a(layer3.o) (mad_huff_pair_table)
C:/devkitPro/libogc/lib/wii\libasnd.a(asndlib.o)
                              main.o (ASND_Init)
C:/devkitPro/libogc/lib/wii\libasnd.a(asnd_dsp_mixer.bin.o)
                              C:/devkitPro/libogc/lib/wii\libasnd.a(asndlib.o) (asnd_dsp_mixer_bin)
C:/devkitPro/libogc/lib/wii\libogc.a(console.o)
                              main.o (CON_Init)
C:/devkitPro/libogc/lib/wii\libogc.a(lwp_queue.o)
                              C:/devkitPro/libogc/lib/wii\libwiiuse.a(io_wii.o) (__lwp_queue_initialize)
C:/devkitPro/libogc/lib/wii\libogc.a(lwp_threads.o)
                              C:/devkitPro/libogc/lib/wii\libwiiuse.a(wpad.o) (_thread_dispatch_disable_level)
C:/devkitPro/libogc/lib/wii\libogc.a(lwp.o)
                              main.o (LWP_CreateThread)
C:/devkitPro/libogc/lib/wii\libogc.a(lwp_handler.o)
[...]
Memory Configuration

Name             Origin             Length             Attributes
*default*        0x00000000         0xffffffff

Linker script and memory map

                0x00003400                        . = 0x3400

.stub
 *(.stub)
                0x80004000                        . = 0x80004000

.init           0x80004000      0x194
 *crt0.o(*.init)
 .init          0x80004000      0x170 C:/devkitPro/libogc/lib/wii\libogc.a(ogc_crt0.o)
                0x80004000                _start
                0x80004140                _memset
 *(.init)
 .init          0x80004170        0xc C:/devkitPro/devkitPPC/bin/../lib/gcc/powerpc-eabi/13.1.0/ecrti.o
                0x80004170                __init
 .init          0x8000417c        0x4 C:/devkitPro/devkitPPC/bin/../lib/gcc/powerpc-eabi/13.1.0/crtbegin.o
 .init          0x80004180        0x4 C:/devkitPro/devkitPPC/bin/../lib/gcc/powerpc-eabi/13.1.0/crtend.o
 .init          0x80004184       0x10 C:/devkitPro/devkitPPC/bin/../lib/gcc/powerpc-eabi/13.1.0/ecrtn.o

.rela.dyn       0x80004194        0x0
 .rela.iplt     0x80004194        0x0 C:/devkitPro/devkitPPC/bin/../lib/gcc/powerpc-eabi/13.1.0/crtbegin.o

.plt
 *(.plt)

.interp
 *(.interp)

.hash
 *(.hash)

.dynsym
 *(.dynsym)

.dynstr
 *(.dynstr)

.gnu.version
 *(.gnu.version)

.gnu.version_d
 *(.gnu.version_d)

.gnu.version_r
 *(.gnu.version_r)

.rel.init
 *(.rel.init)

.rela.init
 *(.rela.init)

.rel.text
 *(.rel.text .rel.text.* .rel.gnu.linkonce.t.*)

.rela.text      0x80004194        0x0
 *(.rela.text .rela.text.* .rela.gnu.linkonce.t.*)
 .rela.text.__do_global_dtors_aux
                0x80004194        0x0 C:/devkitPro/devkitPPC/bin/../lib/gcc/powerpc-eabi/13.1.0/crtbegin.o
 .rela.text.frame_dummy
                0x80004194        0x0 C:/devkitPro/devkitPPC/bin/../lib/gcc/powerpc-eabi/13.1.0/crtbegin.o
 .rela.text.__getreent
                0x80004194        0x0 C:/devkitPro/devkitPPC/bin/../lib/gcc/powerpc-eabi/13.1.0/crtbegin.o

.rel.fini
 *(.rel.fini)

.rela.fini
 *(.rela.fini)

.rel.rodata
 *(.rel.rodata .rel.rodata.* .rel.gnu.linkonce.r.*)

.rela.rodata
 *(.rela.rodata .rela.rodata.* .rela.gnu.linkonce.r.*)

.rel.data
 *(.rel.data .rel.data.* .rel.gnu.linkonce.d.*)

.rela.data
 *(.rela.data .rela.data.* .rela.gnu.linkonce.d.*)

.rel.tdata
 *(.rel.tdata .rel.tdata.* .rel.gnu.linkonce.td.*)

.rela.tdata
 *(.rela.tdata .rela.tdata.* .rela.gnu.linkonce.td.*)

.rel.tbss
 *(.rel.tbss .rel.tbss.* .rel.gnu.linkonce.tb.*)

.rela.tbss
 *(.rela.tbss .rela.tbss.* .rela.gnu.linkonce.tb.*)

.rel.ctors
 *(.rel.ctors)

.rela.ctors
 *(.rela.ctors)

.rel.dtors
 *(.rel.dtors)

.rela.dtors
 *(.rela.dtors)

.rel.got
 *(.rel.got)

.rela.got
 *(.rela.got)

.rela.got1
 *(.rela.got1)

.rela.got2
 *(.rela.got2)

.rel.sdata
 *(.rel.sdata .rel.sdata.* .rel.gnu.linkonce.s.*)

.rela.sdata
 *(.rela.sdata .rela.sdata.* .rela.gnu.linkonce.s.*)

.rel.sbss
 *(.rel.sbss .rel.sbss.* .rel.gnu.linkonce.sb.*)

.rela.sbss
 *(.rela.sbss .rela.sbss.* .rel.gnu.linkonce.sb.*)

.rel.sdata2
 *(.rel.sdata2 .rel.sdata2.* .rel.gnu.linkonce.s2.*)

.rela.sdata2
 *(.rela.sdata2 .rela.sdata2.* .rela.gnu.linkonce.s2.*)

.rel.sbss2
 *(.rel.sbss2 .rel.sbss2.* .rel.gnu.linkonce.sb2.*)

.rela.sbss2
 *(.rela.sbss2 .rela.sbss2.* .rela.gnu.linkonce.sb2.*)

.rel.bss
 *(.rel.bss .rel.bss.* .rel.gnu.linkonce.b.*)

.rela.bss
 *(.rela.bss .rela.bss.* .rela.gnu.linkonce.b.*)

.rel.plt
 *(.rel.plt)

.rela.plt
 *(.rela.plt)

.text           0x800041a0    0x49540
 *(.text)
 .text          0x800041a0      0x44c C:/devkitPro/libogc/lib/wii\libogc.a(lwp_handler.o)
                0x800041a0                _cpu_context_save_fp
                0x800042e0                _cpu_context_restore_fp
                0x80004420                _cpu_context_switch
                0x80004500                _cpu_context_save
                0x80004580                _cpu_context_restore
 .text          0x800045ec      0x4f4 C:/devkitPro/libogc/lib/wii\libogc.a(cache_asm.o)
                0x800045ec                DCFlashInvalidate
                0x80004600                DCEnable
                0x80004614                DCDisable
                0x80004628                DCFreeze
                0x8000463c                DCUnfreeze
                0x80004650                DCTouchLoad
                0x80004658                DCBlockZero
                0x80004660                DCBlockStore
                0x80004668                DCBlockFlush
                0x80004670                DCBlockInvalidate
                0x80004678                DCInvalidateRange
                0x800046a8                DCFlushRange
                0x800046dc                DCStoreRange
                0x80004710                DCFlushRangeNoSync
                0x80004740                DCStoreRangeNoSync
                0x80004770                DCZeroRange
                0x800047a0                DCTouchRange
                0x800047d0                ICInvalidateRange
                0x80004808                ICFlashInvalidate
                0x8000481c                ICEnable
                0x80004830                ICDisable
                0x80004844                ICFreeze
                0x80004858                ICUnfreeze
                0x8000486c                ICBlockInvalidate
                0x80004874                ICSync
                0x8000487c                L2Init
                0x800048c4                L2Enable
                0x800048e0                L2Disable
                0x800048f8                L2GlobalInvalidate
                0x80004950                __LCEnable
                0x80004a1c                LCDisable
                0x80004a44                LCAllocOneTag
                0x80004a58                LCAllocTags
                0x80004a98                LCLoadBlocks
                0x80004abc                LCStoreBlocks
 .text          0x80004ae0      0x4a0 C:/devkitPro/libogc/lib/wii\libogc.a(system_asm.o)
                0x80004ae0                __realmode
                0x80004af8                __configBATS
                0x80004c28                __InitFPRS
                0x80004d54                __InitPS
                0x80004db0                __InitCache
                0x80004e08                __InitSystem
                0x80004e90                __flush_cache
                0x80004ec4                __reset
                0x80004f34                __InitBATS
                0x80004f50                SYS_SwitchFiber
 .text          0x80004f80      0x1ac C:/devkitPro/libogc/lib/wii\libogc.a(irq_handler.o)
                0x80004f80                irq_exceptionhandler
 .text          0x8000512c      0x1ac C:/devkitPro/libogc/lib/wii\libogc.a(decrementer_handler.o)
                0x8000512c                dec_exceptionhandler
 .text          0x800052d8      0x35c C:/devkitPro/libogc/lib/wii\libogc.a(exception_handler.o)
                0x800052d8                exceptionhandler_start
                0x80005354                exceptionhandler_patch
                0x80005388                exceptionhandler_end
                0x8000538c                default_exceptionhandler
                0x800054bc                fpu_exceptionhandler
                0x80005604                systemcallhandler_start
                0x80005630                systemcallhandler_end
 .text          0x80005634       0x48 C:/devkitPro/devkitPPC/bin/../lib/gcc/powerpc-eabi/13.1.0\libgcc.a(eabi.o)
                0x80005634                __eabi
 .text          0x8000567c       0x58 C:/devkitPro/devkitPPC/bin/../lib/gcc/powerpc-eabi/13.1.0\libgcc.a(crtresxfpr.o)
                0x8000567c                _restfpr_14_x
                0x80005680                _restfpr_15_x
                0x80005684                _restfpr_16_x
                0x80005688                _restfpr_17_x
                0x8000568c                _restfpr_18_x
                0x80005690                _restfpr_19_x
                0x80005694                _restfpr_20_x
                0x80005698                _restfpr_21_x
                0x8000569c                _restfpr_22_x
                0x800056a0                _restfpr_23_x
                0x800056a4                _restfpr_24_x
                0x800056a8                _restfpr_25_x
                0x800056ac                _restfpr_26_x
                0x800056b0                _restfpr_27_x
                0x800056b4                _restfpr_28_x
                0x800056b8                _restfpr_29_x
                0x800056bc                _restfpr_30_x
                0x800056c0                _restfpr_31_x
 .text          0x800056d4       0x58 C:/devkitPro/devkitPPC/bin/../lib/gcc/powerpc-eabi/13.1.0\libgcc.a(crtresxgpr.o)
                0x800056d4                _restgpr_14_x
                0x800056d8                _restgpr_15_x
                0x800056dc                _restgpr_16_x
                0x800056e0                _restgpr_17_x
                0x800056e4                _restgpr_18_x
                0x800056e8                _restgpr_19_x
                0x800056ec                _restgpr_20_x
                0x800056f0                _restgpr_21_x
                0x800056f4                _restgpr_22_x
                0x800056f8                _restgpr_23_x
                0x800056fc                _restgpr_24_x
                0x80005700                _restgpr_25_x
                0x80005704                _restgpr_26_x
                0x80005708                _restgpr_27_x
                0x8000570c                _restgpr_28_x
                0x80005710                _restgpr_29_x
                0x80005714                _restgpr_30_x
                0x80005718                _restgpr_31_x
 *(.text.*)
 .text.__do_global_dtors_aux
                0x8000572c       0xcc C:/devkitPro/devkitPPC/bin/../lib/gcc/powerpc-eabi/13.1.0/crtbegin.o
 .text.frame_dummy
                0x800057f8       0x24 C:/devkitPro/devkitPPC/bin/../lib/gcc/powerpc-eabi/13.1.0/crtbegin.o
 .text.__crtmain
                0x8000581c       0x44 C:/devkitPro/devkitPPC/bin/../lib/gcc/powerpc-eabi/13.1.0/../../../../powerpc-eabi/lib/crtmain.o
                0x80005820                __crtmain
 .text.mp3PlayerThread
                0x80005860       0x58 main.o
                0x80005860                mp3PlayerThread
 .text.streamAsciiThread
                0x800058b8      0x130 main.o
                0x800058b8                streamAsciiThread
 .text.startup.main
                0x800059e8      0x1e0 main.o
                0x800059e8                main
 .text.parse_hex4
                0x80005bc8       0x7c cJSON.o
 .text.parse_string
                0x80005c44      0x3d8 cJSON.o
 .text.buffer_skip_whitespace
                0x8000601c       0xac cJSON.o
 .text.get_object_item
                0x800060c8      0x158 cJSON.o
 .text.cJSON_GetErrorPtr
                0x80006220       0x18 cJSON.o
                0x80006220                cJSON_GetErrorPtr
 .text.cJSON_GetStringValue
                0x80006238       0x28 cJSON.o
                0x80006238                cJSON_GetStringValue
 .text.cJSON_Delete
                0x80006260       0xf4 cJSON.o
                0x80006260                cJSON_Delete
 .text.parse_value
                0x80006354      0x650 cJSON.o
 .text.cJSON_ParseWithLengthOpts
                0x800069a4      0x1e4 cJSON.o
                0x800069a4                cJSON_ParseWithLengthOpts
 .text.cJSON_Parse
                0x80006b88       0x4c cJSON.o
                0x80006b88                cJSON_Parse
 .text.cJSON_GetArraySize
                0x80006bd4       0x44 cJSON.o
                0x80006bd4                cJSON_GetArraySize
 .text.cJSON_GetObjectItemCaseSensitive
                0x80006c18        0x8 cJSON.o
                0x80006c18                cJSON_GetObjectItemCaseSensitive
 .text.cJSON_IsArray
                0x80006c20       0x24 cJSON.o
                0x80006c20                cJSON_IsArray
 .text.__wpad_assign_slot
                0x80006c44      0x254 C:/devkitPro/libogc/lib/wii\libwiiuse.a(wpad.o)
                0x80006c44                __wpad_assign_slot
 .text.__wpad_def_powcb
                0x80006e98        0x4 C:/devkitPro/libogc/lib/wii\libwiiuse.a(wpad.o)
 .text.__readlinkkey_finished
                0x80006e9c       0x34 C:/devkitPro/libogc/lib/wii\libwiiuse.a(wpad.o)
 .text.__wpad_patch_finished
                0x80006ed0       0x2c C:/devkitPro/libogc/lib/wii\libwiiuse.a(wpad.o)
 .text.__wpad_setfmt
                0x80006efc      0x158 C:/devkitPro/libogc/lib/wii\libwiiuse.a(wpad.o)
 .text.__wpad_eventCB
                0x80007054      0xaf4 C:/devkitPro/libogc/lib/wii\libwiiuse.a(wpad.o)
 .text.__wpad_disconnectCB
                0x80007b48       0xd4 C:/devkitPro/libogc/lib/wii\libwiiuse.a(wpad.o)
                0x80007b48                __wpad_disconnectCB
 .text.__wpad_timeouthandler
                0x80007c1c       0xa8 C:/devkitPro/libogc/lib/wii\libwiiuse.a(wpad.o)
 .text.__initcore_finished
                0x80007cc4       0x48 C:/devkitPro/libogc/lib/wii\libwiiuse.a(wpad.o)
 .text.__wpad_init_finished
                0x80007d0c      0x194 C:/devkitPro/libogc/lib/wii\libwiiuse.a(wpad.o)
 .text.WPAD_ReadEvent
                0x80007ea0      0x68c C:/devkitPro/libogc/lib/wii\libwiiuse.a(wpad.o)
                0x80007ea0                WPAD_ReadEvent
 .text.WPAD_ReadPending
                0x8000852c      0x1a0 C:/devkitPro/libogc/lib/wii\libwiiuse.a(wpad.o)
                0x8000852c                WPAD_ReadPending
 .text.WPAD_Shutdown
                0x800086cc      0x110 C:/devkitPro/libogc/lib/wii\libwiiuse.a(wpad.o)
                0x800086cc                WPAD_Shutdown
 .text.WPAD_Init
                0x800087dc      0x2c4 C:/devkitPro/libogc/lib/wii\libwiiuse.a(wpad.o)
                0x800087dc                WPAD_Init
 .text.__wpad_onreset
                0x80008aa0       0x34 C:/devkitPro/libogc/lib/wii\libwiiuse.a(wpad.o)
 .text.WPAD_ScanPads
                0x80008ad4       0x90 C:/devkitPro/libogc/lib/wii\libwiiuse.a(wpad.o)
                0x80008ad4                WPAD_ScanPads
 .text.WPAD_ButtonsDown
                0x80008b64       0x28 C:/devkitPro/libogc/lib/wii\libwiiuse.a(wpad.o)
                0x80008b64                WPAD_ButtonsDown
 .text.motion_plus_disconnected
                0x80008b8c       0x10 C:/devkitPro/libogc/lib/wii\libwiiuse.a(motion_plus.o)
                0x80008b8c                motion_plus_disconnected
 .text.motion_plus_event
                0x80008b9c       0x64 C:/devkitPro/libogc/lib/wii\libwiiuse.a(motion_plus.o)
                0x80008b9c                motion_plus_event
 .text.calculate_gforce
                0x80008c00      0x114 C:/devkitPro/libogc/lib/wii\libwiiuse.a(dynamics.o)
                0x80008c00                calculate_gforce
 .text.calc_joystick_state
                0x80008d14      0x210 C:/devkitPro/libogc/lib/wii\libwiiuse.a(dynamics.o)
                0x80008d14                calc_joystick_state
 .text.apply_smoothing
                0x80008f24      0x120 C:/devkitPro/libogc/lib/wii\libwiiuse.a(dynamics.o)
                0x80008f24                apply_smoothing
 .text.calculate_orientation
                0x80009044      0x340 C:/devkitPro/libogc/lib/wii\libwiiuse.a(dynamics.o)
                0x80009044                calculate_orientation
 .text.calc_balanceboard_state
                0x80009384      0x3a4 C:/devkitPro/libogc/lib/wii\libwiiuse.a(dynamics.o)
                0x80009384                calc_balanceboard_state
 .text.wiiuse_handshake
                0x80009728      0x27c C:/devkitPro/libogc/lib/wii\libwiiuse.a(io.o)
                0x80009728                wiiuse_handshake
 .text.wiiuse_handshake_expansion
                0x800099a4      0x1e8 C:/devkitPro/libogc/lib/wii\libwiiuse.a(io.o)
                0x800099a4                wiiuse_handshake_expansion
 .text.wiiuse_handshake_expansion_start
                0x80009b8c       0x5c C:/devkitPro/libogc/lib/wii\libwiiuse.a(io.o)
                0x80009b8c                wiiuse_handshake_expansion_start
 .text.wiiuse_disable_expansion
                0x80009be8      0x1b0 C:/devkitPro/libogc/lib/wii\libwiiuse.a(io.o)
                0x80009be8                wiiuse_disable_expansion
 .text.__wiiuse_connected
                0x80009d98       0x9c C:/devkitPro/libogc/lib/wii\libwiiuse.a(io_wii.o)
 .text.__wiiuse_disconnected
                0x80009e34       0xb4 C:/devkitPro/libogc/lib/wii\libwiiuse.a(io_wii.o)
 .text.__wiiuse_receive
                0x80009ee8       0xd0 C:/devkitPro/libogc/lib/wii\libwiiuse.a(io_wii.o)
 .text.__wiiuse_sensorbar_enable
                0x80009fb8       0x54 C:/devkitPro/libogc/lib/wii\libwiiuse.a(io_wii.o)
                0x80009fb8                __wiiuse_sensorbar_enable
 .text.wiiuse_register
                0x8000a00c       0xf0 C:/devkitPro/libogc/lib/wii\libwiiuse.a(io_wii.o)
                0x8000a00c                wiiuse_register
 .text.wiiuse_disconnect
                0x8000a0fc       0x24 C:/devkitPro/libogc/lib/wii\libwiiuse.a(io_wii.o)
                0x8000a0fc                wiiuse_disconnect
 .text.wiiuse_init_cmd_queue
                0x8000a120       0x9c C:/devkitPro/libogc/lib/wii\libwiiuse.a(io_wii.o)
                0x8000a120                wiiuse_init_cmd_queue
 .text.wiiuse_io_write
                0x8000a1bc       0x1c C:/devkitPro/libogc/lib/wii\libwiiuse.a(io_wii.o)
                0x8000a1bc                wiiuse_io_write
 .text.rotate_dots
                0x8000a1d8      0x13c C:/devkitPro/libogc/lib/wii\libwiiuse.a(ir.o)
 .text.get_ir_sens.constprop.0.isra.0
                0x8000a314       0xdc C:/devkitPro/libogc/lib/wii\libwiiuse.a(ir.o)
 .text.wiiuse_set_ir_mode
                0x8000a3f0       0x5c C:/devkitPro/libogc/lib/wii\libwiiuse.a(ir.o)
                0x8000a3f0                wiiuse_set_ir_mode
 .text.wiiuse_set_ir
                0x8000a44c      0x208 C:/devkitPro/libogc/lib/wii\libwiiuse.a(ir.o)
                0x8000a44c                wiiuse_set_ir
 .text.wiiuse_set_ir_position
                0x8000a654       0x80 C:/devkitPro/libogc/lib/wii\libwiiuse.a(ir.o)
                0x8000a654                wiiuse_set_ir_position
 .text.wiiuse_set_aspect_ratio
                0x8000a6d4       0xac C:/devkitPro/libogc/lib/wii\libwiiuse.a(ir.o)
                0x8000a6d4                wiiuse_set_aspect_ratio
 .text.wiiuse_set_ir_sensitivity
                0x8000a780       0xd0 C:/devkitPro/libogc/lib/wii\libwiiuse.a(ir.o)
                0x8000a780                wiiuse_set_ir_sensitivity
 .text.calculate_basic_ir
                0x8000a850       0xe8 C:/devkitPro/libogc/lib/wii\libwiiuse.a(ir.o)
                0x8000a850                calculate_basic_ir
 .text.calculate_extended_ir
                0x8000a938       0x64 C:/devkitPro/libogc/lib/wii\libwiiuse.a(ir.o)
                0x8000a938                calculate_extended_ir
 .text.find_sensorbar
                0x8000a99c      0x9f4 C:/devkitPro/libogc/lib/wii\libwiiuse.a(ir.o)
                0x8000a99c                find_sensorbar
 .text.apply_ir_smoothing
                0x8000b390      0x124 C:/devkitPro/libogc/lib/wii\libwiiuse.a(ir.o)
                0x8000b390                apply_ir_smoothing
 .text.interpret_ir_data
                0x8000b4b4      0x3c8 C:/devkitPro/libogc/lib/wii\libwiiuse.a(ir.o)
                0x8000b4b4                interpret_ir_data
 .text.nunchuk_handshake
                0x8000b87c      0x34c C:/devkitPro/libogc/lib/wii\libwiiuse.a(nunchuk.o)
                0x8000b87c                nunchuk_handshake
 .text.nunchuk_disconnected
                0x8000bbc8        0xc C:/devkitPro/libogc/lib/wii\libwiiuse.a(nunchuk.o)
                0x8000bbc8                nunchuk_disconnected
 .text.nunchuk_event
                0x8000bbd4       0xe8 C:/devkitPro/libogc/lib/wii\libwiiuse.a(nunchuk.o)
                0x8000bbd4                nunchuk_event
 .text.wii_board_handshake
                0x8000bcbc      0x284 C:/devkitPro/libogc/lib/wii\libwiiuse.a(wiiboard.o)
                0x8000bcbc                wii_board_handshake
 .text.wii_board_disconnected
                0x8000bf40        0xc C:/devkitPro/libogc/lib/wii\libwiiuse.a(wiiboard.o)
                0x8000bf40                wii_board_disconnected
 .text.wii_board_event
                0x8000bf4c       0x24 C:/devkitPro/libogc/lib/wii\libwiiuse.a(wiiboard.o)
                0x8000bf4c                wii_board_event
 .text.wiiuse_send_next_command
                0x8000bf70       0x58 C:/devkitPro/libogc/lib/wii\libwiiuse.a(wiiuse.o)
                0x8000bf70                wiiuse_send_next_command
 .text.wiiuse_init
                0x8000bfc8      0x210 C:/devkitPro/libogc/lib/wii\libwiiuse.a(wiiuse.o)
                0x8000bfc8                wiiuse_init
 .text.wiiuse_set_flags
                0x8000c1d8       0x28 C:/devkitPro/libogc/lib/wii\libwiiuse.a(wiiuse.o)
                0x8000c1d8                wiiuse_set_flags
 .text.wiiuse_read_data
                0x8000c200      0x154 C:/devkitPro/libogc/lib/wii\libwiiuse.a(wiiuse.o)
                0x8000c200                wiiuse_read_data
 .text.wiiuse_write_data
                0x8000c354      0x184 C:/devkitPro/libogc/lib/wii\libwiiuse.a(wiiuse.o)
                0x8000c354                wiiuse_write_data
 .text.wiiuse_sendcmd
                0x8000c4d8      0x144 C:/devkitPro/libogc/lib/wii\libwiiuse.a(wiiuse.o)
                0x8000c4d8                wiiuse_sendcmd
 .text.wiiuse_set_leds
                0x8000c61c       0x50 C:/devkitPro/libogc/lib/wii\libwiiuse.a(wiiuse.o)
                0x8000c61c                wiiuse_set_leds
 .text.wiiuse_set_report_type
                0x8000c66c       0xd4 C:/devkitPro/libogc/lib/wii\libwiiuse.a(wiiuse.o)
                0x8000c66c                wiiuse_set_report_type
 .text.wiiuse_status
                0x8000c740       0x4c C:/devkitPro/libogc/lib/wii\libwiiuse.a(wiiuse.o)
                0x8000c740                wiiuse_status
 .text.wiiuse_motion_sensing
                0x8000c78c       0x84 C:/devkitPro/libogc/lib/wii\libwiiuse.a(wiiuse.o)
                0x8000c78c                wiiuse_motion_sensing
 .text.wiiuse_set_speaker
                0x8000c810      0x240 C:/devkitPro/libogc/lib/wii\libwiiuse.a(speaker.o)
                0x8000c810                wiiuse_set_speaker
 .text.classic_ctrl_handshake
                0x8000ca50      0x410 C:/devkitPro/libogc/lib/wii\libwiiuse.a(classic.o)
                0x8000ca50                classic_ctrl_handshake
 .text.classic_ctrl_disconnected
                0x8000ce60        0xc C:/devkitPro/libogc/lib/wii\libwiiuse.a(classic.o)
                0x8000ce60                classic_ctrl_disconnected
 .text.classic_ctrl_event
                0x8000ce6c      0x158 C:/devkitPro/libogc/lib/wii\libwiiuse.a(classic.o)
                0x8000ce6c                classic_ctrl_event
 .text.handle_expansion
                0x8000cfc4       0x54 C:/devkitPro/libogc/lib/wii\libwiiuse.a(events.o)
 .text.parse_event
                0x8000d018      0x730 C:/devkitPro/libogc/lib/wii\libwiiuse.a(events.o)
                0x8000d018                parse_event
 .text.guitar_hero_3_handshake
                0x8000d748       0x5c C:/devkitPro/libogc/lib/wii\libwiiuse.a(guitar_hero_3.o)
                0x8000d748                guitar_hero_3_handshake
 .text.guitar_hero_3_disconnected
                0x8000d7a4        0xc C:/devkitPro/libogc/lib/wii\libwiiuse.a(guitar_hero_3.o)
                0x8000d7a4                guitar_hero_3_disconnected
 .text.guitar_hero_3_event
                0x8000d7b0       0x60 C:/devkitPro/libogc/lib/wii\libwiiuse.a(guitar_hero_3.o)
                0x8000d7b0                guitar_hero_3_event
 .text.acl_wlp_completed
                0x8000d810        0x8 C:/devkitPro/libogc/lib/wii\libbte.a(bte.o)
                0x8000d810                acl_wlp_completed
 .text.bt_alarmhandler
                0x8000d818       0x58 C:/devkitPro/libogc/lib/wii\libbte.a(bte.o)
 .text.__bte_send_pending_request
                0x8000d870      0x108 C:/devkitPro/libogc/lib/wii\libbte.a(bte.o)
 .text.acl_conn_complete
                0x8000d978       0x2c C:/devkitPro/libogc/lib/wii\libbte.a(bte.o)
                0x8000d978                acl_conn_complete
 .text.l2cap_accepted
                0x8000d9a4      0x128 C:/devkitPro/libogc/lib/wii\libbte.a(bte.o)
                0x8000d9a4                l2cap_accepted
 .text.bte_process_input
                0x8000dacc      0x128 C:/devkitPro/libogc/lib/wii\libbte.a(bte.o)
 .text.l2cap_disconnect_cfm
                0x8000dbf4      0x19c C:/devkitPro/libogc/lib/wii\libbte.a(bte.o)
                0x8000dbf4                l2cap_disconnect_cfm
 .text.l2cap_disconnected_ind
                0x8000dd90      0x1a4 C:/devkitPro/libogc/lib/wii\libbte.a(bte.o)
                0x8000dd90                l2cap_disconnected_ind
 .text.__bte_shutdown_finished
                0x8000df34       0xe0 C:/devkitPro/libogc/lib/wii\libbte.a(bte.o)
 .text.bte_hci_apply_patch_complete
                0x8000e014      0x164 C:/devkitPro/libogc/lib/wii\libbte.a(bte.o)
                0x8000e014                bte_hci_apply_patch_complete
 .text.bte_hci_patch_complete
                0x8000e178      0x384 C:/devkitPro/libogc/lib/wii\libbte.a(bte.o)
                0x8000e178                bte_hci_patch_complete
 .text.bte_hci_initcore_complete
                0x8000e4fc      0x27c C:/devkitPro/libogc/lib/wii\libbte.a(bte.o)
                0x8000e4fc                bte_hci_initcore_complete
 .text.bte_read_stored_link_key_complete
                0x8000e778      0x284 C:/devkitPro/libogc/lib/wii\libbte.a(bte.o)
                0x8000e778                bte_read_stored_link_key_complete
 .text.bte_hci_initcore_complete2
                0x8000e9fc      0x228 C:/devkitPro/libogc/lib/wii\libbte.a(bte.o)
 .text.bte_hci_initsub_complete
                0x8000ec24      0x2b4 C:/devkitPro/libogc/lib/wii\libbte.a(bte.o)
                0x8000ec24                bte_hci_initsub_complete
 .text.BTE_Init
                0x8000eed8      0x138 C:/devkitPro/libogc/lib/wii\libbte.a(bte.o)
                0x8000eed8                BTE_Init
 .text.BTE_Shutdown
                0x8000f010      0x100 C:/devkitPro/libogc/lib/wii\libbte.a(bte.o)
                0x8000f010                BTE_Shutdown
 .text.BTE_InitCore
                0x8000f110       0x8c C:/devkitPro/libogc/lib/wii\libbte.a(bte.o)
                0x8000f110                BTE_InitCore
 .text.BTE_ApplyPatch
                0x8000f19c       0xa4 C:/devkitPro/libogc/lib/wii\libbte.a(bte.o)
                0x8000f19c                BTE_ApplyPatch
 .text.BTE_InitSub
                0x8000f240       0x90 C:/devkitPro/libogc/lib/wii\libbte.a(bte.o)
                0x8000f240                BTE_InitSub
 .text.BTE_ReadStoredLinkKey
                0x8000f2d0       0x90 C:/devkitPro/libogc/lib/wii\libbte.a(bte.o)
                0x8000f2d0                BTE_ReadStoredLinkKey
 .text.BTE_SetDisconnectCallback
                0x8000f360        0x4 C:/devkitPro/libogc/lib/wii\libbte.a(bte.o)
                0x8000f360                BTE_SetDisconnectCallback
 .text.bte_new  0x8000f364       0x54 C:/devkitPro/libogc/lib/wii\libbte.a(bte.o)
                0x8000f364                bte_new
 .text.bte_registerdeviceasync
                0x8000f3b8      0x158 C:/devkitPro/libogc/lib/wii\libbte.a(bte.o)
                0x8000f3b8                bte_registerdeviceasync
 .text.bte_disconnect
                0x8000f510       0xd8 C:/devkitPro/libogc/lib/wii\libbte.a(bte.o)
                0x8000f510                bte_disconnect
 .text.bte_senddata
                0x8000f5e8      0x100 C:/devkitPro/libogc/lib/wii\libbte.a(bte.o)
                0x8000f5e8                bte_senddata
 .text.bte_arg  0x8000f6e8       0x38 C:/devkitPro/libogc/lib/wii\libbte.a(bte.o)
                0x8000f6e8                bte_arg
 .text.bte_received
                0x8000f720       0x38 C:/devkitPro/libogc/lib/wii\libbte.a(bte.o)
                0x8000f720                bte_received
 .text.bte_disconnected
                0x8000f758       0x38 C:/devkitPro/libogc/lib/wii\libbte.a(bte.o)
                0x8000f758                bte_disconnected
 .text.hci_get_link
                0x8000f790       0x84 C:/devkitPro/libogc/lib/wii\libbte.a(hci.o)
 .text.hci_init
                0x8000f814       0x80 C:/devkitPro/libogc/lib/wii\libbte.a(hci.o)
                0x8000f814                hci_init
 .text.hci_close
                0x8000f894       0xd0 C:/devkitPro/libogc/lib/wii\libbte.a(hci.o)
                0x8000f894                hci_close
 .text.hci_reset_all
                0x8000f964       0xb8 C:/devkitPro/libogc/lib/wii\libbte.a(hci.o)
                0x8000f964                hci_reset_all
 .text.hci_arg  0x8000fa1c        0xc C:/devkitPro/libogc/lib/wii\libbte.a(hci.o)
                0x8000fa1c                hci_arg
 .text.hci_cmd_complete
                0x8000fa28        0xc C:/devkitPro/libogc/lib/wii\libbte.a(hci.o)
                0x8000fa28                hci_cmd_complete
 .text.hci_connection_complete
                0x8000fa34        0xc C:/devkitPro/libogc/lib/wii\libbte.a(hci.o)
                0x8000fa34                hci_connection_complete
 .text.hci_wlp_complete
                0x8000fa40        0xc C:/devkitPro/libogc/lib/wii\libbte.a(hci.o)
                0x8000fa40                hci_wlp_complete
 .text.hci_reset
                0x8000fa4c       0xac C:/devkitPro/libogc/lib/wii\libbte.a(hci.o)
                0x8000fa4c                hci_reset
 .text.hci_read_buffer_size
                0x8000faf8       0xac C:/devkitPro/libogc/lib/wii\libbte.a(hci.o)
                0x8000faf8                hci_read_buffer_size
 .text.hci_read_bd_addr
                0x8000fba4       0xac C:/devkitPro/libogc/lib/wii\libbte.a(hci.o)
                0x8000fba4                hci_read_bd_addr
 .text.hci_read_local_version
                0x8000fc50       0xa8 C:/devkitPro/libogc/lib/wii\libbte.a(hci.o)
                0x8000fc50                hci_read_local_version
 .text.hci_read_local_features
                0x8000fcf8       0xac C:/devkitPro/libogc/lib/wii\libbte.a(hci.o)
                0x8000fcf8                hci_read_local_features
 .text.hci_read_stored_link_key
                0x8000fda4      0x100 C:/devkitPro/libogc/lib/wii\libbte.a(hci.o)
                0x8000fda4                hci_read_stored_link_key
 .text.hci_write_page_timeout
                0x8000fea4       0xd0 C:/devkitPro/libogc/lib/wii\libbte.a(hci.o)
                0x8000fea4                hci_write_page_timeout
 .text.hci_write_scan_enable
                0x8000ff74       0xbc C:/devkitPro/libogc/lib/wii\libbte.a(hci.o)
                0x8000ff74                hci_write_scan_enable
 .text.hci_accecpt_conn_request
                0x80010030       0xe0 C:/devkitPro/libogc/lib/wii\libbte.a(hci.o)
                0x80010030                hci_accecpt_conn_request
 .text.hci_write_local_name
                0x80010110       0xd8 C:/devkitPro/libogc/lib/wii\libbte.a(hci.o)
                0x80010110                hci_write_local_name
 .text.hci_write_pin_type
                0x800101e8       0xbc C:/devkitPro/libogc/lib/wii\libbte.a(hci.o)
                0x800101e8                hci_write_pin_type
 .text.hci_write_inquiry_mode
                0x800102a4       0xbc C:/devkitPro/libogc/lib/wii\libbte.a(hci.o)
                0x800102a4                hci_write_inquiry_mode
 .text.hci_write_page_scan_type
                0x80010360       0xbc C:/devkitPro/libogc/lib/wii\libbte.a(hci.o)
                0x80010360                hci_write_page_scan_type
 .text.hci_write_inquiry_scan_type
                0x8001041c       0xbc C:/devkitPro/libogc/lib/wii\libbte.a(hci.o)
                0x8001041c                hci_write_inquiry_scan_type
 .text.hci_vendor_specific_command
                0x800104d8       0xe8 C:/devkitPro/libogc/lib/wii\libbte.a(hci.o)
                0x800104d8                hci_vendor_specific_command
 .text.hci_write_link_policy_settings
                0x800105c0      0x104 C:/devkitPro/libogc/lib/wii\libbte.a(hci.o)
                0x800105c0                hci_write_link_policy_settings
 .text.hci_pin_code_request_neg_reply
                0x800106c4       0xcc C:/devkitPro/libogc/lib/wii\libbte.a(hci.o)
                0x800106c4                hci_pin_code_request_neg_reply
 .text.hci_link_key_req_neg_reply
                0x80010790       0xcc C:/devkitPro/libogc/lib/wii\libbte.a(hci.o)
                0x80010790                hci_link_key_req_neg_reply
 .text.hci_disconnect
                0x8001085c       0xfc C:/devkitPro/libogc/lib/wii\libbte.a(hci.o)
                0x8001085c                hci_disconnect
 .text.hci_write_cod
                0x80010958       0xcc C:/devkitPro/libogc/lib/wii\libbte.a(hci.o)
                0x80010958                hci_write_cod
 .text.hci_host_buffer_size
                0x80010a24      0x10c C:/devkitPro/libogc/lib/wii\libbte.a(hci.o)
                0x80010a24                hci_host_buffer_size
 .text.hci_host_num_comp_packets
                0x80010b30      0x108 C:/devkitPro/libogc/lib/wii\libbte.a(hci.o)
                0x80010b30                hci_host_num_comp_packets
 .text.lp_pdu_maxsize
                0x80010c38        0xc C:/devkitPro/libogc/lib/wii\libbte.a(hci.o)
                0x80010c38                lp_pdu_maxsize
 .text.lp_acl_write
                0x80010c44      0x158 C:/devkitPro/libogc/lib/wii\libbte.a(hci.o)
                0x80010c44                lp_acl_write
 .text.lp_write_flush_timeout
                0x80010d9c      0x104 C:/devkitPro/libogc/lib/wii\libbte.a(hci.o)
                0x80010d9c                lp_write_flush_timeout
 .text.hci_event_handler
                0x80010ea0      0xc74 C:/devkitPro/libogc/lib/wii\libbte.a(hci.o)
                0x80010ea0                hci_event_handler
 .text.hci_acldata_handler
                0x80011b14      0x11c C:/devkitPro/libogc/lib/wii\libbte.a(hci.o)
                0x80011b14                hci_acldata_handler
 .text.l2cap_init
                0x80011c30       0x60 C:/devkitPro/libogc/lib/wii\libbte.a(l2cap.o)
                0x80011c30                l2cap_init
 .text.l2cap_write
                0x80011c90      0x1a0 C:/devkitPro/libogc/lib/wii\libbte.a(l2cap.o)
                0x80011c90                l2cap_write
 .text.l2cap_new
                0x80011e30       0x60 C:/devkitPro/libogc/lib/wii\libbte.a(l2cap.o)
                0x80011e30                l2cap_new
 .text.l2cap_close
                0x80011e90      0x1d4 C:/devkitPro/libogc/lib/wii\libbte.a(l2cap.o)
                0x80011e90                l2cap_close
 .text.l2cap_reset_all
                0x80012064      0x154 C:/devkitPro/libogc/lib/wii\libbte.a(l2cap.o)
                0x80012064                l2cap_reset_all
 .text.l2cap_signal
                0x800121b8      0x204 C:/devkitPro/libogc/lib/wii\libbte.a(l2cap.o)
                0x800121b8                l2cap_signal
 .text.l2ca_config_req
                0x800123bc      0x158 C:/devkitPro/libogc/lib/wii\libbte.a(l2cap.o)
                0x800123bc                l2ca_config_req
 .text.l2ca_disconnect_req
                0x80012514       0xcc C:/devkitPro/libogc/lib/wii\libbte.a(l2cap.o)
                0x80012514                l2ca_disconnect_req
 .text.l2cap_tmr
                0x800125e0      0x260 C:/devkitPro/libogc/lib/wii\libbte.a(l2cap.o)
                0x800125e0                l2cap_tmr
 .text.l2cap_process_sig
                0x80012840     0x12e8 C:/devkitPro/libogc/lib/wii\libbte.a(l2cap.o)
                0x80012840                l2cap_process_sig
 .text.l2cap_input
                0x80013b28      0x574 C:/devkitPro/libogc/lib/wii\libbte.a(l2cap.o)
                0x80013b28                l2cap_input
 .text.l2ca_datawrite
                0x8001409c      0x124 C:/devkitPro/libogc/lib/wii\libbte.a(l2cap.o)
                0x8001409c                l2ca_datawrite
 .text.lp_connect_cfm
                0x800141c0      0x184 C:/devkitPro/libogc/lib/wii\libbte.a(l2cap.o)
                0x800141c0                lp_connect_cfm
 .text.lp_connect_ind
                0x80014344        0x4 C:/devkitPro/libogc/lib/wii\libbte.a(l2cap.o)
                0x80014344                lp_connect_ind
 .text.lp_disconnect_ind
                0x80014348      0x124 C:/devkitPro/libogc/lib/wii\libbte.a(l2cap.o)
                0x80014348                lp_disconnect_ind
 .text.l2cap_disconnect_bb
                0x8001446c       0x10 C:/devkitPro/libogc/lib/wii\libbte.a(l2cap.o)
                0x8001446c                l2cap_disconnect_bb
 .text.l2cap_arg
                0x8001447c        0x8 C:/devkitPro/libogc/lib/wii\libbte.a(l2cap.o)
                0x8001447c                l2cap_arg
 .text.l2cap_connect_ind
                0x80014484      0x104 C:/devkitPro/libogc/lib/wii\libbte.a(l2cap.o)
                0x80014484                l2cap_connect_ind
 .text.l2cap_disconnect_ind
                0x80014588        0x8 C:/devkitPro/libogc/lib/wii\libbte.a(l2cap.o)
                0x80014588                l2cap_disconnect_ind
 .text.l2cap_recv
                0x80014590        0x8 C:/devkitPro/libogc/lib/wii\libbte.a(l2cap.o)
                0x80014590                l2cap_recv
 .text.btmemb_init
                0x80014598       0x24 C:/devkitPro/libogc/lib/wii\libbte.a(btmemb.o)
                0x80014598                btmemb_init
 .text.btmemb_alloc
                0x800145bc       0x98 C:/devkitPro/libogc/lib/wii\libbte.a(btmemb.o)
                0x800145bc                btmemb_alloc
 .text.btmemb_free
                0x80014654      0x114 C:/devkitPro/libogc/lib/wii\libbte.a(btmemb.o)
                0x80014654                btmemb_free
 .text.plug_holes
                0x80014768       0xac C:/devkitPro/libogc/lib/wii\libbte.a(btmemr.o)
 .text.btmemr_init
                0x80014814       0xa4 C:/devkitPro/libogc/lib/wii\libbte.a(btmemr.o)
                0x80014814                btmemr_init
 .text.btmemr_malloc
                0x800148b8      0x17c C:/devkitPro/libogc/lib/wii\libbte.a(btmemr.o)
                0x800148b8                btmemr_malloc
 .text.btmemr_free
                0x80014a34       0x98 C:/devkitPro/libogc/lib/wii\libbte.a(btmemr.o)
                0x80014a34                btmemr_free
 .text.btmemr_realloc
                0x80014acc      0x108 C:/devkitPro/libogc/lib/wii\libbte.a(btmemr.o)
                0x80014acc                btmemr_realloc
 .text.btpbuf_init
                0x80014bd4       0x28 C:/devkitPro/libogc/lib/wii\libbte.a(btpbuf.o)
                0x80014bd4                btpbuf_init
 .text.btpbuf_free
                0x80014bfc      0x11c C:/devkitPro/libogc/lib/wii\libbte.a(btpbuf.o)
                0x80014bfc                btpbuf_free
 .text.btpbuf_alloc
                0x80014d18      0x258 C:/devkitPro/libogc/lib/wii\libbte.a(btpbuf.o)
                0x80014d18                btpbuf_alloc
 .text.btpbuf_realloc
                0x80014f70      0x110 C:/devkitPro/libogc/lib/wii\libbte.a(btpbuf.o)
                0x80014f70                btpbuf_realloc
 .text.btpbuf_header
                0x80015080       0x88 C:/devkitPro/libogc/lib/wii\libbte.a(btpbuf.o)
                0x80015080                btpbuf_header
 .text.btpbuf_ref
                0x80015108       0x48 C:/devkitPro/libogc/lib/wii\libbte.a(btpbuf.o)
                0x80015108                btpbuf_ref
 .text.btpbuf_chain
                0x80015150       0x9c C:/devkitPro/libogc/lib/wii\libbte.a(btpbuf.o)
                0x80015150                btpbuf_chain
 .text.btpbuf_dechain
                0x800151ec       0x7c C:/devkitPro/libogc/lib/wii\libbte.a(btpbuf.o)
                0x800151ec                btpbuf_dechain
 .text.btpbuf_take
                0x80015268      0x13c C:/devkitPro/libogc/lib/wii\libbte.a(btpbuf.o)
                0x80015268                btpbuf_take
 .text.__usb_closeCB
                0x800153a4       0x10 C:/devkitPro/libogc/lib/wii\libbte.a(physbusif.o)
 .text.__writebulkmsgCB
                0x800153b4       0x3c C:/devkitPro/libogc/lib/wii\libbte.a(physbusif.o)
 .text.__writectrlmsgCB
                0x800153f0       0x3c C:/devkitPro/libogc/lib/wii\libbte.a(physbusif.o)
 .text.__issue_intrread.part.0
                0x8001542c       0x80 C:/devkitPro/libogc/lib/wii\libbte.a(physbusif.o)
 .text.__readintrdataCB
                0x800154ac      0x148 C:/devkitPro/libogc/lib/wii\libbte.a(physbusif.o)
 .text.__issue_bulkread.part.0
                0x800155f4       0x80 C:/devkitPro/libogc/lib/wii\libbte.a(physbusif.o)
 .text.__readbulkdataCB
                0x80015674      0x148 C:/devkitPro/libogc/lib/wii\libbte.a(physbusif.o)
 .text.physbusif_init
                0x800157bc      0x1ec C:/devkitPro/libogc/lib/wii\libbte.a(physbusif.o)
                0x800157bc                physbusif_init
 .text.physbusif_close
                0x800159a8       0x20 C:/devkitPro/libogc/lib/wii\libbte.a(physbusif.o)
                0x800159a8                physbusif_close
 .text.physbusif_shutdown
                0x800159c8       0x24 C:/devkitPro/libogc/lib/wii\libbte.a(physbusif.o)
                0x800159c8                physbusif_shutdown
 .text.physbusif_reset_all
                0x800159ec        0x4 C:/devkitPro/libogc/lib/wii\libbte.a(physbusif.o)
                0x800159ec                physbusif_reset_all
 .text.physbusif_output
                0x800159f0      0x1c4 C:/devkitPro/libogc/lib/wii\libbte.a(physbusif.o)
                0x800159f0                physbusif_output
 .text.Do3Band  0x80015bb4      0x128 C:/devkitPro/libogc/lib/wii\libmad.a(mp3player.o)
 .text._mp3ramcopy
                0x80015cdc       0x7c C:/devkitPro/libogc/lib/wii\libmad.a(mp3player.o)
 .text.StreamPlay
                0x80015d58      0x664 C:/devkitPro/libogc/lib/wii\libmad.a(mp3player.o)
 .text.DataTransferCallback
                0x800163bc      0x540 C:/devkitPro/libogc/lib/wii\libmad.a(mp3player.o)
 .text.MP3Player_Init
                0x800168fc       0x3c C:/devkitPro/libogc/lib/wii\libmad.a(mp3player.o)
                0x800168fc                MP3Player_Init
 .text.MP3Player_PlayBuffer
                0x80016938       0x88 C:/devkitPro/libogc/lib/wii\libmad.a(mp3player.o)
                0x80016938                MP3Player_PlayBuffer
 .text.MP3Player_IsPlaying
                0x800169c0        0x8 C:/devkitPro/libogc/lib/wii\libmad.a(mp3player.o)
                0x800169c0                MP3Player_IsPlaying
 .text.decode_header
                0x800169c8      0x2c0 C:/devkitPro/libogc/lib/wii\libmad.a(frame.o)
 .text.mad_frame_init
                0x80016c88       0x54 C:/devkitPro/libogc/lib/wii\libmad.a(frame.o)
                0x80016c88                mad_frame_init
 .text.mad_frame_finish
                0x80016cdc       0x40 C:/devkitPro/libogc/lib/wii\libmad.a(frame.o)
                0x80016cdc                mad_frame_finish
 .text.mad_header_decode
                0x80016d1c      0x4bc C:/devkitPro/libogc/lib/wii\libmad.a(frame.o)
                0x80016d1c                mad_header_decode
 .text.mad_frame_decode
                0x800171d8       0xf8 C:/devkitPro/libogc/lib/wii\libmad.a(frame.o)
                0x800171d8                mad_frame_decode
 .text.I_sample
                0x800172d0       0x80 C:/devkitPro/libogc/lib/wii\libmad.a(layer12.o)
 .text.II_samples
                0x80017350      0x134 C:/devkitPro/libogc/lib/wii\libmad.a(layer12.o)
 .text.mad_layer_I
                0x80017484      0x4b4 C:/devkitPro/libogc/lib/wii\libmad.a(layer12.o)
                0x80017484                mad_layer_I
 .text.mad_layer_II
                0x80017938      0xa04 C:/devkitPro/libogc/lib/wii\libmad.a(layer12.o)
                0x80017938                mad_layer_II
 .text.III_requantize
                0x8001833c       0xb8 C:/devkitPro/libogc/lib/wii\libmad.a(layer3.o)
 .text.III_aliasreduce
                0x800183f4       0xe4 C:/devkitPro/libogc/lib/wii\libmad.a(layer3.o)
 .text.III_imdct_l
                0x800184d8     0x1810 C:/devkitPro/libogc/lib/wii\libmad.a(layer3.o)
 .text.III_imdct_s
                0x80019ce8      0x2d8 C:/devkitPro/libogc/lib/wii\libmad.a(layer3.o)
 .text.III_freqinver
                0x80019fc0       0x88 C:/devkitPro/libogc/lib/wii\libmad.a(layer3.o)
 .text.III_decode
                0x8001a048     0x1f78 C:/devkitPro/libogc/lib/wii\libmad.a(layer3.o)
 .text.mad_layer_III
                0x8001bfc0      0x84c C:/devkitPro/libogc/lib/wii\libmad.a(layer3.o)
                0x8001bfc0                mad_layer_III
 .text.mad_stream_init
                0x8001c80c       0x7c C:/devkitPro/libogc/lib/wii\libmad.a(stream.o)
                0x8001c80c                mad_stream_init
 .text.mad_stream_finish
                0x8001c888       0x40 C:/devkitPro/libogc/lib/wii\libmad.a(stream.o)
                0x8001c888                mad_stream_finish
 .text.mad_stream_buffer
                0x8001c8c8       0x28 C:/devkitPro/libogc/lib/wii\libmad.a(stream.o)
                0x8001c8c8                mad_stream_buffer
 .text.mad_stream_sync
                0x8001c8f0       0xa0 C:/devkitPro/libogc/lib/wii\libmad.a(stream.o)
                0x8001c8f0                mad_stream_sync
 .text.dct32    0x8001c990      0xea8 C:/devkitPro/libogc/lib/wii\libmad.a(synth.o)
 .text.synth_full
                0x8001d838      0x83c C:/devkitPro/libogc/lib/wii\libmad.a(synth.o)
 .text.synth_half
                0x8001e074      0x858 C:/devkitPro/libogc/lib/wii\libmad.a(synth.o)
 .text.mad_synth_mute
                0x8001e8cc       0x40 C:/devkitPro/libogc/lib/wii\libmad.a(synth.o)
                0x8001e8cc                mad_synth_mute
 .text.mad_synth_init
                0x8001e90c       0x3c C:/devkitPro/libogc/lib/wii\libmad.a(synth.o)
                0x8001e90c                mad_synth_init
 .text.mad_synth_frame
                0x8001e948      0x154 C:/devkitPro/libogc/lib/wii\libmad.a(synth.o)
                0x8001e948                mad_synth_frame
 .text.scale_rational
                0x8001ea9c       0xe4 C:/devkitPro/libogc/lib/wii\libmad.a(timer.o)
 .text.mad_timer_set
                0x8001eb80      0x1a4 C:/devkitPro/libogc/lib/wii\libmad.a(timer.o)
                0x8001eb80                mad_timer_set
 .text.mad_timer_add
                0x8001ed24       0x60 C:/devkitPro/libogc/lib/wii\libmad.a(timer.o)
                0x8001ed24                mad_timer_add
 .text.mad_bit_init
                0x8001ed84       0x10 C:/devkitPro/libogc/lib/wii\libmad.a(bit.o)
                0x8001ed84                mad_bit_init
 .text.mad_bit_length
                0x8001ed94       0x2c C:/devkitPro/libogc/lib/wii\libmad.a(bit.o)
                0x8001ed94                mad_bit_length
 .text.mad_bit_nextbyte
                0x8001edc0       0x18 C:/devkitPro/libogc/lib/wii\libmad.a(bit.o)
                0x8001edc0                mad_bit_nextbyte
 .text.mad_bit_skip
                0x8001edd8       0x60 C:/devkitPro/libogc/lib/wii\libmad.a(bit.o)
                0x8001edd8                mad_bit_skip
 .text.mad_bit_read
                0x8001ee38      0x114 C:/devkitPro/libogc/lib/wii\libmad.a(bit.o)
                0x8001ee38                mad_bit_read
 .text.mad_bit_crc
                0x8001ef4c      0x1ec C:/devkitPro/libogc/lib/wii\libmad.a(bit.o)
                0x8001ef4c                mad_bit_crc
 .text.__dsp_donecallback
                0x8001f138        0xc C:/devkitPro/libogc/lib/wii\libasnd.a(asndlib.o)
 .text.__dsp_initcallback
                0x8001f144       0x58 C:/devkitPro/libogc/lib/wii\libasnd.a(asndlib.o)
 .text.audio_dma_callback
                0x8001f19c      0x5a0 C:/devkitPro/libogc/lib/wii\libasnd.a(asndlib.o)
 .text.__dsp_requestcallback
                0x8001f73c      0x65c C:/devkitPro/libogc/lib/wii\libasnd.a(asndlib.o)
 .text.ASND_Init
                0x8001fd98      0x1c0 C:/devkitPro/libogc/lib/wii\libasnd.a(asndlib.o)
                0x8001fd98                ASND_Init
 .text.ASND_SetVoice
                0x8001ff58      0x200 C:/devkitPro/libogc/lib/wii\libasnd.a(asndlib.o)
                0x8001ff58                ASND_SetVoice
 .text.ASND_AddVoice
                0x80020158      0x110 C:/devkitPro/libogc/lib/wii\libasnd.a(asndlib.o)
                0x80020158                ASND_AddVoice
 .text.ASND_TestPointer
                0x80020268       0x78 C:/devkitPro/libogc/lib/wii\libasnd.a(asndlib.o)
                0x80020268                ASND_TestPointer
 .text.ASND_StopVoice
                0x800202e0       0x74 C:/devkitPro/libogc/lib/wii\libasnd.a(asndlib.o)
                0x800202e0                ASND_StopVoice
 .text.ASND_StatusVoice
                0x80020354       0x8c C:/devkitPro/libogc/lib/wii\libasnd.a(asndlib.o)
                0x80020354                ASND_StatusVoice
 .text.ASND_Pause
                0x800203e0        0x8 C:/devkitPro/libogc/lib/wii\libasnd.a(asndlib.o)
                0x800203e0                ASND_Pause
 .text.__console_clear_line
                0x800203e8       0x98 C:/devkitPro/libogc/lib/wii\libogc.a(console.o)
 .text.__console_clear
                0x80020480       0xbc C:/devkitPro/libogc/lib/wii\libogc.a(console.o)
 .text.__console_write
                0x8002053c      0x82c C:/devkitPro/libogc/lib/wii\libogc.a(console.o)
                0x8002053c                __console_write
 .text.__console_init
                0x80020d68      0x120 C:/devkitPro/libogc/lib/wii\libogc.a(console.o)
                0x80020d68                __console_init
 .text.CON_Init
                0x80020e88        0x4 C:/devkitPro/libogc/lib/wii\libogc.a(console.o)
                0x80020e88                CON_Init
 .text.CON_EnableGecko
                0x80020e8c      0x100 C:/devkitPro/libogc/lib/wii\libogc.a(console.o)
                0x80020e8c                CON_EnableGecko
 .text.__lwp_queue_initialize
                0x80020f8c       0x98 C:/devkitPro/libogc/lib/wii\libogc.a(lwp_queue.o)
                0x80020f8c                __lwp_queue_initialize
 .text.__lwp_queue_get
                0x80021024       0x74 C:/devkitPro/libogc/lib/wii\libogc.a(lwp_queue.o)
                0x80021024                __lwp_queue_get
 .text.__lwp_queue_append
                0x80021098       0x4c C:/devkitPro/libogc/lib/wii\libogc.a(lwp_queue.o)
                0x80021098                __lwp_queue_append
 .text.__lwp_isr_in_progress
                0x800210e4        0x8 C:/devkitPro/libogc/lib/wii\libogc.a(lwp_threads.o)
                0x800210e4                __lwp_isr_in_progress
 .text.__thread_dispatch_fp
                0x800210ec       0x88 C:/devkitPro/libogc/lib/wii\libogc.a(lwp_threads.o)
                0x800210ec                __thread_dispatch_fp
 .text.__thread_dispatch
                0x80021174      0x110 C:/devkitPro/libogc/lib/wii\libogc.a(lwp_threads.o)
                0x80021174                __thread_dispatch
 .text.__lwp_thread_resettimeslice
                0x80021284       0xb4 C:/devkitPro/libogc/lib/wii\libogc.a(lwp_threads.o)
                0x80021284                __lwp_thread_resettimeslice
 .text.__lwp_thread_tickle_timeslice
                0x80021338       0xc8 C:/devkitPro/libogc/lib/wii\libogc.a(lwp_threads.o)
                0x80021338                __lwp_thread_tickle_timeslice
 .text.__lwp_thread_setstate
                0x80021400      0x16c C:/devkitPro/libogc/lib/wii\libogc.a(lwp_threads.o)
                0x80021400                __lwp_thread_setstate
 .text.__lwp_thread_clearstate
                0x8002156c       0xe4 C:/devkitPro/libogc/lib/wii\libogc.a(lwp_threads.o)
                0x8002156c                __lwp_thread_clearstate
 .text.__lwp_thread_delayended
                0x80021650       0x48 C:/devkitPro/libogc/lib/wii\libogc.a(lwp_threads.o)
                0x80021650                __lwp_thread_delayended
 .text.__lwp_thread_settransient
                0x80021698       0xb4 C:/devkitPro/libogc/lib/wii\libogc.a(lwp_threads.o)
                0x80021698                __lwp_thread_settransient
 .text.__lwp_thread_changepriority
                0x8002174c      0x1f8 C:/devkitPro/libogc/lib/wii\libogc.a(lwp_threads.o)
                0x8002174c                __lwp_thread_changepriority
 .text.__lwp_thread_ready
                0x80021944       0xf0 C:/devkitPro/libogc/lib/wii\libogc.a(lwp_threads.o)
                0x80021944                __lwp_thread_ready
 .text.__lwp_thread_init
                0x80021a34      0x16c C:/devkitPro/libogc/lib/wii\libogc.a(lwp_threads.o)
                0x80021a34                __lwp_thread_init
 .text.__lwp_thread_close
                0x80021ba0      0x138 C:/devkitPro/libogc/lib/wii\libogc.a(lwp_threads.o)
                0x80021ba0                __lwp_thread_close
 .text.__lwp_thread_handler
                0x80021cd8       0xd8 C:/devkitPro/libogc/lib/wii\libogc.a(lwp_threads.o)
 .text.__lwp_thread_closeall
                0x80021db0       0xb0 C:/devkitPro/libogc/lib/wii\libogc.a(lwp_threads.o)
                0x80021db0                __lwp_thread_closeall
 .text.__lwp_thread_start
                0x80021e60       0xe8 C:/devkitPro/libogc/lib/wii\libogc.a(lwp_threads.o)
                0x80021e60                __lwp_thread_start
 .text.__lwp_thread_startmultitasking
                0x80021f48       0xac C:/devkitPro/libogc/lib/wii\libogc.a(lwp_threads.o)
                0x80021f48                __lwp_thread_startmultitasking
 .text.__lwp_thread_stopmultitasking
                0x80021ff4       0x58 C:/devkitPro/libogc/lib/wii\libogc.a(lwp_threads.o)
                0x80021ff4                __lwp_thread_stopmultitasking
 .text.__lwp_thread_coreinit
                0x8002204c       0xc4 C:/devkitPro/libogc/lib/wii\libogc.a(lwp_threads.o)
                0x8002204c                __lwp_thread_coreinit
 .text.idle_func
                0x80022110        0x4 C:/devkitPro/libogc/lib/wii\libogc.a(lwp.o)
 .text.__lwp_sysinit
                0x80022114      0x114 C:/devkitPro/libogc/lib/wii\libogc.a(lwp.o)
                0x80022114                __lwp_sysinit
 .text.LWP_CreateThread
                0x80022228      0x1a8 C:/devkitPro/libogc/lib/wii\libogc.a(lwp.o)
                0x80022228                LWP_CreateThread
 .text.LWP_SetThreadPriority
                0x800223d0       0xbc C:/devkitPro/libogc/lib/wii\libogc.a(lwp.o)
                0x800223d0                LWP_SetThreadPriority
 .text.LWP_InitQueue
                0x8002248c      0x140 C:/devkitPro/libogc/lib/wii\libogc.a(lwp.o)
                0x8002248c                LWP_InitQueue
 .text.LWP_CloseQueue
                0x800225cc       0xd4 C:/devkitPro/libogc/lib/wii\libogc.a(lwp.o)
                0x800225cc                LWP_CloseQueue
 .text.LWP_ThreadSleep
                0x800226a0       0xf8 C:/devkitPro/libogc/lib/wii\libogc.a(lwp.o)
                0x800226a0                LWP_ThreadSleep
 .text.LWP_ThreadBroadcast
                0x80022798       0x88 C:/devkitPro/libogc/lib/wii\libogc.a(lwp.o)
                0x80022798                LWP_ThreadBroadcast
 .text.LWP_ThreadSignal
                0x80022820       0x74 C:/devkitPro/libogc/lib/wii\libogc.a(lwp.o)
                0x80022820                LWP_ThreadSignal
 .text.__lwp_stack_allocate
                0x80022894       0x60 C:/devkitPro/libogc/lib/wii\libogc.a(lwp_stack.o)
                0x80022894                __lwp_stack_allocate
 .text.__lwp_stack_free
                0x800228f4       0x1c C:/devkitPro/libogc/lib/wii\libogc.a(lwp_stack.o)
                0x800228f4                __lwp_stack_free
 .text.__lwp_wd_settimer
                0x80022910       0xe0 C:/devkitPro/libogc/lib/wii\libogc.a(lwp_watchdog.o)
 .text.__lwp_watchdog_init
                0x800229f0       0x2c C:/devkitPro/libogc/lib/wii\libogc.a(lwp_watchdog.o)
                0x800229f0                __lwp_watchdog_init
 .text.__lwp_wd_insert
                0x80022a1c      0x194 C:/devkitPro/libogc/lib/wii\libogc.a(lwp_watchdog.o)
                0x80022a1c                __lwp_wd_insert
 .text.__lwp_wd_remove
                0x80022bb0      0x138 C:/devkitPro/libogc/lib/wii\libogc.a(lwp_watchdog.o)
                0x80022bb0                __lwp_wd_remove
 .text.__lwp_wd_tickle
                0x80022ce8      0x120 C:/devkitPro/libogc/lib/wii\libogc.a(lwp_watchdog.o)
                0x80022ce8                __lwp_wd_tickle
 .text.__lwp_wkspace_init
                0x80022e08       0xc0 C:/devkitPro/libogc/lib/wii\libogc.a(lwp_wkspace.o)
                0x80022e08                __lwp_wkspace_init
 .text.__lwp_objmgr_initinfo
                0x80022ec8      0x1a0 C:/devkitPro/libogc/lib/wii\libogc.a(lwp_objmgr.o)
                0x80022ec8                __lwp_objmgr_initinfo
 .text.__lwp_objmgr_getisrdisable
                0x80023068       0x60 C:/devkitPro/libogc/lib/wii\libogc.a(lwp_objmgr.o)
                0x80023068                __lwp_objmgr_getisrdisable
 .text.__lwp_objmgr_getnoprotection
                0x800230c8       0x24 C:/devkitPro/libogc/lib/wii\libogc.a(lwp_objmgr.o)
                0x800230c8                __lwp_objmgr_getnoprotection
 .text.__lwp_objmgr_get
                0x800230ec       0x6c C:/devkitPro/libogc/lib/wii\libogc.a(lwp_objmgr.o)
                0x800230ec                __lwp_objmgr_get
 .text.__lwp_objmgr_allocate
                0x80023158       0x88 C:/devkitPro/libogc/lib/wii\libogc.a(lwp_objmgr.o)
                0x80023158                __lwp_objmgr_allocate
 .text.__lwp_objmgr_free
                0x800231e0       0x60 C:/devkitPro/libogc/lib/wii\libogc.a(lwp_objmgr.o)
                0x800231e0                __lwp_objmgr_free
 .text.__lwp_heap_init
                0x80023240       0xa4 C:/devkitPro/libogc/lib/wii\libogc.a(lwp_heap.o)
                0x80023240                __lwp_heap_init
 .text.__lwp_heap_allocate
                0x800232e4      0x160 C:/devkitPro/libogc/lib/wii\libogc.a(lwp_heap.o)
                0x800232e4                __lwp_heap_allocate
 .text.__lwp_heap_free
                0x80023444      0x188 C:/devkitPro/libogc/lib/wii\libogc.a(lwp_heap.o)
                0x80023444                __lwp_heap_free
 .text.__SetInterrupts
                0x800235cc      0x274 C:/devkitPro/libogc/lib/wii\libogc.a(irq.o)
 .text.c_irqdispatcher
                0x80023840      0x27c C:/devkitPro/libogc/lib/wii\libogc.a(irq.o)
                0x80023840                c_irqdispatcher
 .text.__UnmaskIrq
                0x80023abc       0x84 C:/devkitPro/libogc/lib/wii\libogc.a(irq.o)
                0x80023abc                __UnmaskIrq
 .text.__MaskIrq
                0x80023b40       0x84 C:/devkitPro/libogc/lib/wii\libogc.a(irq.o)
                0x80023b40                __MaskIrq
 .text.__irq_init
                0x80023bc4       0x9c C:/devkitPro/libogc/lib/wii\libogc.a(irq.o)
                0x80023bc4                __irq_init
 .text.IRQ_Request
                0x80023c60       0x50 C:/devkitPro/libogc/lib/wii\libogc.a(irq.o)
                0x80023c60                IRQ_Request
 .text.IRQ_GetHandler
                0x80023cb0       0x44 C:/devkitPro/libogc/lib/wii\libogc.a(irq.o)
                0x80023cb0                IRQ_GetHandler
 .text.IRQ_Disable
                0x80023cf4       0x1c C:/devkitPro/libogc/lib/wii\libogc.a(irq.o)
                0x80023cf4                IRQ_Disable
 .text.IRQ_Restore
                0x80023d10       0x1c C:/devkitPro/libogc/lib/wii\libogc.a(irq.o)
                0x80023d10                IRQ_Restore
 .text.__VISendI2CData.constprop.0.isra.0
                0x80023d2c      0x450 C:/devkitPro/libogc/lib/wii\libogc.a(video.o)
 .text.__setFbbRegs.constprop.0
                0x8002417c      0x194 C:/devkitPro/libogc/lib/wii\libogc.a(video.o)
 .text.__VISetYUVSEL
                0x80024310       0xb8 C:/devkitPro/libogc/lib/wii\libogc.a(video.o)
 .text.VIDEO_Configure
                0x800243c8      0x5ec C:/devkitPro/libogc/lib/wii\libogc.a(video.o)
                0x800243c8                VIDEO_Configure
 .text.VIDEO_WaitVSync
                0x800249b4       0x74 C:/devkitPro/libogc/lib/wii\libogc.a(video.o)
                0x800249b4                VIDEO_WaitVSync
 .text.VIDEO_SetFramebuffer
                0x80024a28      0x108 C:/devkitPro/libogc/lib/wii\libogc.a(video.o)
                0x80024a28                VIDEO_SetFramebuffer
 .text.VIDEO_SetNextFramebuffer
                0x80024b30       0x70 C:/devkitPro/libogc/lib/wii\libogc.a(video.o)
                0x80024b30                VIDEO_SetNextFramebuffer
 .text.VIDEO_Flush
                0x80024ba0       0xf4 C:/devkitPro/libogc/lib/wii\libogc.a(video.o)
                0x80024ba0                VIDEO_Flush
 .text.VIDEO_SetBlack
                0x80024c94      0x15c C:/devkitPro/libogc/lib/wii\libogc.a(video.o)
                0x80024c94                VIDEO_SetBlack
 .text.VIDEO_GetCurrentTvMode
                0x80024df0       0x78 C:/devkitPro/libogc/lib/wii\libogc.a(video.o)
                0x80024df0                VIDEO_GetCurrentTvMode
 .text.__VIRetraceHandler
                0x80024e68      0x298 C:/devkitPro/libogc/lib/wii\libogc.a(video.o)
 .text.__VISetupEncoder
                0x80025100      0x2cc C:/devkitPro/libogc/lib/wii\libogc.a(video.o)
 .text.VIDEO_Init
                0x800253cc      0x4e4 C:/devkitPro/libogc/lib/wii\libogc.a(video.o)
                0x800253cc                VIDEO_Init
 .text.VIDEO_GetPreferredMode
                0x800258b0      0x108 C:/devkitPro/libogc/lib/wii\libogc.a(video.o)
                0x800258b0                VIDEO_GetPreferredMode
 .text.VIDEO_GetCurrentLine
                0x800259b8       0x9c C:/devkitPro/libogc/lib/wii\libogc.a(video.o)
                0x800259b8                VIDEO_GetCurrentLine
 .text.VIDEO_GetFrameBufferSize
                0x80025a54       0x34 C:/devkitPro/libogc/lib/wii\libogc.a(video.o)
                0x80025a54                VIDEO_GetFrameBufferSize
 .text.__call_resetfuncs
                0x80025a88       0xbc C:/devkitPro/libogc/lib/wii\libogc.a(system.o)
 .text.__MEMInterruptHandler
                0x80025b44       0x14 C:/devkitPro/libogc/lib/wii\libogc.a(system.o)
 .text.__RSWDefaultHandler
                0x80025b58        0x4 C:/devkitPro/libogc/lib/wii\libogc.a(system.o)
 .text.__POWDefaultHandler
                0x80025b5c        0x4 C:/devkitPro/libogc/lib/wii\libogc.a(system.o)
 .text.__STMEventHandler
                0x80025b60      0x104 C:/devkitPro/libogc/lib/wii\libogc.a(system.o)
 .text.__getrtc
                0x80025c64      0x13c C:/devkitPro/libogc/lib/wii\libogc.a(system.o)
 .text.__sram_write
                0x80025da0      0x130 C:/devkitPro/libogc/lib/wii\libogc.a(system.o)
 .text.__sram_writecallback
                0x80025ed0       0x54 C:/devkitPro/libogc/lib/wii\libogc.a(system.o)
 .text.__mem_onreset
                0x80025f24       0x48 C:/devkitPro/libogc/lib/wii\libogc.a(system.o)
 .text.__unlocksram
                0x80025f6c      0x174 C:/devkitPro/libogc/lib/wii\libogc.a(system.o)
 .text.__sys_alarmhandler
                0x800260e0      0x154 C:/devkitPro/libogc/lib/wii\libogc.a(system.o)
 .text.__syscall_malloc_lock
                0x80026234        0x4 C:/devkitPro/libogc/lib/wii\libogc.a(system.o)
                0x80026234                __syscall_malloc_lock
 .text.__syscall_malloc_unlock
                0x80026238        0x4 C:/devkitPro/libogc/lib/wii\libogc.a(system.o)
                0x80026238                __syscall_malloc_unlock
 .text.__syscall_nanosleep
                0x8002623c        0x4 C:/devkitPro/libogc/lib/wii\libogc.a(system.o)
                0x8002623c                __syscall_nanosleep
 .text.__SYS_GetRTC
                0x80026240       0xa0 C:/devkitPro/libogc/lib/wii\libogc.a(system.o)
                0x80026240                __SYS_GetRTC
 .text.__SYS_SetBootTime
                0x800262e0      0x108 C:/devkitPro/libogc/lib/wii\libogc.a(system.o)
                0x800262e0                __SYS_SetBootTime
 .text.__SYS_GetIPCBufferLo
                0x800263e8        0x8 C:/devkitPro/libogc/lib/wii\libogc.a(system.o)
                0x800263e8                __SYS_GetIPCBufferLo
 .text.__SYS_GetIPCBufferHi
                0x800263f0        0x8 C:/devkitPro/libogc/lib/wii\libogc.a(system.o)
                0x800263f0                __SYS_GetIPCBufferHi
 .text.__SYS_DoPowerCB
                0x800263f8       0x74 C:/devkitPro/libogc/lib/wii\libogc.a(system.o)
                0x800263f8                __SYS_DoPowerCB
 .text.__SYS_PreInit
                0x8002646c        0x4 C:/devkitPro/libogc/lib/wii\libogc.a(system.o)
                0x8002646c                __SYS_PreInit
 .text.SYS_PreMain
                0x80026470       0x7c C:/devkitPro/libogc/lib/wii\libogc.a(system.o)
                0x80026470                SYS_PreMain
 .text.SYS_ResetButtonDown
                0x800264ec       0x18 C:/devkitPro/libogc/lib/wii\libogc.a(system.o)
                0x800264ec                SYS_ResetButtonDown
 .text.SYS_ResetSystem
                0x80026504      0x210 C:/devkitPro/libogc/lib/wii\libogc.a(system.o)
                0x80026504                SYS_ResetSystem
 .text.__reload
                0x80026714       0x80 C:/devkitPro/libogc/lib/wii\libogc.a(system.o)
                0x80026714                __reload
 .text.__syscall_exit
                0x80026794       0x88 C:/devkitPro/libogc/lib/wii\libogc.a(system.o)
                0x80026794                __syscall_exit
 .text.SYS_RegisterResetFunc
                0x8002681c       0x78 C:/devkitPro/libogc/lib/wii\libogc.a(system.o)
                0x8002681c                SYS_RegisterResetFunc
 .text.SYS_SetArena1Lo
                0x80026894       0x38 C:/devkitPro/libogc/lib/wii\libogc.a(system.o)
                0x80026894                SYS_SetArena1Lo
 .text.SYS_GetArena1Lo
                0x800268cc       0x38 C:/devkitPro/libogc/lib/wii\libogc.a(system.o)
                0x800268cc                SYS_GetArena1Lo
 .text.SYS_GetArena1Hi
                0x80026904       0x38 C:/devkitPro/libogc/lib/wii\libogc.a(system.o)
                0x80026904                SYS_GetArena1Hi
 .text.SYS_SetArena2Lo
                0x8002693c       0x38 C:/devkitPro/libogc/lib/wii\libogc.a(system.o)
                0x8002693c                SYS_SetArena2Lo
 .text.SYS_GetArena2Lo
                0x80026974       0x38 C:/devkitPro/libogc/lib/wii\libogc.a(system.o)
                0x80026974                SYS_GetArena2Lo
 .text.SYS_SetArena2Hi
                0x800269ac       0x38 C:/devkitPro/libogc/lib/wii\libogc.a(system.o)
                0x800269ac                SYS_SetArena2Hi
 .text.SYS_GetArena2Hi
                0x800269e4       0x38 C:/devkitPro/libogc/lib/wii\libogc.a(system.o)
                0x800269e4                SYS_GetArena2Hi
 .text.SYS_AllocateFramebuffer
                0x80026a1c       0x28 C:/devkitPro/libogc/lib/wii\libogc.a(system.o)
                0x80026a1c                SYS_AllocateFramebuffer
 .text.SYS_CreateAlarm
                0x80026a44       0xf0 C:/devkitPro/libogc/lib/wii\libogc.a(system.o)
                0x80026a44                SYS_CreateAlarm
 .text.SYS_SetAlarm
                0x80026b34      0x1ec C:/devkitPro/libogc/lib/wii\libogc.a(system.o)
                0x80026b34                SYS_SetAlarm
 .text.SYS_SetPeriodicAlarm
                0x80026d20      0x27c C:/devkitPro/libogc/lib/wii\libogc.a(system.o)
                0x80026d20                SYS_SetPeriodicAlarm
 .text.SYS_RemoveAlarm
                0x80026f9c      0x10c C:/devkitPro/libogc/lib/wii\libogc.a(system.o)
                0x80026f9c                SYS_RemoveAlarm
 .text.SYS_CancelAlarm
                0x800270a8       0xbc C:/devkitPro/libogc/lib/wii\libogc.a(system.o)
                0x800270a8                SYS_CancelAlarm
 .text.SYS_GetWirelessID
                0x80027164       0x94 C:/devkitPro/libogc/lib/wii\libogc.a(system.o)
                0x80027164                SYS_GetWirelessID
 .text.SYS_SetWirelessID
                0x800271f8       0x90 C:/devkitPro/libogc/lib/wii\libogc.a(system.o)
                0x800271f8                SYS_SetWirelessID
 .text.SYS_SetGBSMode
                0x80027288       0xa8 C:/devkitPro/libogc/lib/wii\libogc.a(system.o)
                0x80027288                SYS_SetGBSMode
 .text.__sram_init
                0x80027330      0x1b8 C:/devkitPro/libogc/lib/wii\libogc.a(system.o)
                0x80027330                __sram_init
 .text.SYS_Init
                0x800274e8      0x5f0 C:/devkitPro/libogc/lib/wii\libogc.a(system.o)
                0x800274e8                SYS_Init
 .text.SYS_GetHollywoodRevision
                0x80027ad8       0x3c C:/devkitPro/libogc/lib/wii\libogc.a(system.o)
                0x80027ad8                SYS_GetHollywoodRevision
 .text.SYS_Time
                0x80027b14       0x78 C:/devkitPro/libogc/lib/wii\libogc.a(system.o)
                0x80027b14                SYS_Time
 .text.__lwp_cond_init
                0x80027b8c       0x14 C:/devkitPro/libogc/lib/wii\libogc.a(cond.o)
                0x80027b8c                __lwp_cond_init
 .text.__AISRCINIT
                0x80027ba0      0x1d0 C:/devkitPro/libogc/lib/wii\libogc.a(audio.o)
 .text.__AIDHandler
                0x80027d70       0xd4 C:/devkitPro/libogc/lib/wii\libogc.a(audio.o)
 .text.AUDIO_Init
                0x80027e44      0x164 C:/devkitPro/libogc/lib/wii\libogc.a(audio.o)
                0x80027e44                AUDIO_Init
 .text.AUDIO_RegisterDMACallback
                0x80027fa8       0x40 C:/devkitPro/libogc/lib/wii\libogc.a(audio.o)
                0x80027fa8                AUDIO_RegisterDMACallback
 .text.AUDIO_InitDMA
                0x80027fe8       0x74 C:/devkitPro/libogc/lib/wii\libogc.a(audio.o)
                0x80027fe8                AUDIO_InitDMA
 .text.AUDIO_StartDMA
                0x8002805c       0x1c C:/devkitPro/libogc/lib/wii\libogc.a(audio.o)
                0x8002805c                AUDIO_StartDMA
 .text.AUDIO_StopDMA
                0x80028078       0x18 C:/devkitPro/libogc/lib/wii\libogc.a(audio.o)
                0x80028078                AUDIO_StopDMA
 .text.AUDIO_SetDSPSampleRate
                0x80028090       0xb4 C:/devkitPro/libogc/lib/wii\libogc.a(audio.o)
                0x80028090                AUDIO_SetDSPSampleRate
 .text.__decrementer_init
                0x80028144        0x4 C:/devkitPro/libogc/lib/wii\libogc.a(decrementer.o)
                0x80028144                __decrementer_init
 .text.c_decrementer_handler
                0x80028148        0xc C:/devkitPro/libogc/lib/wii\libogc.a(decrementer.o)
                0x80028148                c_decrementer_handler
 .text.__lwp_mqbox_init
                0x80028154       0x14 C:/devkitPro/libogc/lib/wii\libogc.a(message.o)
                0x80028154                __lwp_mqbox_init
 .text.__dsp_exectask
                0x80028168      0x2ec C:/devkitPro/libogc/lib/wii\libogc.a(dsp.o)
 .text.__dsp_inthandler
                0x80028454       0x30 C:/devkitPro/libogc/lib/wii\libogc.a(dsp.o)
 .text.__dsp_removetask
                0x80028484       0x74 C:/devkitPro/libogc/lib/wii\libogc.a(dsp.o)
 .text.__dsp_def_taskcb
                0x800284f8      0x468 C:/devkitPro/libogc/lib/wii\libogc.a(dsp.o)
 .text.DSP_Init
                0x80028960       0xf8 C:/devkitPro/libogc/lib/wii\libogc.a(dsp.o)
                0x80028960                DSP_Init
 .text.DSP_CheckMailTo
                0x80028a58       0x14 C:/devkitPro/libogc/lib/wii\libogc.a(dsp.o)
                0x80028a58                DSP_CheckMailTo
 .text.DSP_SendMailTo
                0x80028a6c       0x20 C:/devkitPro/libogc/lib/wii\libogc.a(dsp.o)
                0x80028a6c                DSP_SendMailTo
 .text.DSP_AddTask
                0x80028a8c      0x308 C:/devkitPro/libogc/lib/wii\libogc.a(dsp.o)
                0x80028a8c                DSP_AddTask
 .text.__si_transfer
                0x80028d94      0x1b0 C:/devkitPro/libogc/lib/wii\libogc.a(si.o)
 .text.__si_alarmhandler
                0x80028f44       0xdc C:/devkitPro/libogc/lib/wii\libogc.a(si.o)
 .text.__si_completetransfer
                0x80029020      0x1fc C:/devkitPro/libogc/lib/wii\libogc.a(si.o)
 .text.__si_transfernext
                0x8002921c       0xe0 C:/devkitPro/libogc/lib/wii\libogc.a(si.o)
 .text.SI_Busy  0x800292fc       0x18 C:/devkitPro/libogc/lib/wii\libogc.a(si.o)
                0x800292fc                SI_Busy
 .text.SI_IsChanBusy
                0x80029314       0x38 C:/devkitPro/libogc/lib/wii\libogc.a(si.o)
                0x80029314                SI_IsChanBusy
 .text.SI_SetXY
                0x8002934c       0x64 C:/devkitPro/libogc/lib/wii\libogc.a(si.o)
                0x8002934c                SI_SetXY
 .text.SI_EnablePolling
                0x800293b0       0x80 C:/devkitPro/libogc/lib/wii\libogc.a(si.o)
                0x800293b0                SI_EnablePolling
 .text.SI_DisablePolling
                0x80029430       0x58 C:/devkitPro/libogc/lib/wii\libogc.a(si.o)
                0x80029430                SI_DisablePolling
 .text.SI_SetSamplingRate
                0x80029488       0xe8 C:/devkitPro/libogc/lib/wii\libogc.a(si.o)
                0x80029488                SI_SetSamplingRate
 .text.SI_RefreshSamplingRate
                0x80029570        0x8 C:/devkitPro/libogc/lib/wii\libogc.a(si.o)
                0x80029570                SI_RefreshSamplingRate
 .text.SI_GetStatus
                0x80029578       0x78 C:/devkitPro/libogc/lib/wii\libogc.a(si.o)
                0x80029578                SI_GetStatus
 .text.SI_GetResponseRaw
                0x800295f0       0xe8 C:/devkitPro/libogc/lib/wii\libogc.a(si.o)
                0x800295f0                SI_GetResponseRaw
 .text.SI_GetResponse
                0x800296d8       0xb8 C:/devkitPro/libogc/lib/wii\libogc.a(si.o)
                0x800296d8                SI_GetResponse
 .text.SI_SetCommand
                0x80029790       0x10 C:/devkitPro/libogc/lib/wii\libogc.a(si.o)
                0x80029790                SI_SetCommand
 .text.SI_Transfer
                0x800297a0      0x250 C:/devkitPro/libogc/lib/wii\libogc.a(si.o)
                0x800297a0                SI_Transfer
 .text.__si_gettypecallback
                0x800299f0      0x2c0 C:/devkitPro/libogc/lib/wii\libogc.a(si.o)
 .text.__si_interrupthandler
                0x80029cb0      0x268 C:/devkitPro/libogc/lib/wii\libogc.a(si.o)
 .text.SI_GetType
                0x80029f18      0x1f4 C:/devkitPro/libogc/lib/wii\libogc.a(si.o)
                0x80029f18                SI_GetType
 .text.SI_GetTypeAsync
                0x8002a10c      0x138 C:/devkitPro/libogc/lib/wii\libogc.a(si.o)
                0x8002a10c                SI_GetTypeAsync
 .text.SI_EnablePollingInterrupt
                0x8002a244       0x8c C:/devkitPro/libogc/lib/wii\libogc.a(si.o)
                0x8002a244                SI_EnablePollingInterrupt
 .text.SI_UnregisterPollingHandler
                0x8002a2d0       0xe0 C:/devkitPro/libogc/lib/wii\libogc.a(si.o)
                0x8002a2d0                SI_UnregisterPollingHandler
 .text.__si_init
                0x8002a3b0       0xe8 C:/devkitPro/libogc/lib/wii\libogc.a(si.o)
                0x8002a3b0                __si_init
 .text.__ipc_sendrequest
                0x8002a498      0x104 C:/devkitPro/libogc/lib/wii\libogc.a(ipc.o)
 .text.__ipc_syncrequest
                0x8002a59c       0xe4 C:/devkitPro/libogc/lib/wii\libogc.a(ipc.o)
 .text.__ioctlvfmtCB
                0x8002a680      0x158 C:/devkitPro/libogc/lib/wii\libogc.a(ipc.o)
 .text.__ios_ioctlvformat_parse
                0x8002a7d8      0x81c C:/devkitPro/libogc/lib/wii\libogc.a(ipc.o)
 .text.__ipc_asyncrequest
                0x8002aff4      0x13c C:/devkitPro/libogc/lib/wii\libogc.a(ipc.o)
 .text.__ipc_interrupthandler
                0x8002b130      0x34c C:/devkitPro/libogc/lib/wii\libogc.a(ipc.o)
 .text.iosCreateHeap
                0x8002b47c      0x130 C:/devkitPro/libogc/lib/wii\libogc.a(ipc.o)
                0x8002b47c                iosCreateHeap
 .text.iosAlloc
                0x8002b5ac       0x30 C:/devkitPro/libogc/lib/wii\libogc.a(ipc.o)
                0x8002b5ac                iosAlloc
 .text.iosFree  0x8002b5dc       0x28 C:/devkitPro/libogc/lib/wii\libogc.a(ipc.o)
                0x8002b5dc                iosFree
 .text.__IPC_ClntInit
                0x8002b604       0xc8 C:/devkitPro/libogc/lib/wii\libogc.a(ipc.o)
                0x8002b604                __IPC_ClntInit
 .text.IOS_Open
                0x8002b6cc      0x110 C:/devkitPro/libogc/lib/wii\libogc.a(ipc.o)
                0x8002b6cc                IOS_Open
 .text.IOS_Close
                0x8002b7dc       0xf0 C:/devkitPro/libogc/lib/wii\libogc.a(ipc.o)
                0x8002b7dc                IOS_Close
 .text.IOS_CloseAsync
                0x8002b8cc       0xb4 C:/devkitPro/libogc/lib/wii\libogc.a(ipc.o)
                0x8002b8cc                IOS_CloseAsync
 .text.IOS_Read
                0x8002b980      0x10c C:/devkitPro/libogc/lib/wii\libogc.a(ipc.o)
                0x8002b980                IOS_Read
 .text.IOS_Write
                0x8002ba8c      0x10c C:/devkitPro/libogc/lib/wii\libogc.a(ipc.o)
                0x8002ba8c                IOS_Write
 .text.IOS_Ioctl
                0x8002bb98      0x158 C:/devkitPro/libogc/lib/wii\libogc.a(ipc.o)
                0x8002bb98                IOS_Ioctl
 .text.IOS_IoctlAsync
                0x8002bcf0      0x148 C:/devkitPro/libogc/lib/wii\libogc.a(ipc.o)
                0x8002bcf0                IOS_IoctlAsync
 .text.IOS_Ioctlv
                0x8002be38      0x1f0 C:/devkitPro/libogc/lib/wii\libogc.a(ipc.o)
                0x8002be38                IOS_Ioctlv
 .text.IOS_IoctlvAsync
                0x8002c028      0x1d4 C:/devkitPro/libogc/lib/wii\libogc.a(ipc.o)
                0x8002c028                IOS_IoctlvAsync
 .text.IOS_IoctlvFormat
                0x8002c1fc      0x16c C:/devkitPro/libogc/lib/wii\libogc.a(ipc.o)
                0x8002c1fc                IOS_IoctlvFormat
 .text.IOS_IoctlvReboot
                0x8002c368      0x1f4 C:/devkitPro/libogc/lib/wii\libogc.a(ipc.o)
                0x8002c368                IOS_IoctlvReboot
 .text.gettick  0x8002c55c        0x8 C:/devkitPro/libogc/lib/wii\libogc.a(timesupp.o)
                0x8002c55c                gettick
 .text.gettime  0x8002c564       0x18 C:/devkitPro/libogc/lib/wii\libogc.a(timesupp.o)
                0x8002c564                gettime
 .text.settime  0x8002c57c       0x14 C:/devkitPro/libogc/lib/wii\libogc.a(timesupp.o)
                0x8002c57c                settime
 .text.diff_usec
                0x8002c590       0x88 C:/devkitPro/libogc/lib/wii\libogc.a(timesupp.o)
                0x8002c590                diff_usec
 .text.__timesystem_init
                0x8002c618       0x1c C:/devkitPro/libogc/lib/wii\libogc.a(timesupp.o)
                0x8002c618                __timesystem_init
 .text.udelay   0x8002c634       0xac C:/devkitPro/libogc/lib/wii\libogc.a(timesupp.o)
                0x8002c634                udelay
 .text.__libogc_nanosleep
                0x8002c6e0      0x144 C:/devkitPro/libogc/lib/wii\libogc.a(timesupp.o)
                0x8002c6e0                __libogc_nanosleep
 .text.__syscall_lock_init
                0x8002c824       0x6c C:/devkitPro/libogc/lib/wii\libogc.a(lock_supp.o)
                0x8002c824                __syscall_lock_init
 .text.__syscall_lock_init_recursive
                0x8002c890       0x6c C:/devkitPro/libogc/lib/wii\libogc.a(lock_supp.o)
                0x8002c890                __syscall_lock_init_recursive
 .text.__syscall_lock_close
                0x8002c8fc       0x68 C:/devkitPro/libogc/lib/wii\libogc.a(lock_supp.o)
                0x8002c8fc                __syscall_lock_close
 .text.__syscall_lock_acquire
                0x8002c964       0x18 C:/devkitPro/libogc/lib/wii\libogc.a(lock_supp.o)
                0x8002c964                __syscall_lock_acquire
 .text.__syscall_lock_release
                0x8002c97c       0x18 C:/devkitPro/libogc/lib/wii\libogc.a(lock_supp.o)
                0x8002c97c                __syscall_lock_release
 .text.__libc_create_hook
                0x8002c994       0x10 C:/devkitPro/libogc/lib/wii\libogc.a(newlibc.o)
                0x8002c994                __libc_create_hook
 .text.__libc_start_hook
                0x8002c9a4       0xb0 C:/devkitPro/libogc/lib/wii\libogc.a(newlibc.o)
                0x8002c9a4                __libc_start_hook
 .text.__libc_delete_hook
                0x8002ca54       0xe8 C:/devkitPro/libogc/lib/wii\libogc.a(newlibc.o)
                0x8002ca54                __libc_delete_hook
 .text.__libc_init
                0x8002cb3c       0xb4 C:/devkitPro/libogc/lib/wii\libogc.a(newlibc.o)
                0x8002cb3c                __libc_init
 .text.__usbgecko_exi_unlock
                0x8002cbf0       0x34 C:/devkitPro/libogc/lib/wii\libogc.a(usbgecko.o)
 .text.usb_isgeckoalive
                0x8002cc24      0x1bc C:/devkitPro/libogc/lib/wii\libogc.a(usbgecko.o)
                0x8002cc24                usb_isgeckoalive
 .text.usb_sendbuffer_ex
                0x8002cde0      0x214 C:/devkitPro/libogc/lib/wii\libogc.a(usbgecko.o)
                0x8002cde0                usb_sendbuffer_ex
 .text.usb_sendbuffer
                0x8002cff4        0x8 C:/devkitPro/libogc/lib/wii\libogc.a(usbgecko.o)
                0x8002cff4                usb_sendbuffer
 .text.usb_sendbuffer_safe_ex
                0x8002cffc      0x2a8 C:/devkitPro/libogc/lib/wii\libogc.a(usbgecko.o)
                0x8002cffc                usb_sendbuffer_safe_ex
 .text.usb_sendbuffer_safe
                0x8002d2a4        0x8 C:/devkitPro/libogc/lib/wii\libogc.a(usbgecko.o)
                0x8002d2a4                usb_sendbuffer_safe
 .text._sbrk_r  0x8002d2ac      0x290 C:/devkitPro/libogc/lib/wii\libogc.a(sbrk.o)
                0x8002d2ac                _sbrk_r
 .text.__memlock_init
                0x8002d53c       0x7c C:/devkitPro/libogc/lib/wii\libogc.a(malloc_lock.o)
                0x8002d53c                __memlock_init
 .text.__libogc_malloc_lock
                0x8002d5b8      0x1fc C:/devkitPro/libogc/lib/wii\libogc.a(malloc_lock.o)
                0x8002d5b8                __libogc_malloc_lock
 .text.__libogc_malloc_unlock
                0x8002d7b4       0x64 C:/devkitPro/libogc/lib/wii\libogc.a(malloc_lock.o)
                0x8002d7b4                __libogc_malloc_unlock
 .text.__STM_SetEventHook
                0x8002d818       0xb0 C:/devkitPro/libogc/lib/wii\libogc.a(stm.o)
                0x8002d818                __STM_SetEventHook
 .text.__STM_Init
                0x8002d8c8       0x8c C:/devkitPro/libogc/lib/wii\libogc.a(stm.o)
                0x8002d8c8                __STM_Init
 .text.__STMEventHandler
                0x8002d954       0x64 C:/devkitPro/libogc/lib/wii\libogc.a(stm.o)
 .text.__STM_ReleaseEventHook
                0x8002d9b8       0x80 C:/devkitPro/libogc/lib/wii\libogc.a(stm.o)
                0x8002d9b8                __STM_ReleaseEventHook
 .text.__STM_Close
                0x8002da38       0xac C:/devkitPro/libogc/lib/wii\libogc.a(stm.o)
                0x8002da38                __STM_Close
 .text.STM_RegisterEventHandler
                0x8002dae4       0x10 C:/devkitPro/libogc/lib/wii\libogc.a(stm.o)
                0x8002dae4                STM_RegisterEventHandler
 .text.STM_ShutdownToStandby
                0x8002daf4       0x50 C:/devkitPro/libogc/lib/wii\libogc.a(stm.o)
                0x8002daf4                STM_ShutdownToStandby
 .text.STM_ShutdownToIdle
                0x8002db44       0x70 C:/devkitPro/libogc/lib/wii\libogc.a(stm.o)
                0x8002db44                STM_ShutdownToIdle
 .text.STM_SetLedMode
                0x8002dbb4       0x40 C:/devkitPro/libogc/lib/wii\libogc.a(stm.o)
                0x8002dbb4                STM_SetLedMode
 .text.STM_RebootSystem
                0x8002dbf4       0x50 C:/devkitPro/libogc/lib/wii\libogc.a(stm.o)
                0x8002dbf4                STM_RebootSystem
 .text.__IOS_InitializeSubsystems
                0x8002dc44       0x44 C:/devkitPro/libogc/lib/wii\libogc.a(ios.o)
                0x8002dc44                __IOS_InitializeSubsystems
 .text.__IOS_ShutdownSubsystems
                0x8002dc88       0x44 C:/devkitPro/libogc/lib/wii\libogc.a(ios.o)
                0x8002dc88                __IOS_ShutdownSubsystems
 .text.__IOS_LoadStartupIOS
                0x8002dccc        0x8 C:/devkitPro/libogc/lib/wii\libogc.a(ios.o)
                0x8002dccc                __IOS_LoadStartupIOS
 .text._ES_fstat_r
                0x8002dcd4      0x120 C:/devkitPro/libogc/lib/wii\libogc.a(es.o)
 .text._ES_seek_r
                0x8002ddf4       0xd8 C:/devkitPro/libogc/lib/wii\libogc.a(es.o)
 .text._ES_close_r
                0x8002decc       0xac C:/devkitPro/libogc/lib/wii\libogc.a(es.o)
 .text.__ES_Init
                0x8002df78       0x78 C:/devkitPro/libogc/lib/wii\libogc.a(es.o)
                0x8002df78                __ES_Init
 .text.__ES_Close
                0x8002dff0       0x54 C:/devkitPro/libogc/lib/wii\libogc.a(es.o)
                0x8002dff0                __ES_Close
 .text.ES_GetTitleID
                0x8002e044       0x94 C:/devkitPro/libogc/lib/wii\libogc.a(es.o)
                0x8002e044                ES_GetTitleID
 .text.ES_LaunchTitle
                0x8002e0d8       0xa4 C:/devkitPro/libogc/lib/wii\libogc.a(es.o)
                0x8002e0d8                ES_LaunchTitle
 .text.ES_GetNumTicketViews
                0x8002e17c       0x98 C:/devkitPro/libogc/lib/wii\libogc.a(es.o)
                0x8002e17c                ES_GetNumTicketViews
 .text.ES_GetTicketViews
                0x8002e214       0x8c C:/devkitPro/libogc/lib/wii\libogc.a(es.o)
                0x8002e214                ES_GetTicketViews
 .text.ES_GetStoredTMD
                0x8002e2a0       0x90 C:/devkitPro/libogc/lib/wii\libogc.a(es.o)
                0x8002e2a0                ES_GetStoredTMD
 .text._ES_decodepath
                0x8002e330      0x394 C:/devkitPro/libogc/lib/wii\libogc.a(es.o)
 .text._ES_stat_r
                0x8002e6c4       0xf4 C:/devkitPro/libogc/lib/wii\libogc.a(es.o)
 .text._ES_open_r
                0x8002e7b8      0x1d0 C:/devkitPro/libogc/lib/wii\libogc.a(es.o)
 .text.ES_ReadContent
                0x8002e988       0x6c C:/devkitPro/libogc/lib/wii\libogc.a(es.o)
                0x8002e988                ES_ReadContent
 .text._ES_read_r
                0x8002e9f4      0x180 C:/devkitPro/libogc/lib/wii\libogc.a(es.o)
 .text.__usbv5_devicechangeCB
                0x8002eb74      0x15c C:/devkitPro/libogc/lib/wii\libogc.a(usb.o)
 .text.__usbv5_attachfinishCB
                0x8002ecd0       0xcc C:/devkitPro/libogc/lib/wii\libogc.a(usb.o)
 .text.__usbv5_messageCB
                0x8002ed9c       0x5c C:/devkitPro/libogc/lib/wii\libogc.a(usb.o)
 .text.__usbv0_messageCB
                0x8002edf8       0xa8 C:/devkitPro/libogc/lib/wii\libogc.a(usb.o)
 .text.__usb_control_message
                0x8002eea0      0x428 C:/devkitPro/libogc/lib/wii\libogc.a(usb.o)
 .text.__usb_interrupt_bulk_message
                0x8002f2c8      0x2b8 C:/devkitPro/libogc/lib/wii\libogc.a(usb.o)
 .text.USB_FreeDescriptors.part.0
                0x8002f580       0xfc C:/devkitPro/libogc/lib/wii\libogc.a(usb.o)
 .text.USB_GetDescriptors.part.0
                0x8002f67c      0x678 C:/devkitPro/libogc/lib/wii\libogc.a(usb.o)
 .text.USBV5_SuspendResume
                0x8002fcf4      0x138 C:/devkitPro/libogc/lib/wii\libogc.a(usb.o)
 .text.USBV5_GetDescriptors
                0x8002fe2c      0x518 C:/devkitPro/libogc/lib/wii\libogc.a(usb.o)
 .text.USB_Deinitialize
                0x80030344       0xc8 C:/devkitPro/libogc/lib/wii\libogc.a(usb.o)
                0x80030344                USB_Deinitialize
 .text.USB_Initialize
                0x8003040c      0x2f8 C:/devkitPro/libogc/lib/wii\libogc.a(usb.o)
                0x8003040c                USB_Initialize
 .text.USB_OpenDevice
                0x80030704      0x2b8 C:/devkitPro/libogc/lib/wii\libogc.a(usb.o)
                0x80030704                USB_OpenDevice
 .text.USBV5_CloseDevice
                0x800309bc      0x128 C:/devkitPro/libogc/lib/wii\libogc.a(usb.o)
                0x800309bc                USBV5_CloseDevice
 .text.USB_CloseDeviceAsync
                0x80030ae4       0xd0 C:/devkitPro/libogc/lib/wii\libogc.a(usb.o)
                0x80030ae4                USB_CloseDeviceAsync
 .text.USB_ReadIntrMsgAsync
                0x80030bb4       0x28 C:/devkitPro/libogc/lib/wii\libogc.a(usb.o)
                0x80030bb4                USB_ReadIntrMsgAsync
 .text.USB_ReadBlkMsgAsync
                0x80030bdc       0x28 C:/devkitPro/libogc/lib/wii\libogc.a(usb.o)
                0x80030bdc                USB_ReadBlkMsgAsync
 .text.USB_WriteBlkMsgAsync
                0x80030c04       0x28 C:/devkitPro/libogc/lib/wii\libogc.a(usb.o)
                0x80030c04                USB_WriteBlkMsgAsync
 .text.USB_WriteCtrlMsgAsync
                0x80030c2c        0x4 C:/devkitPro/libogc/lib/wii\libogc.a(usb.o)
                0x80030c2c                USB_WriteCtrlMsgAsync
 .text.__CheckARGV
                0x80030c30       0x80 C:/devkitPro/libogc/lib/wii\libogc.a(argv.o)
                0x80030c30                __CheckARGV
 .text.CONF_Init
                0x80030cb0      0x17c C:/devkitPro/libogc/lib/wii\libogc.a(conf.o)
                0x80030cb0                CONF_Init
 .text.__CONF_GetTxt
                0x80030e2c      0x208 C:/devkitPro/libogc/lib/wii\libogc.a(conf.o)
                0x80030e2c                __CONF_GetTxt
 .text.__CONF_Find
                0x80031034       0xfc C:/devkitPro/libogc/lib/wii\libogc.a(conf.o)
                0x80031034                __CONF_Find
 .text.CONF_GetLength
                0x80031130      0x12c C:/devkitPro/libogc/lib/wii\libogc.a(conf.o)
                0x80031130                CONF_GetLength
 .text.CONF_Get
                0x8003125c      0x140 C:/devkitPro/libogc/lib/wii\libogc.a(conf.o)
                0x8003125c                CONF_Get
 .text.CONF_GetShutdownMode
                0x8003139c       0x54 C:/devkitPro/libogc/lib/wii\libogc.a(conf.o)
                0x8003139c                CONF_GetShutdownMode
 .text.CONF_GetIdleLedMode
                0x800313f0       0x54 C:/devkitPro/libogc/lib/wii\libogc.a(conf.o)
                0x800313f0                CONF_GetIdleLedMode
 .text.CONF_GetProgressiveScan
                0x80031444       0x54 C:/devkitPro/libogc/lib/wii\libogc.a(conf.o)
                0x80031444                CONF_GetProgressiveScan
 .text.CONF_GetEuRGB60
                0x80031498       0x54 C:/devkitPro/libogc/lib/wii\libogc.a(conf.o)
                0x80031498                CONF_GetEuRGB60
 .text.CONF_GetIRSensitivity
                0x800314ec       0x54 C:/devkitPro/libogc/lib/wii\libogc.a(conf.o)
                0x800314ec                CONF_GetIRSensitivity
 .text.CONF_GetSensorBarPosition
                0x80031540       0x54 C:/devkitPro/libogc/lib/wii\libogc.a(conf.o)
                0x80031540                CONF_GetSensorBarPosition
 .text.CONF_GetCounterBias
                0x80031594       0x4c C:/devkitPro/libogc/lib/wii\libogc.a(conf.o)
                0x80031594                CONF_GetCounterBias
 .text.CONF_GetDisplayOffsetH
                0x800315e0       0x4c C:/devkitPro/libogc/lib/wii\libogc.a(conf.o)
                0x800315e0                CONF_GetDisplayOffsetH
 .text.CONF_GetPadDevices
                0x8003162c       0x4c C:/devkitPro/libogc/lib/wii\libogc.a(conf.o)
                0x8003162c                CONF_GetPadDevices
 .text.CONF_GetVideo
                0x80031678       0x88 C:/devkitPro/libogc/lib/wii\libogc.a(conf.o)
                0x80031678                CONF_GetVideo
 .text.__WII_WriteNANDBootInfo.isra.0
                0x80031700       0xbc C:/devkitPro/libogc/lib/wii\libogc.a(wiilaunch.o)
 .text.__WII_WriteStateFlags.isra.0
                0x800317bc       0x94 C:/devkitPro/libogc/lib/wii\libogc.a(wiilaunch.o)
 .text.WII_Initialize
                0x80031850      0x188 C:/devkitPro/libogc/lib/wii\libogc.a(wiilaunch.o)
                0x80031850                WII_Initialize
 .text.WII_LaunchTitle
                0x800319d8      0x1ac C:/devkitPro/libogc/lib/wii\libogc.a(wiilaunch.o)
                0x800319d8                WII_LaunchTitle
 .text.WII_ReturnToMenu
                0x80031b84       0x58 C:/devkitPro/libogc/lib/wii\libogc.a(wiilaunch.o)
                0x80031b84                WII_ReturnToMenu
 .text.__lwp_priority_init
                0x80031bdc       0x1c C:/devkitPro/libogc/lib/wii\libogc.a(lwp_priority.o)
                0x80031bdc                __lwp_priority_init
 .text.__lwp_threadqueue_enqueuefifo
                0x80031bf8      0x144 C:/devkitPro/libogc/lib/wii\libogc.a(lwp_threadq.o)
                0x80031bf8                __lwp_threadqueue_enqueuefifo
 .text.__lwp_threadqueue_dequeuefifo
                0x80031d3c      0x140 C:/devkitPro/libogc/lib/wii\libogc.a(lwp_threadq.o)
                0x80031d3c                __lwp_threadqueue_dequeuefifo
 .text.__lwp_threadqueue_enqueuepriority
                0x80031e7c      0x338 C:/devkitPro/libogc/lib/wii\libogc.a(lwp_threadq.o)
                0x80031e7c                __lwp_threadqueue_enqueuepriority
 .text.__lwp_threadqueue_dequeuepriority
                0x800321b4      0x1d8 C:/devkitPro/libogc/lib/wii\libogc.a(lwp_threadq.o)
                0x800321b4                __lwp_threadqueue_dequeuepriority
 .text.__lwp_threadqueue_init
                0x8003238c       0x64 C:/devkitPro/libogc/lib/wii\libogc.a(lwp_threadq.o)
                0x8003238c                __lwp_threadqueue_init
 .text.__lwp_threadqueue_enqueue
                0x800323f0      0x138 C:/devkitPro/libogc/lib/wii\libogc.a(lwp_threadq.o)
                0x800323f0                __lwp_threadqueue_enqueue
 .text.__lwp_threadqueue_dequeue
                0x80032528       0x24 C:/devkitPro/libogc/lib/wii\libogc.a(lwp_threadq.o)
                0x80032528                __lwp_threadqueue_dequeue
 .text.__lwp_threadqueue_flush
                0x8003254c       0x68 C:/devkitPro/libogc/lib/wii\libogc.a(lwp_threadq.o)