Archive member included to satisfy reference by file (symbol)

C:/devkitPro/libogc/lib/wii\libwiiuse.a(wpad.o)
                              main.o (WPAD_Init)
C:/devkitPro/libogc/lib/wii\libwiiuse.a(motion_plus.o)
                              C:/devkitPro/libogc/lib/wii\libwiiuse.a(wpad.o) (wiiuse_set_motion_plus)
C:/devkitPro/libogc/lib/wii\libwiiuse.a(dynamics.o)
                              C:/devkitPro/libogc/lib/wii\libwiiuse.a(wpad.o) (calculate_gforce)
C:/devkitPro/libogc/lib/wii\libwiiuse.a(io.o)
                              C:/devkitPro/libogc/lib/wii\libwiiuse.a(motion_plus.o) (wiiuse_disable_expansion)
C:/devkitPro/libogc/lib/wii\libwiiuse.a(io_wii.o)
                              C:/devkitPro/libogc/lib/wii\libwiiuse.a(wpad.o) (__wiiuse_sensorbar_enable)
C:/devkitPro/libogc/lib/wii\libwiiuse.a(ir.o)
                              C:/devkitPro/libogc/lib/wii\libwiiuse.a(motion_plus.o) (wiiuse_set_ir_mode)
C:/devkitPro/libogc/lib/wii\libwiiuse.a(nunchuk.o)
                              C:/devkitPro/libogc/lib/wii\libwiiuse.a(io.o) (nunchuk_handshake)
C:/devkitPro/libogc/lib/wii\libwiiuse.a(wiiboard.o)
                              C:/devkitPro/libogc/lib/wii\libwiiuse.a(io.o) (wii_board_handshake)
C:/devkitPro/libogc/lib/wii\libwiiuse.a(wiiuse.o)
                              C:/devkitPro/libogc/lib/wii\libwiiuse.a(wpad.o) (wiiuse_init)
C:/devkitPro/libogc/lib/wii\libwiiuse.a(speaker.o)
                              C:/devkitPro/libogc/lib/wii\libwiiuse.a(wpad.o) (wencdata)
C:/devkitPro/libogc/lib/wii\libwiiuse.a(classic.o)
                              C:/devkitPro/libogc/lib/wii\libwiiuse.a(io.o) (classic_ctrl_handshake)
C:/devkitPro/libogc/lib/wii\libwiiuse.a(events.o)
                              C:/devkitPro/libogc/lib/wii\libwiiuse.a(io_wii.o) (parse_event)
C:/devkitPro/libogc/lib/wii\libwiiuse.a(guitar_hero_3.o)
                              C:/devkitPro/libogc/lib/wii\libwiiuse.a(io.o) (guitar_hero_3_handshake)
C:/devkitPro/libogc/lib/wii\libbte.a(bte.o)
                              C:/devkitPro/libogc/lib/wii\libwiiuse.a(wpad.o) (BTE_Init)
C:/devkitPro/libogc/lib/wii\libbte.a(hci.o)
                              C:/devkitPro/libogc/lib/wii\libbte.a(bte.o) (hci_init)
C:/devkitPro/libogc/lib/wii\libbte.a(l2cap.o)
                              C:/devkitPro/libogc/lib/wii\libbte.a(bte.o) (l2cap_init)
C:/devkitPro/libogc/lib/wii\libbte.a(btmemb.o)
                              C:/devkitPro/libogc/lib/wii\libbte.a(bte.o) (btmemb_init)
C:/devkitPro/libogc/lib/wii\libbte.a(btmemr.o)
                              C:/devkitPro/libogc/lib/wii\libbte.a(hci.o) (btmemr_init)
C:/devkitPro/libogc/lib/wii\libbte.a(btpbuf.o)
                              C:/devkitPro/libogc/lib/wii\libbte.a(hci.o) (btpbuf_init)
C:/devkitPro/libogc/lib/wii\libbte.a(physbusif.o)
                              C:/devkitPro/libogc/lib/wii\libbte.a(bte.o) (physbusif_init)
C:/devkitPro/libogc/lib/wii\libmad.a(mp3player.o)
                              main.o (MP3Player_Init)
C:/devkitPro/libogc/lib/wii\libmad.a(frame.o)
                              C:/devkitPro/libogc/lib/wii\libmad.a(mp3player.o) (mad_frame_init)
C:/devkitPro/libogc/lib/wii\libmad.a(layer12.o)
                              C:/devkitPro/libogc/lib/wii\libmad.a(frame.o) (mad_layer_I)
C:/devkitPro/libogc/lib/wii\libmad.a(layer3.o)
                              C:/devkitPro/libogc/lib/wii\libmad.a(frame.o) (mad_layer_III)
C:/devkitPro/libogc/lib/wii\libmad.a(stream.o)
                              C:/devkitPro/libogc/lib/wii\libmad.a(mp3player.o) (mad_stream_init)
C:/devkitPro/libogc/lib/wii\libmad.a(synth.o)
                              C:/devkitPro/libogc/lib/wii\libmad.a(mp3player.o) (mad_synth_init)
C:/devkitPro/libogc/lib/wii\libmad.a(timer.o)
                              C:/devkitPro/libogc/lib/wii\libmad.a(frame.o) (mad_timer_set)
C:/devkitPro/libogc/lib/wii\libmad.a(bit.o)
                              C:/devkitPro/libogc/lib/wii\libmad.a(frame.o) (mad_bit_init)
C:/devkitPro/libogc/lib/wii\libmad.a(huffman.o)
                              C:/devkitPro/libogc/lib/wii\libmad.a(layer3.o) (mad_huff_pair_table)
C:/devkitPro/libogc/lib/wii\libasnd.a(asndlib.o)
                              main.o (ASND_Init)
C:/devkitPro/libogc/lib/wii\libasnd.a(asnd_dsp_mixer.bin.o)
                              C:/devkitPro/libogc/lib/wii\libasnd.a(asndlib.o) (asnd_dsp_mixer_bin)
C:/devkitPro/libogc/lib/wii\libogc.a(console.o)
                              main.o (CON_Init)
C:/devkitPro/libogc/lib/wii\libogc.a(lwp_queue.o)
                              C:/devkitPro/libogc/lib/wii\libwiiuse.a(io_wii.o) (__lwp_queue_initialize)
C:/devkitPro/libogc/lib/wii\libogc.a(lwp_threads.o)
                              C:/devkitPro/libogc/lib/wii\libwiiuse.a(wpad.o) (_thread_dispatch_disable_level)
C:/devkitPro/libogc/lib/wii\libogc.a(lwp.o)
                              main.o (LWP_CreateThread)
C:/devkitPro/libogc/lib/wii\libogc.a(lwp_handler.o)
[...]
Memory Configuration

Name             Origin             Length             Attributes
*default*        0x00000000         0xffffffff

Linker script and memory map

                0x00003400                        . = 0x3400

.stub
 *(.stub)
                0x80004000                        . = 0x80004000

.init           0x80004000      0x194
 *crt0.o(*.init)
 .init          0x80004000      0x170 C:/devkitPro/libogc/lib/wii\libogc.a(ogc_crt0.o)
                0x80004000                _start
                0x80004140                _memset
 *(.init)
 .init          0x80004170        0xc C:/devkitPro/devkitPPC/bin/../lib/gcc/powerpc-eabi/13.1.0/ecrti.o
                0x80004170                __init
 .init          0x8000417c        0x4 C:/devkitPro/devkitPPC/bin/../lib/gcc/powerpc-eabi/13.1.0/crtbegin.o
 .init          0x80004180        0x4 C:/devkitPro/devkitPPC/bin/../lib/gcc/powerpc-eabi/13.1.0/crtend.o
 .init          0x80004184       0x10 C:/devkitPro/devkitPPC/bin/../lib/gcc/powerpc-eabi/13.1.0/ecrtn.o

.rela.dyn       0x80004194        0x0
 .rela.iplt     0x80004194        0x0 C:/devkitPro/devkitPPC/bin/../lib/gcc/powerpc-eabi/13.1.0/crtbegin.o

.plt
 *(.plt)

.interp
 *(.interp)

.hash
 *(.hash)

.dynsym
 *(.dynsym)

.dynstr
 *(.dynstr)

.gnu.version
 *(.gnu.version)

.gnu.version_d
 *(.gnu.version_d)

.gnu.version_r
 *(.gnu.version_r)

.rel.init
 *(.rel.init)

.rela.init
 *(.rela.init)

.rel.text
 *(.rel.text .rel.text.* .rel.gnu.linkonce.t.*)

.rela.text      0x80004194        0x0
 *(.rela.text .rela.text.* .rela.gnu.linkonce.t.*)
 .rela.text.__do_global_dtors_aux
                0x80004194        0x0 C:/devkitPro/devkitPPC/bin/../lib/gcc/powerpc-eabi/13.1.0/crtbegin.o
 .rela.text.frame_dummy
                0x80004194        0x0 C:/devkitPro/devkitPPC/bin/../lib/gcc/powerpc-eabi/13.1.0/crtbegin.o
 .rela.text.__getreent
                0x80004194        0x0 C:/devkitPro/devkitPPC/bin/../lib/gcc/powerpc-eabi/13.1.0/crtbegin.o

.rel.fini
 *(.rel.fini)

.rela.fini
 *(.rela.fini)

.rel.rodata
 *(.rel.rodata .rel.rodata.* .rel.gnu.linkonce.r.*)

.rela.rodata
 *(.rela.rodata .rela.rodata.* .rela.gnu.linkonce.r.*)

.rel.data
 *(.rel.data .rel.data.* .rel.gnu.linkonce.d.*)

.rela.data
 *(.rela.data .rela.data.* .rela.gnu.linkonce.d.*)

.rel.tdata
 *(.rel.tdata .rel.tdata.* .rel.gnu.linkonce.td.*)

.rela.tdata
 *(.rela.tdata .rela.tdata.* .rela.gnu.linkonce.td.*)

.rel.tbss
 *(.rel.tbss .rel.tbss.* .rel.gnu.linkonce.tb.*)

.rela.tbss
 *(.rela.tbss .rela.tbss.* .rela.gnu.linkonce.tb.*)

.rel.ctors
 *(.rel.ctors)

.rela.ctors
 *(.rela.ctors)

.rel.dtors
 *(.rel.dtors)

.rela.dtors
 *(.rela.dtors)

.rel.got
 *(.rel.got)

.rela.got
 *(.rela.got)

.rela.got1
 *(.rela.got1)

.rela.got2
 *(.rela.got2)

.rel.sdata
 *(.rel.sdata .rel.sdata.* .rel.gnu.linkonce.s.*)

.rela.sdata
 *(.rela.sdata .rela.sdata.* .rela.gnu.linkonce.s.*)

.rel.sbss
 *(.rel.sbss .rel.sbss.* .rel.gnu.linkonce.sb.*)

.rela.sbss
 *(.rela.sbss .rela.sbss.* .rel.gnu.linkonce.sb.*)

.rel.sdata2
 *(.rel.sdata2 .rel.sdata2.* .rel.gnu.linkonce.s2.*)

.rela.sdata2
 *(.rela.sdata2 .rela.sdata2.* .rela.gnu.linkonce.s2.*)

.rel.sbss2
 *(.rel.sbss2 .rel.sbss2.* .rel.gnu.linkonce.sb2.*)

.rela.sbss2
 *(.rela.sbss2 .rela.sbss2.* .rela.gnu.linkonce.sb2.*)

.rel.bss
 *(.rel.bss .rel.bss.* .rel.gnu.linkonce.b.*)

.rela.bss
 *(.rela.bss .rela.bss.* .rela.gnu.linkonce.b.*)

.rel.plt
 *(.rel.plt)

.rela.plt
 *(.rela.plt)

.text           0x800041a0    0x49120
 *(.text)
 .text          0x800041a0      0x44c C:/devkitPro/libogc/lib/wii\libogc.a(lwp_handler.o)
                0x800041a0                _cpu_context_save_fp
                0x800042e0                _cpu_context_restore_fp
                0x80004420                _cpu_context_switch
                0x80004500                _cpu_context_save
                0x80004580                _cpu_context_restore
 .text          0x800045ec      0x4f4 C:/devkitPro/libogc/lib/wii\libogc.a(cache_asm.o)
                0x800045ec                DCFlashInvalidate
                0x80004600                DCEnable
                0x80004614                DCDisable
                0x80004628                DCFreeze
                0x8000463c                DCUnfreeze
                0x80004650                DCTouchLoad
                0x80004658                DCBlockZero
                0x80004660                DCBlockStore
                0x80004668                DCBlockFlush
                0x80004670                DCBlockInvalidate
                0x80004678                DCInvalidateRange
                0x800046a8                DCFlushRange
                0x800046dc                DCStoreRange
                0x80004710                DCFlushRangeNoSync
                0x80004740                DCStoreRangeNoSync
                0x80004770                DCZeroRange
                0x800047a0                DCTouchRange
                0x800047d0                ICInvalidateRange
                0x80004808                ICFlashInvalidate
                0x8000481c                ICEnable
                0x80004830                ICDisable
                0x80004844                ICFreeze
                0x80004858                ICUnfreeze
                0x8000486c                ICBlockInvalidate
                0x80004874                ICSync
                0x8000487c                L2Init
                0x800048c4                L2Enable
                0x800048e0                L2Disable
                0x800048f8                L2GlobalInvalidate
                0x80004950                __LCEnable
                0x80004a1c                LCDisable
                0x80004a44                LCAllocOneTag
                0x80004a58                LCAllocTags
                0x80004a98                LCLoadBlocks
                0x80004abc                LCStoreBlocks
 .text          0x80004ae0      0x4a0 C:/devkitPro/libogc/lib/wii\libogc.a(system_asm.o)
                0x80004ae0                __realmode
                0x80004af8                __configBATS
                0x80004c28                __InitFPRS
                0x80004d54                __InitPS
                0x80004db0                __InitCache
                0x80004e08                __InitSystem
                0x80004e90                __flush_cache
                0x80004ec4                __reset
                0x80004f34                __InitBATS
                0x80004f50                SYS_SwitchFiber
 .text          0x80004f80      0x1ac C:/devkitPro/libogc/lib/wii\libogc.a(irq_handler.o)
                0x80004f80                irq_exceptionhandler
 .text          0x8000512c      0x1ac C:/devkitPro/libogc/lib/wii\libogc.a(decrementer_handler.o)
                0x8000512c                dec_exceptionhandler
 .text          0x800052d8      0x35c C:/devkitPro/libogc/lib/wii\libogc.a(exception_handler.o)
                0x800052d8                exceptionhandler_start
                0x80005354                exceptionhandler_patch
                0x80005388                exceptionhandler_end
                0x8000538c                default_exceptionhandler
                0x800054bc                fpu_exceptionhandler
                0x80005604                systemcallhandler_start
                0x80005630                systemcallhandler_end
 .text          0x80005634       0x48 C:/devkitPro/devkitPPC/bin/../lib/gcc/powerpc-eabi/13.1.0\libgcc.a(eabi.o)
                0x80005634                __eabi
 .text          0x8000567c       0x58 C:/devkitPro/devkitPPC/bin/../lib/gcc/powerpc-eabi/13.1.0\libgcc.a(crtresxfpr.o)
                0x8000567c                _restfpr_14_x
                0x80005680                _restfpr_15_x
                0x80005684                _restfpr_16_x
                0x80005688                _restfpr_17_x
                0x8000568c                _restfpr_18_x
                0x80005690                _restfpr_19_x
                0x80005694                _restfpr_20_x
                0x80005698                _restfpr_21_x
                0x8000569c                _restfpr_22_x
                0x800056a0                _restfpr_23_x
                0x800056a4                _restfpr_24_x
                0x800056a8                _restfpr_25_x
                0x800056ac                _restfpr_26_x
                0x800056b0                _restfpr_27_x
                0x800056b4                _restfpr_28_x
                0x800056b8                _restfpr_29_x
                0x800056bc                _restfpr_30_x
                0x800056c0                _restfpr_31_x
 .text          0x800056d4       0x58 C:/devkitPro/devkitPPC/bin/../lib/gcc/powerpc-eabi/13.1.0\libgcc.a(crtresxgpr.o)
                0x800056d4                _restgpr_14_x
                0x800056d8                _restgpr_15_x
                0x800056dc                _restgpr_16_x
                0x800056e0                _restgpr_17_x
                0x800056e4                _restgpr_18_x
                0x800056e8                _restgpr_19_x
                0x800056ec                _restgpr_20_x
                0x800056f0                _restgpr_21_x
                0x800056f4                _restgpr_22_x
                0x800056f8                _restgpr_23_x
                0x800056fc                _restgpr_24_x
                0x80005700                _restgpr_25_x
                0x80005704                _restgpr_26_x
                0x80005708                _restgpr_27_x
                0x8000570c                _restgpr_28_x
                0x80005710                _restgpr_29_x
                0x80005714                _restgpr_30_x
                0x80005718                _restgpr_31_x
 *(.text.*)
 .text.__do_global_dtors_aux
                0x8000572c       0xcc C:/devkitPro/devkitPPC/bin/../lib/gcc/powerpc-eabi/13.1.0/crtbegin.o
 .text.frame_dummy
                0x800057f8       0x24 C:/devkitPro/devkitPPC/bin/../lib/gcc/powerpc-eabi/13.1.0/crtbegin.o
 .text.__crtmain
                0x8000581c       0x44 C:/devkitPro/devkitPPC/bin/../lib/gcc/powerpc-eabi/13.1.0/../../../../powerpc-eabi/lib/crtmain.o
                0x80005820                __crtmain
 .text.mp3PlayerThread
                0x80005860       0x58 main.o
                0x80005860                mp3PlayerThread
 .text.streamAsciiThread
                0x800058b8       0xf0 main.o
                0x800058b8                streamAsciiThread
 .text.startup.main
                0x800059a8      0x184 main.o
                0x800059a8                main
 .text.parse_hex4
                0x80005b2c       0x7c cJSON.o
 .text.parse_string
                0x80005ba8      0x3d8 cJSON.o
 .text.buffer_skip_whitespace
                0x80005f80       0xac cJSON.o
 .text.get_object_item
                0x8000602c      0x158 cJSON.o
 .text.cJSON_GetErrorPtr
                0x80006184       0x18 cJSON.o
                0x80006184                cJSON_GetErrorPtr
 .text.cJSON_GetStringValue
                0x8000619c       0x28 cJSON.o
                0x8000619c                cJSON_GetStringValue
 .text.cJSON_Delete
                0x800061c4       0xf4 cJSON.o
                0x800061c4                cJSON_Delete
 .text.parse_value
                0x800062b8      0x650 cJSON.o
 .text.cJSON_ParseWithLengthOpts
                0x80006908      0x1e4 cJSON.o
                0x80006908                cJSON_ParseWithLengthOpts
 .text.cJSON_Parse
                0x80006aec       0x4c cJSON.o
                0x80006aec                cJSON_Parse
 .text.cJSON_GetArraySize
                0x80006b38       0x44 cJSON.o
                0x80006b38                cJSON_GetArraySize
 .text.cJSON_GetArrayItem
                0x80006b7c       0xc0 cJSON.o
                0x80006b7c                cJSON_GetArrayItem
 .text.cJSON_GetObjectItemCaseSensitive
                0x80006c3c        0x8 cJSON.o
                0x80006c3c                cJSON_GetObjectItemCaseSensitive
 .text.cJSON_IsArray
                0x80006c44       0x24 cJSON.o
                0x80006c44                cJSON_IsArray
 .text.__wpad_assign_slot
                0x80006c68      0x254 C:/devkitPro/libogc/lib/wii\libwiiuse.a(wpad.o)
                0x80006c68                __wpad_assign_slot
 .text.__wpad_def_powcb
                0x80006ebc        0x4 C:/devkitPro/libogc/lib/wii\libwiiuse.a(wpad.o)
 .text.__readlinkkey_finished
                0x80006ec0       0x34 C:/devkitPro/libogc/lib/wii\libwiiuse.a(wpad.o)
 .text.__wpad_patch_finished
                0x80006ef4       0x2c C:/devkitPro/libogc/lib/wii\libwiiuse.a(wpad.o)
 .text.__wpad_setfmt
                0x80006f20      0x158 C:/devkitPro/libogc/lib/wii\libwiiuse.a(wpad.o)
 .text.__wpad_eventCB
                0x80007078      0xaf4 C:/devkitPro/libogc/lib/wii\libwiiuse.a(wpad.o)
 .text.__wpad_disconnectCB
                0x80007b6c       0xd4 C:/devkitPro/libogc/lib/wii\libwiiuse.a(wpad.o)
                0x80007b6c                __wpad_disconnectCB
 .text.__wpad_timeouthandler
                0x80007c40       0xa8 C:/devkitPro/libogc/lib/wii\libwiiuse.a(wpad.o)
 .text.__initcore_finished
                0x80007ce8       0x48 C:/devkitPro/libogc/lib/wii\libwiiuse.a(wpad.o)
 .text.__wpad_init_finished
                0x80007d30      0x194 C:/devkitPro/libogc/lib/wii\libwiiuse.a(wpad.o)
 .text.WPAD_ReadEvent
                0x80007ec4      0x68c C:/devkitPro/libogc/lib/wii\libwiiuse.a(wpad.o)
                0x80007ec4                WPAD_ReadEvent
 .text.WPAD_ReadPending
                0x80008550      0x1a0 C:/devkitPro/libogc/lib/wii\libwiiuse.a(wpad.o)
                0x80008550                WPAD_ReadPending
 .text.WPAD_Shutdown
                0x800086f0      0x110 C:/devkitPro/libogc/lib/wii\libwiiuse.a(wpad.o)
                0x800086f0                WPAD_Shutdown
 .text.WPAD_Init
                0x80008800      0x2c4 C:/devkitPro/libogc/lib/wii\libwiiuse.a(wpad.o)
                0x80008800                WPAD_Init
 .text.__wpad_onreset
                0x80008ac4       0x34 C:/devkitPro/libogc/lib/wii\libwiiuse.a(wpad.o)
 .text.WPAD_ScanPads
                0x80008af8       0x90 C:/devkitPro/libogc/lib/wii\libwiiuse.a(wpad.o)
                0x80008af8                WPAD_ScanPads
 .text.WPAD_ButtonsDown
                0x80008b88       0x28 C:/devkitPro/libogc/lib/wii\libwiiuse.a(wpad.o)
                0x80008b88                WPAD_ButtonsDown
 .text.motion_plus_disconnected
                0x80008bb0       0x10 C:/devkitPro/libogc/lib/wii\libwiiuse.a(motion_plus.o)
                0x80008bb0                motion_plus_disconnected
 .text.motion_plus_event
                0x80008bc0       0x64 C:/devkitPro/libogc/lib/wii\libwiiuse.a(motion_plus.o)
                0x80008bc0                motion_plus_event
 .text.calculate_gforce
                0x80008c24      0x114 C:/devkitPro/libogc/lib/wii\libwiiuse.a(dynamics.o)
                0x80008c24                calculate_gforce
 .text.calc_joystick_state
                0x80008d38      0x210 C:/devkitPro/libogc/lib/wii\libwiiuse.a(dynamics.o)
                0x80008d38                calc_joystick_state
 .text.apply_smoothing
                0x80008f48      0x120 C:/devkitPro/libogc/lib/wii\libwiiuse.a(dynamics.o)
                0x80008f48                apply_smoothing
 .text.calculate_orientation
                0x80009068      0x340 C:/devkitPro/libogc/lib/wii\libwiiuse.a(dynamics.o)
                0x80009068                calculate_orientation
 .text.calc_balanceboard_state
                0x800093a8      0x3a4 C:/devkitPro/libogc/lib/wii\libwiiuse.a(dynamics.o)
                0x800093a8                calc_balanceboard_state
 .text.wiiuse_handshake
                0x8000974c      0x27c C:/devkitPro/libogc/lib/wii\libwiiuse.a(io.o)
                0x8000974c                wiiuse_handshake
 .text.wiiuse_handshake_expansion
                0x800099c8      0x1e8 C:/devkitPro/libogc/lib/wii\libwiiuse.a(io.o)
                0x800099c8                wiiuse_handshake_expansion
 .text.wiiuse_handshake_expansion_start
                0x80009bb0       0x5c C:/devkitPro/libogc/lib/wii\libwiiuse.a(io.o)
                0x80009bb0                wiiuse_handshake_expansion_start
 .text.wiiuse_disable_expansion
                0x80009c0c      0x1b0 C:/devkitPro/libogc/lib/wii\libwiiuse.a(io.o)
                0x80009c0c                wiiuse_disable_expansion
 .text.__wiiuse_connected
                0x80009dbc       0x9c C:/devkitPro/libogc/lib/wii\libwiiuse.a(io_wii.o)
 .text.__wiiuse_disconnected
                0x80009e58       0xb4 C:/devkitPro/libogc/lib/wii\libwiiuse.a(io_wii.o)
 .text.__wiiuse_receive
                0x80009f0c       0xd0 C:/devkitPro/libogc/lib/wii\libwiiuse.a(io_wii.o)
 .text.__wiiuse_sensorbar_enable
                0x80009fdc       0x54 C:/devkitPro/libogc/lib/wii\libwiiuse.a(io_wii.o)
                0x80009fdc                __wiiuse_sensorbar_enable
 .text.wiiuse_register
                0x8000a030       0xf0 C:/devkitPro/libogc/lib/wii\libwiiuse.a(io_wii.o)
                0x8000a030                wiiuse_register
 .text.wiiuse_disconnect
                0x8000a120       0x24 C:/devkitPro/libogc/lib/wii\libwiiuse.a(io_wii.o)
                0x8000a120                wiiuse_disconnect
 .text.wiiuse_init_cmd_queue
                0x8000a144       0x9c C:/devkitPro/libogc/lib/wii\libwiiuse.a(io_wii.o)
                0x8000a144                wiiuse_init_cmd_queue
 .text.wiiuse_io_write
                0x8000a1e0       0x1c C:/devkitPro/libogc/lib/wii\libwiiuse.a(io_wii.o)
                0x8000a1e0                wiiuse_io_write
 .text.rotate_dots
                0x8000a1fc      0x13c C:/devkitPro/libogc/lib/wii\libwiiuse.a(ir.o)
 .text.get_ir_sens.constprop.0.isra.0
                0x8000a338       0xdc C:/devkitPro/libogc/lib/wii\libwiiuse.a(ir.o)
 .text.wiiuse_set_ir_mode
                0x8000a414       0x5c C:/devkitPro/libogc/lib/wii\libwiiuse.a(ir.o)
                0x8000a414                wiiuse_set_ir_mode
 .text.wiiuse_set_ir
                0x8000a470      0x208 C:/devkitPro/libogc/lib/wii\libwiiuse.a(ir.o)
                0x8000a470                wiiuse_set_ir
 .text.wiiuse_set_ir_position
                0x8000a678       0x80 C:/devkitPro/libogc/lib/wii\libwiiuse.a(ir.o)
                0x8000a678                wiiuse_set_ir_position
 .text.wiiuse_set_aspect_ratio
                0x8000a6f8       0xac C:/devkitPro/libogc/lib/wii\libwiiuse.a(ir.o)
                0x8000a6f8                wiiuse_set_aspect_ratio
 .text.wiiuse_set_ir_sensitivity
                0x8000a7a4       0xd0 C:/devkitPro/libogc/lib/wii\libwiiuse.a(ir.o)
                0x8000a7a4                wiiuse_set_ir_sensitivity
 .text.calculate_basic_ir
                0x8000a874       0xe8 C:/devkitPro/libogc/lib/wii\libwiiuse.a(ir.o)
                0x8000a874                calculate_basic_ir
 .text.calculate_extended_ir
                0x8000a95c       0x64 C:/devkitPro/libogc/lib/wii\libwiiuse.a(ir.o)
                0x8000a95c                calculate_extended_ir
 .text.find_sensorbar
                0x8000a9c0      0x9f4 C:/devkitPro/libogc/lib/wii\libwiiuse.a(ir.o)
                0x8000a9c0                find_sensorbar
 .text.apply_ir_smoothing
                0x8000b3b4      0x124 C:/devkitPro/libogc/lib/wii\libwiiuse.a(ir.o)
                0x8000b3b4                apply_ir_smoothing
 .text.interpret_ir_data
                0x8000b4d8      0x3c8 C:/devkitPro/libogc/lib/wii\libwiiuse.a(ir.o)
                0x8000b4d8                interpret_ir_data
 .text.nunchuk_handshake
                0x8000b8a0      0x34c C:/devkitPro/libogc/lib/wii\libwiiuse.a(nunchuk.o)
                0x8000b8a0                nunchuk_handshake
 .text.nunchuk_disconnected
                0x8000bbec        0xc C:/devkitPro/libogc/lib/wii\libwiiuse.a(nunchuk.o)
                0x8000bbec                nunchuk_disconnected
 .text.nunchuk_event
                0x8000bbf8       0xe8 C:/devkitPro/libogc/lib/wii\libwiiuse.a(nunchuk.o)
                0x8000bbf8                nunchuk_event
 .text.wii_board_handshake
                0x8000bce0      0x284 C:/devkitPro/libogc/lib/wii\libwiiuse.a(wiiboard.o)
                0x8000bce0                wii_board_handshake
 .text.wii_board_disconnected
                0x8000bf64        0xc C:/devkitPro/libogc/lib/wii\libwiiuse.a(wiiboard.o)
                0x8000bf64                wii_board_disconnected
 .text.wii_board_event
                0x8000bf70       0x24 C:/devkitPro/libogc/lib/wii\libwiiuse.a(wiiboard.o)
                0x8000bf70                wii_board_event
 .text.wiiuse_send_next_command
                0x8000bf94       0x58 C:/devkitPro/libogc/lib/wii\libwiiuse.a(wiiuse.o)
                0x8000bf94                wiiuse_send_next_command
 .text.wiiuse_init
                0x8000bfec      0x210 C:/devkitPro/libogc/lib/wii\libwiiuse.a(wiiuse.o)
                0x8000bfec                wiiuse_init
 .text.wiiuse_set_flags
                0x8000c1fc       0x28 C:/devkitPro/libogc/lib/wii\libwiiuse.a(wiiuse.o)
                0x8000c1fc                wiiuse_set_flags
 .text.wiiuse_read_data
                0x8000c224      0x154 C:/devkitPro/libogc/lib/wii\libwiiuse.a(wiiuse.o)
                0x8000c224                wiiuse_read_data
 .text.wiiuse_write_data
                0x8000c378      0x184 C:/devkitPro/libogc/lib/wii\libwiiuse.a(wiiuse.o)
                0x8000c378                wiiuse_write_data
 .text.wiiuse_sendcmd
                0x8000c4fc      0x144 C:/devkitPro/libogc/lib/wii\libwiiuse.a(wiiuse.o)
                0x8000c4fc                wiiuse_sendcmd
 .text.wiiuse_set_leds
                0x8000c640       0x50 C:/devkitPro/libogc/lib/wii\libwiiuse.a(wiiuse.o)
                0x8000c640                wiiuse_set_leds
 .text.wiiuse_set_report_type
                0x8000c690       0xd4 C:/devkitPro/libogc/lib/wii\libwiiuse.a(wiiuse.o)
                0x8000c690                wiiuse_set_report_type
 .text.wiiuse_status
                0x8000c764       0x4c C:/devkitPro/libogc/lib/wii\libwiiuse.a(wiiuse.o)
                0x8000c764                wiiuse_status
 .text.wiiuse_motion_sensing
                0x8000c7b0       0x84 C:/devkitPro/libogc/lib/wii\libwiiuse.a(wiiuse.o)
                0x8000c7b0                wiiuse_motion_sensing
 .text.wiiuse_set_speaker
                0x8000c834      0x240 C:/devkitPro/libogc/lib/wii\libwiiuse.a(speaker.o)
                0x8000c834                wiiuse_set_speaker
 .text.classic_ctrl_handshake
                0x8000ca74      0x410 C:/devkitPro/libogc/lib/wii\libwiiuse.a(classic.o)
                0x8000ca74                classic_ctrl_handshake
 .text.classic_ctrl_disconnected
                0x8000ce84        0xc C:/devkitPro/libogc/lib/wii\libwiiuse.a(classic.o)
                0x8000ce84                classic_ctrl_disconnected
 .text.classic_ctrl_event
                0x8000ce90      0x158 C:/devkitPro/libogc/lib/wii\libwiiuse.a(classic.o)
                0x8000ce90                classic_ctrl_event
 .text.handle_expansion
                0x8000cfe8       0x54 C:/devkitPro/libogc/lib/wii\libwiiuse.a(events.o)
 .text.parse_event
                0x8000d03c      0x730 C:/devkitPro/libogc/lib/wii\libwiiuse.a(events.o)
                0x8000d03c                parse_event
 .text.guitar_hero_3_handshake
                0x8000d76c       0x5c C:/devkitPro/libogc/lib/wii\libwiiuse.a(guitar_hero_3.o)
                0x8000d76c                guitar_hero_3_handshake
 .text.guitar_hero_3_disconnected
                0x8000d7c8        0xc C:/devkitPro/libogc/lib/wii\libwiiuse.a(guitar_hero_3.o)
                0x8000d7c8                guitar_hero_3_disconnected
 .text.guitar_hero_3_event
                0x8000d7d4       0x60 C:/devkitPro/libogc/lib/wii\libwiiuse.a(guitar_hero_3.o)
                0x8000d7d4                guitar_hero_3_event
 .text.acl_wlp_completed
                0x8000d834        0x8 C:/devkitPro/libogc/lib/wii\libbte.a(bte.o)
                0x8000d834                acl_wlp_completed
 .text.bt_alarmhandler
                0x8000d83c       0x58 C:/devkitPro/libogc/lib/wii\libbte.a(bte.o)
 .text.__bte_send_pending_request
                0x8000d894      0x108 C:/devkitPro/libogc/lib/wii\libbte.a(bte.o)
 .text.acl_conn_complete
                0x8000d99c       0x2c C:/devkitPro/libogc/lib/wii\libbte.a(bte.o)
                0x8000d99c                acl_conn_complete
 .text.l2cap_accepted
                0x8000d9c8      0x128 C:/devkitPro/libogc/lib/wii\libbte.a(bte.o)
                0x8000d9c8                l2cap_accepted
 .text.bte_process_input
                0x8000daf0      0x128 C:/devkitPro/libogc/lib/wii\libbte.a(bte.o)
 .text.l2cap_disconnect_cfm
                0x8000dc18      0x19c C:/devkitPro/libogc/lib/wii\libbte.a(bte.o)
                0x8000dc18                l2cap_disconnect_cfm
 .text.l2cap_disconnected_ind
                0x8000ddb4      0x1a4 C:/devkitPro/libogc/lib/wii\libbte.a(bte.o)
                0x8000ddb4                l2cap_disconnected_ind
 .text.__bte_shutdown_finished
                0x8000df58       0xe0 C:/devkitPro/libogc/lib/wii\libbte.a(bte.o)
 .text.bte_hci_apply_patch_complete
                0x8000e038      0x164 C:/devkitPro/libogc/lib/wii\libbte.a(bte.o)
                0x8000e038                bte_hci_apply_patch_complete
 .text.bte_hci_patch_complete
                0x8000e19c      0x384 C:/devkitPro/libogc/lib/wii\libbte.a(bte.o)
                0x8000e19c                bte_hci_patch_complete
 .text.bte_hci_initcore_complete
                0x8000e520      0x27c C:/devkitPro/libogc/lib/wii\libbte.a(bte.o)
                0x8000e520                bte_hci_initcore_complete
 .text.bte_read_stored_link_key_complete
                0x8000e79c      0x284 C:/devkitPro/libogc/lib/wii\libbte.a(bte.o)
                0x8000e79c                bte_read_stored_link_key_complete
 .text.bte_hci_initcore_complete2
                0x8000ea20      0x228 C:/devkitPro/libogc/lib/wii\libbte.a(bte.o)
 .text.bte_hci_initsub_complete
                0x8000ec48      0x2b4 C:/devkitPro/libogc/lib/wii\libbte.a(bte.o)
                0x8000ec48                bte_hci_initsub_complete
 .text.BTE_Init
                0x8000eefc      0x138 C:/devkitPro/libogc/lib/wii\libbte.a(bte.o)
                0x8000eefc                BTE_Init
 .text.BTE_Shutdown
                0x8000f034      0x100 C:/devkitPro/libogc/lib/wii\libbte.a(bte.o)
                0x8000f034                BTE_Shutdown
 .text.BTE_InitCore
                0x8000f134       0x8c C:/devkitPro/libogc/lib/wii\libbte.a(bte.o)
                0x8000f134                BTE_InitCore
 .text.BTE_ApplyPatch
                0x8000f1c0       0xa4 C:/devkitPro/libogc/lib/wii\libbte.a(bte.o)
                0x8000f1c0                BTE_ApplyPatch
 .text.BTE_InitSub
                0x8000f264       0x90 C:/devkitPro/libogc/lib/wii\libbte.a(bte.o)
                0x8000f264                BTE_InitSub
 .text.BTE_ReadStoredLinkKey
                0x8000f2f4       0x90 C:/devkitPro/libogc/lib/wii\libbte.a(bte.o)
                0x8000f2f4                BTE_ReadStoredLinkKey
 .text.BTE_SetDisconnectCallback
                0x8000f384        0x4 C:/devkitPro/libogc/lib/wii\libbte.a(bte.o)
                0x8000f384                BTE_SetDisconnectCallback
 .text.bte_new  0x8000f388       0x54 C:/devkitPro/libogc/lib/wii\libbte.a(bte.o)
                0x8000f388                bte_new
 .text.bte_registerdeviceasync
                0x8000f3dc      0x158 C:/devkitPro/libogc/lib/wii\libbte.a(bte.o)
                0x8000f3dc                bte_registerdeviceasync
 .text.bte_disconnect
                0x8000f534       0xd8 C:/devkitPro/libogc/lib/wii\libbte.a(bte.o)
                0x8000f534                bte_disconnect
 .text.bte_senddata
                0x8000f60c      0x100 C:/devkitPro/libogc/lib/wii\libbte.a(bte.o)
                0x8000f60c                bte_senddata
 .text.bte_arg  0x8000f70c       0x38 C:/devkitPro/libogc/lib/wii\libbte.a(bte.o)
                0x8000f70c                bte_arg
 .text.bte_received
                0x8000f744       0x38 C:/devkitPro/libogc/lib/wii\libbte.a(bte.o)
                0x8000f744                bte_received
 .text.bte_disconnected
                0x8000f77c       0x38 C:/devkitPro/libogc/lib/wii\libbte.a(bte.o)
                0x8000f77c                bte_disconnected
 .text.hci_get_link
                0x8000f7b4       0x84 C:/devkitPro/libogc/lib/wii\libbte.a(hci.o)
 .text.hci_init
                0x8000f838       0x80 C:/devkitPro/libogc/lib/wii\libbte.a(hci.o)
                0x8000f838                hci_init
 .text.hci_close
                0x8000f8b8       0xd0 C:/devkitPro/libogc/lib/wii\libbte.a(hci.o)
                0x8000f8b8                hci_close
 .text.hci_reset_all
                0x8000f988       0xb8 C:/devkitPro/libogc/lib/wii\libbte.a(hci.o)
                0x8000f988                hci_reset_all
 .text.hci_arg  0x8000fa40        0xc C:/devkitPro/libogc/lib/wii\libbte.a(hci.o)
                0x8000fa40                hci_arg
 .text.hci_cmd_complete
                0x8000fa4c        0xc C:/devkitPro/libogc/lib/wii\libbte.a(hci.o)
                0x8000fa4c                hci_cmd_complete
 .text.hci_connection_complete
                0x8000fa58        0xc C:/devkitPro/libogc/lib/wii\libbte.a(hci.o)
                0x8000fa58                hci_connection_complete
 .text.hci_wlp_complete
                0x8000fa64        0xc C:/devkitPro/libogc/lib/wii\libbte.a(hci.o)
                0x8000fa64                hci_wlp_complete
 .text.hci_reset
                0x8000fa70       0xac C:/devkitPro/libogc/lib/wii\libbte.a(hci.o)
                0x8000fa70                hci_reset
 .text.hci_read_buffer_size
                0x8000fb1c       0xac C:/devkitPro/libogc/lib/wii\libbte.a(hci.o)
                0x8000fb1c                hci_read_buffer_size
 .text.hci_read_bd_addr
                0x8000fbc8       0xac C:/devkitPro/libogc/lib/wii\libbte.a(hci.o)
                0x8000fbc8                hci_read_bd_addr
 .text.hci_read_local_version
                0x8000fc74       0xa8 C:/devkitPro/libogc/lib/wii\libbte.a(hci.o)
                0x8000fc74                hci_read_local_version
 .text.hci_read_local_features
                0x8000fd1c       0xac C:/devkitPro/libogc/lib/wii\libbte.a(hci.o)
                0x8000fd1c                hci_read_local_features
 .text.hci_read_stored_link_key
                0x8000fdc8      0x100 C:/devkitPro/libogc/lib/wii\libbte.a(hci.o)
                0x8000fdc8                hci_read_stored_link_key
 .text.hci_write_page_timeout
                0x8000fec8       0xd0 C:/devkitPro/libogc/lib/wii\libbte.a(hci.o)
                0x8000fec8                hci_write_page_timeout
 .text.hci_write_scan_enable
                0x8000ff98       0xbc C:/devkitPro/libogc/lib/wii\libbte.a(hci.o)
                0x8000ff98                hci_write_scan_enable
 .text.hci_accecpt_conn_request
                0x80010054       0xe0 C:/devkitPro/libogc/lib/wii\libbte.a(hci.o)
                0x80010054                hci_accecpt_conn_request
 .text.hci_write_local_name
                0x80010134       0xd8 C:/devkitPro/libogc/lib/wii\libbte.a(hci.o)
                0x80010134                hci_write_local_name
 .text.hci_write_pin_type
                0x8001020c       0xbc C:/devkitPro/libogc/lib/wii\libbte.a(hci.o)
                0x8001020c                hci_write_pin_type
 .text.hci_write_inquiry_mode
                0x800102c8       0xbc C:/devkitPro/libogc/lib/wii\libbte.a(hci.o)
                0x800102c8                hci_write_inquiry_mode
 .text.hci_write_page_scan_type
                0x80010384       0xbc C:/devkitPro/libogc/lib/wii\libbte.a(hci.o)
                0x80010384                hci_write_page_scan_type
 .text.hci_write_inquiry_scan_type
                0x80010440       0xbc C:/devkitPro/libogc/lib/wii\libbte.a(hci.o)
                0x80010440                hci_write_inquiry_scan_type
 .text.hci_vendor_specific_command
                0x800104fc       0xe8 C:/devkitPro/libogc/lib/wii\libbte.a(hci.o)
                0x800104fc                hci_vendor_specific_command
 .text.hci_write_link_policy_settings
                0x800105e4      0x104 C:/devkitPro/libogc/lib/wii\libbte.a(hci.o)
                0x800105e4                hci_write_link_policy_settings
 .text.hci_pin_code_request_neg_reply
                0x800106e8       0xcc C:/devkitPro/libogc/lib/wii\libbte.a(hci.o)
                0x800106e8                hci_pin_code_request_neg_reply
 .text.hci_link_key_req_neg_reply
                0x800107b4       0xcc C:/devkitPro/libogc/lib/wii\libbte.a(hci.o)
                0x800107b4                hci_link_key_req_neg_reply
 .text.hci_disconnect
                0x80010880       0xfc C:/devkitPro/libogc/lib/wii\libbte.a(hci.o)
                0x80010880                hci_disconnect
 .text.hci_write_cod
                0x8001097c       0xcc C:/devkitPro/libogc/lib/wii\libbte.a(hci.o)
                0x8001097c                hci_write_cod
 .text.hci_host_buffer_size
                0x80010a48      0x10c C:/devkitPro/libogc/lib/wii\libbte.a(hci.o)
                0x80010a48                hci_host_buffer_size
 .text.hci_host_num_comp_packets
                0x80010b54      0x108 C:/devkitPro/libogc/lib/wii\libbte.a(hci.o)
                0x80010b54                hci_host_num_comp_packets
 .text.lp_pdu_maxsize
                0x80010c5c        0xc C:/devkitPro/libogc/lib/wii\libbte.a(hci.o)
                0x80010c5c                lp_pdu_maxsize
 .text.lp_acl_write
                0x80010c68      0x158 C:/devkitPro/libogc/lib/wii\libbte.a(hci.o)
                0x80010c68                lp_acl_write
 .text.lp_write_flush_timeout
                0x80010dc0      0x104 C:/devkitPro/libogc/lib/wii\libbte.a(hci.o)
                0x80010dc0                lp_write_flush_timeout
 .text.hci_event_handler
                0x80010ec4      0xc74 C:/devkitPro/libogc/lib/wii\libbte.a(hci.o)
                0x80010ec4                hci_event_handler
 .text.hci_acldata_handler
                0x80011b38      0x11c C:/devkitPro/libogc/lib/wii\libbte.a(hci.o)
                0x80011b38                hci_acldata_handler
 .text.l2cap_init
                0x80011c54       0x60 C:/devkitPro/libogc/lib/wii\libbte.a(l2cap.o)
                0x80011c54                l2cap_init
 .text.l2cap_write
                0x80011cb4      0x1a0 C:/devkitPro/libogc/lib/wii\libbte.a(l2cap.o)
                0x80011cb4                l2cap_write
 .text.l2cap_new
                0x80011e54       0x60 C:/devkitPro/libogc/lib/wii\libbte.a(l2cap.o)
                0x80011e54                l2cap_new
 .text.l2cap_close
                0x80011eb4      0x1d4 C:/devkitPro/libogc/lib/wii\libbte.a(l2cap.o)
                0x80011eb4                l2cap_close
 .text.l2cap_reset_all
                0x80012088      0x154 C:/devkitPro/libogc/lib/wii\libbte.a(l2cap.o)
                0x80012088                l2cap_reset_all
 .text.l2cap_signal
                0x800121dc      0x204 C:/devkitPro/libogc/lib/wii\libbte.a(l2cap.o)
                0x800121dc                l2cap_signal
 .text.l2ca_config_req
                0x800123e0      0x158 C:/devkitPro/libogc/lib/wii\libbte.a(l2cap.o)
                0x800123e0                l2ca_config_req
 .text.l2ca_disconnect_req
                0x80012538       0xcc C:/devkitPro/libogc/lib/wii\libbte.a(l2cap.o)
                0x80012538                l2ca_disconnect_req
 .text.l2cap_tmr
                0x80012604      0x260 C:/devkitPro/libogc/lib/wii\libbte.a(l2cap.o)
                0x80012604                l2cap_tmr
 .text.l2cap_process_sig
                0x80012864     0x12e8 C:/devkitPro/libogc/lib/wii\libbte.a(l2cap.o)
                0x80012864                l2cap_process_sig
 .text.l2cap_input
                0x80013b4c      0x574 C:/devkitPro/libogc/lib/wii\libbte.a(l2cap.o)
                0x80013b4c                l2cap_input
 .text.l2ca_datawrite
                0x800140c0      0x124 C:/devkitPro/libogc/lib/wii\libbte.a(l2cap.o)
                0x800140c0                l2ca_datawrite
 .text.lp_connect_cfm
                0x800141e4      0x184 C:/devkitPro/libogc/lib/wii\libbte.a(l2cap.o)
                0x800141e4                lp_connect_cfm
 .text.lp_connect_ind
                0x80014368        0x4 C:/devkitPro/libogc/lib/wii\libbte.a(l2cap.o)
                0x80014368                lp_connect_ind
 .text.lp_disconnect_ind
                0x8001436c      0x124 C:/devkitPro/libogc/lib/wii\libbte.a(l2cap.o)
                0x8001436c                lp_disconnect_ind
 .text.l2cap_disconnect_bb
                0x80014490       0x10 C:/devkitPro/libogc/lib/wii\libbte.a(l2cap.o)
                0x80014490                l2cap_disconnect_bb
 .text.l2cap_arg
                0x800144a0        0x8 C:/devkitPro/libogc/lib/wii\libbte.a(l2cap.o)
                0x800144a0                l2cap_arg
 .text.l2cap_connect_ind
                0x800144a8      0x104 C:/devkitPro/libogc/lib/wii\libbte.a(l2cap.o)
                0x800144a8                l2cap_connect_ind
 .text.l2cap_disconnect_ind
                0x800145ac        0x8 C:/devkitPro/libogc/lib/wii\libbte.a(l2cap.o)
                0x800145ac                l2cap_disconnect_ind
 .text.l2cap_recv
                0x800145b4        0x8 C:/devkitPro/libogc/lib/wii\libbte.a(l2cap.o)
                0x800145b4                l2cap_recv
 .text.btmemb_init
                0x800145bc       0x24 C:/devkitPro/libogc/lib/wii\libbte.a(btmemb.o)
                0x800145bc                btmemb_init
 .text.btmemb_alloc
                0x800145e0       0x98 C:/devkitPro/libogc/lib/wii\libbte.a(btmemb.o)
                0x800145e0                btmemb_alloc
 .text.btmemb_free
                0x80014678      0x114 C:/devkitPro/libogc/lib/wii\libbte.a(btmemb.o)
                0x80014678                btmemb_free
 .text.plug_holes
                0x8001478c       0xac C:/devkitPro/libogc/lib/wii\libbte.a(btmemr.o)
 .text.btmemr_init
                0x80014838       0xa4 C:/devkitPro/libogc/lib/wii\libbte.a(btmemr.o)
                0x80014838                btmemr_init
 .text.btmemr_malloc
                0x800148dc      0x17c C:/devkitPro/libogc/lib/wii\libbte.a(btmemr.o)
                0x800148dc                btmemr_malloc
 .text.btmemr_free
                0x80014a58       0x98 C:/devkitPro/libogc/lib/wii\libbte.a(btmemr.o)
                0x80014a58                btmemr_free
 .text.btmemr_realloc
                0x80014af0      0x108 C:/devkitPro/libogc/lib/wii\libbte.a(btmemr.o)
                0x80014af0                btmemr_realloc
 .text.btpbuf_init
                0x80014bf8       0x28 C:/devkitPro/libogc/lib/wii\libbte.a(btpbuf.o)
                0x80014bf8                btpbuf_init
 .text.btpbuf_free
                0x80014c20      0x11c C:/devkitPro/libogc/lib/wii\libbte.a(btpbuf.o)
                0x80014c20                btpbuf_free
 .text.btpbuf_alloc
                0x80014d3c      0x258 C:/devkitPro/libogc/lib/wii\libbte.a(btpbuf.o)
                0x80014d3c                btpbuf_alloc
 .text.btpbuf_realloc
                0x80014f94      0x110 C:/devkitPro/libogc/lib/wii\libbte.a(btpbuf.o)
                0x80014f94                btpbuf_realloc
 .text.btpbuf_header
                0x800150a4       0x88 C:/devkitPro/libogc/lib/wii\libbte.a(btpbuf.o)
                0x800150a4                btpbuf_header
 .text.btpbuf_ref
                0x8001512c       0x48 C:/devkitPro/libogc/lib/wii\libbte.a(btpbuf.o)
                0x8001512c                btpbuf_ref
 .text.btpbuf_chain
                0x80015174       0x9c C:/devkitPro/libogc/lib/wii\libbte.a(btpbuf.o)
                0x80015174                btpbuf_chain
 .text.btpbuf_dechain
                0x80015210       0x7c C:/devkitPro/libogc/lib/wii\libbte.a(btpbuf.o)
                0x80015210                btpbuf_dechain
 .text.btpbuf_take
                0x8001528c      0x13c C:/devkitPro/libogc/lib/wii\libbte.a(btpbuf.o)
                0x8001528c                btpbuf_take
 .text.__usb_closeCB
                0x800153c8       0x10 C:/devkitPro/libogc/lib/wii\libbte.a(physbusif.o)
 .text.__writebulkmsgCB
                0x800153d8       0x3c C:/devkitPro/libogc/lib/wii\libbte.a(physbusif.o)
 .text.__writectrlmsgCB
                0x80015414       0x3c C:/devkitPro/libogc/lib/wii\libbte.a(physbusif.o)
 .text.__issue_intrread.part.0
                0x80015450       0x80 C:/devkitPro/libogc/lib/wii\libbte.a(physbusif.o)
 .text.__readintrdataCB
                0x800154d0      0x148 C:/devkitPro/libogc/lib/wii\libbte.a(physbusif.o)
 .text.__issue_bulkread.part.0
                0x80015618       0x80 C:/devkitPro/libogc/lib/wii\libbte.a(physbusif.o)
 .text.__readbulkdataCB
                0x80015698      0x148 C:/devkitPro/libogc/lib/wii\libbte.a(physbusif.o)
 .text.physbusif_init
                0x800157e0      0x1ec C:/devkitPro/libogc/lib/wii\libbte.a(physbusif.o)
                0x800157e0                physbusif_init
 .text.physbusif_close
                0x800159cc       0x20 C:/devkitPro/libogc/lib/wii\libbte.a(physbusif.o)
                0x800159cc                physbusif_close
 .text.physbusif_shutdown
                0x800159ec       0x24 C:/devkitPro/libogc/lib/wii\libbte.a(physbusif.o)
                0x800159ec                physbusif_shutdown
 .text.physbusif_reset_all
                0x80015a10        0x4 C:/devkitPro/libogc/lib/wii\libbte.a(physbusif.o)
                0x80015a10                physbusif_reset_all
 .text.physbusif_output
                0x80015a14      0x1c4 C:/devkitPro/libogc/lib/wii\libbte.a(physbusif.o)
                0x80015a14                physbusif_output
 .text.Do3Band  0x80015bd8      0x128 C:/devkitPro/libogc/lib/wii\libmad.a(mp3player.o)
 .text._mp3ramcopy
                0x80015d00       0x7c C:/devkitPro/libogc/lib/wii\libmad.a(mp3player.o)
 .text.StreamPlay
                0x80015d7c      0x664 C:/devkitPro/libogc/lib/wii\libmad.a(mp3player.o)
 .text.DataTransferCallback
                0x800163e0      0x540 C:/devkitPro/libogc/lib/wii\libmad.a(mp3player.o)
 .text.MP3Player_Init
                0x80016920       0x3c C:/devkitPro/libogc/lib/wii\libmad.a(mp3player.o)
                0x80016920                MP3Player_Init
 .text.MP3Player_PlayBuffer
                0x8001695c       0x88 C:/devkitPro/libogc/lib/wii\libmad.a(mp3player.o)
                0x8001695c                MP3Player_PlayBuffer
 .text.MP3Player_IsPlaying
                0x800169e4        0x8 C:/devkitPro/libogc/lib/wii\libmad.a(mp3player.o)
                0x800169e4                MP3Player_IsPlaying
 .text.decode_header
                0x800169ec      0x2c0 C:/devkitPro/libogc/lib/wii\libmad.a(frame.o)
 .text.mad_frame_init
                0x80016cac       0x54 C:/devkitPro/libogc/lib/wii\libmad.a(frame.o)
                0x80016cac                mad_frame_init
 .text.mad_frame_finish
                0x80016d00       0x40 C:/devkitPro/libogc/lib/wii\libmad.a(frame.o)
                0x80016d00                mad_frame_finish
 .text.mad_header_decode
                0x80016d40      0x4bc C:/devkitPro/libogc/lib/wii\libmad.a(frame.o)
                0x80016d40                mad_header_decode
 .text.mad_frame_decode
                0x800171fc       0xf8 C:/devkitPro/libogc/lib/wii\libmad.a(frame.o)
                0x800171fc                mad_frame_decode
 .text.I_sample
                0x800172f4       0x80 C:/devkitPro/libogc/lib/wii\libmad.a(layer12.o)
 .text.II_samples
                0x80017374      0x134 C:/devkitPro/libogc/lib/wii\libmad.a(layer12.o)
 .text.mad_layer_I
                0x800174a8      0x4b4 C:/devkitPro/libogc/lib/wii\libmad.a(layer12.o)
                0x800174a8                mad_layer_I
 .text.mad_layer_II
                0x8001795c      0xa04 C:/devkitPro/libogc/lib/wii\libmad.a(layer12.o)
                0x8001795c                mad_layer_II
 .text.III_requantize
                0x80018360       0xb8 C:/devkitPro/libogc/lib/wii\libmad.a(layer3.o)
 .text.III_aliasreduce
                0x80018418       0xe4 C:/devkitPro/libogc/lib/wii\libmad.a(layer3.o)
 .text.III_imdct_l
                0x800184fc     0x1810 C:/devkitPro/libogc/lib/wii\libmad.a(layer3.o)
 .text.III_imdct_s
                0x80019d0c      0x2d8 C:/devkitPro/libogc/lib/wii\libmad.a(layer3.o)
 .text.III_freqinver
                0x80019fe4       0x88 C:/devkitPro/libogc/lib/wii\libmad.a(layer3.o)
 .text.III_decode
                0x8001a06c     0x1f78 C:/devkitPro/libogc/lib/wii\libmad.a(layer3.o)
 .text.mad_layer_III
                0x8001bfe4      0x84c C:/devkitPro/libogc/lib/wii\libmad.a(layer3.o)
                0x8001bfe4                mad_layer_III
 .text.mad_stream_init
                0x8001c830       0x7c C:/devkitPro/libogc/lib/wii\libmad.a(stream.o)
                0x8001c830                mad_stream_init
 .text.mad_stream_finish
                0x8001c8ac       0x40 C:/devkitPro/libogc/lib/wii\libmad.a(stream.o)
                0x8001c8ac                mad_stream_finish
 .text.mad_stream_buffer
                0x8001c8ec       0x28 C:/devkitPro/libogc/lib/wii\libmad.a(stream.o)
                0x8001c8ec                mad_stream_buffer
 .text.mad_stream_sync
                0x8001c914       0xa0 C:/devkitPro/libogc/lib/wii\libmad.a(stream.o)
                0x8001c914                mad_stream_sync
 .text.dct32    0x8001c9b4      0xea8 C:/devkitPro/libogc/lib/wii\libmad.a(synth.o)
 .text.synth_full
                0x8001d85c      0x83c C:/devkitPro/libogc/lib/wii\libmad.a(synth.o)
 .text.synth_half
                0x8001e098      0x858 C:/devkitPro/libogc/lib/wii\libmad.a(synth.o)
 .text.mad_synth_mute
                0x8001e8f0       0x40 C:/devkitPro/libogc/lib/wii\libmad.a(synth.o)
                0x8001e8f0                mad_synth_mute
 .text.mad_synth_init
                0x8001e930       0x3c C:/devkitPro/libogc/lib/wii\libmad.a(synth.o)
                0x8001e930                mad_synth_init
 .text.mad_synth_frame
                0x8001e96c      0x154 C:/devkitPro/libogc/lib/wii\libmad.a(synth.o)
                0x8001e96c                mad_synth_frame
 .text.scale_rational
                0x8001eac0       0xe4 C:/devkitPro/libogc/lib/wii\libmad.a(timer.o)
 .text.mad_timer_set
                0x8001eba4      0x1a4 C:/devkitPro/libogc/lib/wii\libmad.a(timer.o)
                0x8001eba4                mad_timer_set
 .text.mad_timer_add
                0x8001ed48       0x60 C:/devkitPro/libogc/lib/wii\libmad.a(timer.o)
                0x8001ed48                mad_timer_add
 .text.mad_bit_init
                0x8001eda8       0x10 C:/devkitPro/libogc/lib/wii\libmad.a(bit.o)
                0x8001eda8                mad_bit_init
 .text.mad_bit_length
                0x8001edb8       0x2c C:/devkitPro/libogc/lib/wii\libmad.a(bit.o)
                0x8001edb8                mad_bit_length
 .text.mad_bit_nextbyte
                0x8001ede4       0x18 C:/devkitPro/libogc/lib/wii\libmad.a(bit.o)
                0x8001ede4                mad_bit_nextbyte
 .text.mad_bit_skip
                0x8001edfc       0x60 C:/devkitPro/libogc/lib/wii\libmad.a(bit.o)
                0x8001edfc                mad_bit_skip
 .text.mad_bit_read
                0x8001ee5c      0x114 C:/devkitPro/libogc/lib/wii\libmad.a(bit.o)
                0x8001ee5c                mad_bit_read
 .text.mad_bit_crc
                0x8001ef70      0x1ec C:/devkitPro/libogc/lib/wii\libmad.a(bit.o)
                0x8001ef70                mad_bit_crc
 .text.__dsp_donecallback
                0x8001f15c        0xc C:/devkitPro/libogc/lib/wii\libasnd.a(asndlib.o)
 .text.__dsp_initcallback
                0x8001f168       0x58 C:/devkitPro/libogc/lib/wii\libasnd.a(asndlib.o)
 .text.audio_dma_callback
                0x8001f1c0      0x5a0 C:/devkitPro/libogc/lib/wii\libasnd.a(asndlib.o)
 .text.__dsp_requestcallback
                0x8001f760      0x65c C:/devkitPro/libogc/lib/wii\libasnd.a(asndlib.o)
 .text.ASND_Init
                0x8001fdbc      0x1c0 C:/devkitPro/libogc/lib/wii\libasnd.a(asndlib.o)
                0x8001fdbc                ASND_Init
 .text.ASND_SetVoice
                0x8001ff7c      0x200 C:/devkitPro/libogc/lib/wii\libasnd.a(asndlib.o)
                0x8001ff7c                ASND_SetVoice
 .text.ASND_AddVoice
                0x8002017c      0x110 C:/devkitPro/libogc/lib/wii\libasnd.a(asndlib.o)
                0x8002017c                ASND_AddVoice
 .text.ASND_TestPointer
                0x8002028c       0x78 C:/devkitPro/libogc/lib/wii\libasnd.a(asndlib.o)
                0x8002028c                ASND_TestPointer
 .text.ASND_StopVoice
                0x80020304       0x74 C:/devkitPro/libogc/lib/wii\libasnd.a(asndlib.o)
                0x80020304                ASND_StopVoice
 .text.ASND_StatusVoice
                0x80020378       0x8c C:/devkitPro/libogc/lib/wii\libasnd.a(asndlib.o)
                0x80020378                ASND_StatusVoice
 .text.ASND_Pause
                0x80020404        0x8 C:/devkitPro/libogc/lib/wii\libasnd.a(asndlib.o)
                0x80020404                ASND_Pause
 .text.__console_clear_line
                0x8002040c       0x98 C:/devkitPro/libogc/lib/wii\libogc.a(console.o)
 .text.__console_clear
                0x800204a4       0xbc C:/devkitPro/libogc/lib/wii\libogc.a(console.o)
 .text.__console_write
                0x80020560      0x82c C:/devkitPro/libogc/lib/wii\libogc.a(console.o)
                0x80020560                __console_write
 .text.__console_init
                0x80020d8c      0x120 C:/devkitPro/libogc/lib/wii\libogc.a(console.o)
                0x80020d8c                __console_init
 .text.CON_Init
                0x80020eac        0x4 C:/devkitPro/libogc/lib/wii\libogc.a(console.o)
                0x80020eac                CON_Init
 .text.CON_EnableGecko
                0x80020eb0      0x100 C:/devkitPro/libogc/lib/wii\libogc.a(console.o)
                0x80020eb0                CON_EnableGecko
 .text.__lwp_queue_initialize
                0x80020fb0       0x98 C:/devkitPro/libogc/lib/wii\libogc.a(lwp_queue.o)
                0x80020fb0                __lwp_queue_initialize
 .text.__lwp_queue_get
                0x80021048       0x74 C:/devkitPro/libogc/lib/wii\libogc.a(lwp_queue.o)
                0x80021048                __lwp_queue_get
 .text.__lwp_queue_append
                0x800210bc       0x4c C:/devkitPro/libogc/lib/wii\libogc.a(lwp_queue.o)
                0x800210bc                __lwp_queue_append
 .text.__lwp_isr_in_progress
                0x80021108        0x8 C:/devkitPro/libogc/lib/wii\libogc.a(lwp_threads.o)
                0x80021108                __lwp_isr_in_progress
 .text.__thread_dispatch_fp
                0x80021110       0x88 C:/devkitPro/libogc/lib/wii\libogc.a(lwp_threads.o)
                0x80021110                __thread_dispatch_fp
 .text.__thread_dispatch
                0x80021198      0x110 C:/devkitPro/libogc/lib/wii\libogc.a(lwp_threads.o)
                0x80021198                __thread_dispatch
 .text.__lwp_thread_resettimeslice
                0x800212a8       0xb4 C:/devkitPro/libogc/lib/wii\libogc.a(lwp_threads.o)
                0x800212a8                __lwp_thread_resettimeslice
 .text.__lwp_thread_tickle_timeslice
                0x8002135c       0xc8 C:/devkitPro/libogc/lib/wii\libogc.a(lwp_threads.o)
                0x8002135c                __lwp_thread_tickle_timeslice
 .text.__lwp_thread_setstate
                0x80021424      0x16c C:/devkitPro/libogc/lib/wii\libogc.a(lwp_threads.o)
                0x80021424                __lwp_thread_setstate
 .text.__lwp_thread_clearstate
                0x80021590       0xe4 C:/devkitPro/libogc/lib/wii\libogc.a(lwp_threads.o)
                0x80021590                __lwp_thread_clearstate
 .text.__lwp_thread_delayended
                0x80021674       0x48 C:/devkitPro/libogc/lib/wii\libogc.a(lwp_threads.o)
                0x80021674                __lwp_thread_delayended
 .text.__lwp_thread_settransient
                0x800216bc       0xb4 C:/devkitPro/libogc/lib/wii\libogc.a(lwp_threads.o)
                0x800216bc                __lwp_thread_settransient
 .text.__lwp_thread_changepriority
                0x80021770      0x1f8 C:/devkitPro/libogc/lib/wii\libogc.a(lwp_threads.o)
                0x80021770                __lwp_thread_changepriority
 .text.__lwp_thread_ready
                0x80021968       0xf0 C:/devkitPro/libogc/lib/wii\libogc.a(lwp_threads.o)
                0x80021968                __lwp_thread_ready
 .text.__lwp_thread_init
                0x80021a58      0x16c C:/devkitPro/libogc/lib/wii\libogc.a(lwp_threads.o)
                0x80021a58                __lwp_thread_init
 .text.__lwp_thread_close
                0x80021bc4      0x138 C:/devkitPro/libogc/lib/wii\libogc.a(lwp_threads.o)
                0x80021bc4                __lwp_thread_close
 .text.__lwp_thread_handler
                0x80021cfc       0xd8 C:/devkitPro/libogc/lib/wii\libogc.a(lwp_threads.o)
 .text.__lwp_thread_closeall
                0x80021dd4       0xb0 C:/devkitPro/libogc/lib/wii\libogc.a(lwp_threads.o)
                0x80021dd4                __lwp_thread_closeall
 .text.__lwp_thread_start
                0x80021e84       0xe8 C:/devkitPro/libogc/lib/wii\libogc.a(lwp_threads.o)
                0x80021e84                __lwp_thread_start
 .text.__lwp_thread_startmultitasking
                0x80021f6c       0xac C:/devkitPro/libogc/lib/wii\libogc.a(lwp_threads.o)
                0x80021f6c                __lwp_thread_startmultitasking
 .text.__lwp_thread_stopmultitasking
                0x80022018       0x58 C:/devkitPro/libogc/lib/wii\libogc.a(lwp_threads.o)
                0x80022018                __lwp_thread_stopmultitasking
 .text.__lwp_thread_coreinit
                0x80022070       0xc4 C:/devkitPro/libogc/lib/wii\libogc.a(lwp_threads.o)
                0x80022070                __lwp_thread_coreinit
 .text.idle_func
                0x80022134        0x4 C:/devkitPro/libogc/lib/wii\libogc.a(lwp.o)
 .text.__lwp_sysinit
                0x80022138      0x114 C:/devkitPro/libogc/lib/wii\libogc.a(lwp.o)
                0x80022138                __lwp_sysinit
 .text.LWP_CreateThread
                0x8002224c      0x1a8 C:/devkitPro/libogc/lib/wii\libogc.a(lwp.o)
                0x8002224c                LWP_CreateThread
 .text.LWP_SetThreadPriority
                0x800223f4       0xbc C:/devkitPro/libogc/lib/wii\libogc.a(lwp.o)
                0x800223f4                LWP_SetThreadPriority
 .text.LWP_InitQueue
                0x800224b0      0x140 C:/devkitPro/libogc/lib/wii\libogc.a(lwp.o)
                0x800224b0                LWP_InitQueue
 .text.LWP_CloseQueue
                0x800225f0       0xd4 C:/devkitPro/libogc/lib/wii\libogc.a(lwp.o)
                0x800225f0                LWP_CloseQueue
 .text.LWP_ThreadSleep
                0x800226c4       0xf8 C:/devkitPro/libogc/lib/wii\libogc.a(lwp.o)
                0x800226c4                LWP_ThreadSleep
 .text.LWP_ThreadBroadcast
                0x800227bc       0x88 C:/devkitPro/libogc/lib/wii\libogc.a(lwp.o)
                0x800227bc                LWP_ThreadBroadcast
 .text.LWP_ThreadSignal
                0x80022844       0x74 C:/devkitPro/libogc/lib/wii\libogc.a(lwp.o)
                0x80022844                LWP_ThreadSignal
 .text.__lwp_stack_allocate
                0x800228b8       0x60 C:/devkitPro/libogc/lib/wii\libogc.a(lwp_stack.o)
                0x800228b8                __lwp_stack_allocate
 .text.__lwp_stack_free
                0x80022918       0x1c C:/devkitPro/libogc/lib/wii\libogc.a(lwp_stack.o)
                0x80022918                __lwp_stack_free
 .text.__lwp_wd_settimer
                0x80022934       0xe0 C:/devkitPro/libogc/lib/wii\libogc.a(lwp_watchdog.o)
 .text.__lwp_watchdog_init
                0x80022a14       0x2c C:/devkitPro/libogc/lib/wii\libogc.a(lwp_watchdog.o)
                0x80022a14                __lwp_watchdog_init
 .text.__lwp_wd_insert
                0x80022a40      0x194 C:/devkitPro/libogc/lib/wii\libogc.a(lwp_watchdog.o)
                0x80022a40                __lwp_wd_insert
 .text.__lwp_wd_remove
                0x80022bd4      0x138 C:/devkitPro/libogc/lib/wii\libogc.a(lwp_watchdog.o)
                0x80022bd4                __lwp_wd_remove
 .text.__lwp_wd_tickle
                0x80022d0c      0x120 C:/devkitPro/libogc/lib/wii\libogc.a(lwp_watchdog.o)
                0x80022d0c                __lwp_wd_tickle
 .text.__lwp_wkspace_init
                0x80022e2c       0xc0 C:/devkitPro/libogc/lib/wii\libogc.a(lwp_wkspace.o)
                0x80022e2c                __lwp_wkspace_init
 .text.__lwp_objmgr_initinfo
                0x80022eec      0x1a0 C:/devkitPro/libogc/lib/wii\libogc.a(lwp_objmgr.o)
                0x80022eec                __lwp_objmgr_initinfo
 .text.__lwp_objmgr_getisrdisable
                0x8002308c       0x60 C:/devkitPro/libogc/lib/wii\libogc.a(lwp_objmgr.o)
                0x8002308c                __lwp_objmgr_getisrdisable
 .text.__lwp_objmgr_getnoprotection
                0x800230ec       0x24 C:/devkitPro/libogc/lib/wii\libogc.a(lwp_objmgr.o)
                0x800230ec                __lwp_objmgr_getnoprotection
 .text.__lwp_objmgr_get
                0x80023110       0x6c C:/devkitPro/libogc/lib/wii\libogc.a(lwp_objmgr.o)
                0x80023110                __lwp_objmgr_get
 .text.__lwp_objmgr_allocate
                0x8002317c       0x88 C:/devkitPro/libogc/lib/wii\libogc.a(lwp_objmgr.o)
                0x8002317c                __lwp_objmgr_allocate
 .text.__lwp_objmgr_free
                0x80023204       0x60 C:/devkitPro/libogc/lib/wii\libogc.a(lwp_objmgr.o)
                0x80023204                __lwp_objmgr_free
 .text.__lwp_heap_init
                0x80023264       0xa4 C:/devkitPro/libogc/lib/wii\libogc.a(lwp_heap.o)
                0x80023264                __lwp_heap_init
 .text.__lwp_heap_allocate
                0x80023308      0x160 C:/devkitPro/libogc/lib/wii\libogc.a(lwp_heap.o)
                0x80023308                __lwp_heap_allocate
 .text.__lwp_heap_free
                0x80023468      0x188 C:/devkitPro/libogc/lib/wii\libogc.a(lwp_heap.o)
                0x80023468                __lwp_heap_free
 .text.__SetInterrupts
                0x800235f0      0x274 C:/devkitPro/libogc/lib/wii\libogc.a(irq.o)
 .text.c_irqdispatcher
                0x80023864      0x27c C:/devkitPro/libogc/lib/wii\libogc.a(irq.o)
                0x80023864                c_irqdispatcher
 .text.__UnmaskIrq
                0x80023ae0       0x84 C:/devkitPro/libogc/lib/wii\libogc.a(irq.o)
                0x80023ae0                __UnmaskIrq
 .text.__MaskIrq
                0x80023b64       0x84 C:/devkitPro/libogc/lib/wii\libogc.a(irq.o)
                0x80023b64                __MaskIrq
 .text.__irq_init
                0x80023be8       0x9c C:/devkitPro/libogc/lib/wii\libogc.a(irq.o)
                0x80023be8                __irq_init
 .text.IRQ_Request
                0x80023c84       0x50 C:/devkitPro/libogc/lib/wii\libogc.a(irq.o)
                0x80023c84                IRQ_Request
 .text.IRQ_GetHandler
                0x80023cd4       0x44 C:/devkitPro/libogc/lib/wii\libogc.a(irq.o)
                0x80023cd4                IRQ_GetHandler
 .text.IRQ_Disable
                0x80023d18       0x1c C:/devkitPro/libogc/lib/wii\libogc.a(irq.o)
                0x80023d18                IRQ_Disable
 .text.IRQ_Restore
                0x80023d34       0x1c C:/devkitPro/libogc/lib/wii\libogc.a(irq.o)
                0x80023d34                IRQ_Restore
 .text.__VISendI2CData.constprop.0.isra.0
                0x80023d50      0x450 C:/devkitPro/libogc/lib/wii\libogc.a(video.o)
 .text.__setFbbRegs.constprop.0
                0x800241a0      0x194 C:/devkitPro/libogc/lib/wii\libogc.a(video.o)
 .text.__VISetYUVSEL
                0x80024334       0xb8 C:/devkitPro/libogc/lib/wii\libogc.a(video.o)
 .text.VIDEO_Configure
                0x800243ec      0x5ec C:/devkitPro/libogc/lib/wii\libogc.a(video.o)
                0x800243ec                VIDEO_Configure
 .text.VIDEO_WaitVSync
                0x800249d8       0x74 C:/devkitPro/libogc/lib/wii\libogc.a(video.o)
                0x800249d8                VIDEO_WaitVSync
 .text.VIDEO_SetFramebuffer
                0x80024a4c      0x108 C:/devkitPro/libogc/lib/wii\libogc.a(video.o)
                0x80024a4c                VIDEO_SetFramebuffer
 .text.VIDEO_SetNextFramebuffer
                0x80024b54       0x70 C:/devkitPro/libogc/lib/wii\libogc.a(video.o)
                0x80024b54                VIDEO_SetNextFramebuffer
 .text.VIDEO_Flush
                0x80024bc4       0xf4 C:/devkitPro/libogc/lib/wii\libogc.a(video.o)
                0x80024bc4                VIDEO_Flush
 .text.VIDEO_SetBlack
                0x80024cb8      0x15c C:/devkitPro/libogc/lib/wii\libogc.a(video.o)
                0x80024cb8                VIDEO_SetBlack
 .text.VIDEO_GetCurrentTvMode
                0x80024e14       0x78 C:/devkitPro/libogc/lib/wii\libogc.a(video.o)
                0x80024e14                VIDEO_GetCurrentTvMode
 .text.__VIRetraceHandler
                0x80024e8c      0x298 C:/devkitPro/libogc/lib/wii\libogc.a(video.o)
 .text.__VISetupEncoder
                0x80025124      0x2cc C:/devkitPro/libogc/lib/wii\libogc.a(video.o)
 .text.VIDEO_Init
                0x800253f0      0x4e4 C:/devkitPro/libogc/lib/wii\libogc.a(video.o)
                0x800253f0                VIDEO_Init
 .text.VIDEO_GetCurrentLine
                0x800258d4       0x9c C:/devkitPro/libogc/lib/wii\libogc.a(video.o)
                0x800258d4                VIDEO_GetCurrentLine
 .text.VIDEO_GetFrameBufferSize
                0x80025970       0x34 C:/devkitPro/libogc/lib/wii\libogc.a(video.o)
                0x80025970                VIDEO_GetFrameBufferSize
 .text.__call_resetfuncs
                0x800259a4       0xbc C:/devkitPro/libogc/lib/wii\libogc.a(system.o)
 .text.__MEMInterruptHandler
                0x80025a60       0x14 C:/devkitPro/libogc/lib/wii\libogc.a(system.o)
 .text.__RSWDefaultHandler
                0x80025a74        0x4 C:/devkitPro/libogc/lib/wii\libogc.a(system.o)
 .text.__POWDefaultHandler
                0x80025a78        0x4 C:/devkitPro/libogc/lib/wii\libogc.a(system.o)
 .text.__STMEventHandler
                0x80025a7c      0x104 C:/devkitPro/libogc/lib/wii\libogc.a(system.o)
 .text.__getrtc
                0x80025b80      0x13c C:/devkitPro/libogc/lib/wii\libogc.a(system.o)
 .text.__sram_write
                0x80025cbc      0x130 C:/devkitPro/libogc/lib/wii\libogc.a(system.o)
 .text.__sram_writecallback
                0x80025dec       0x54 C:/devkitPro/libogc/lib/wii\libogc.a(system.o)
 .text.__mem_onreset
                0x80025e40       0x48 C:/devkitPro/libogc/lib/wii\libogc.a(system.o)
 .text.__unlocksram
                0x80025e88      0x174 C:/devkitPro/libogc/lib/wii\libogc.a(system.o)
 .text.__sys_alarmhandler
                0x80025ffc      0x154 C:/devkitPro/libogc/lib/wii\libogc.a(system.o)
 .text.__syscall_malloc_lock
                0x80026150        0x4 C:/devkitPro/libogc/lib/wii\libogc.a(system.o)
                0x80026150                __syscall_malloc_lock
 .text.__syscall_malloc_unlock
                0x80026154        0x4 C:/devkitPro/libogc/lib/wii\libogc.a(system.o)
                0x80026154                __syscall_malloc_unlock
 .text.__syscall_nanosleep
                0x80026158        0x4 C:/devkitPro/libogc/lib/wii\libogc.a(system.o)
                0x80026158                __syscall_nanosleep
 .text.__SYS_GetRTC
                0x8002615c       0xa0 C:/devkitPro/libogc/lib/wii\libogc.a(system.o)
                0x8002615c                __SYS_GetRTC
 .text.__SYS_SetBootTime
                0x800261fc      0x108 C:/devkitPro/libogc/lib/wii\libogc.a(system.o)
                0x800261fc                __SYS_SetBootTime
 .text.__SYS_GetIPCBufferLo
                0x80026304        0x8 C:/devkitPro/libogc/lib/wii\libogc.a(system.o)
                0x80026304                __SYS_GetIPCBufferLo
 .text.__SYS_GetIPCBufferHi
                0x8002630c        0x8 C:/devkitPro/libogc/lib/wii\libogc.a(system.o)
                0x8002630c                __SYS_GetIPCBufferHi
 .text.__SYS_DoPowerCB
                0x80026314       0x74 C:/devkitPro/libogc/lib/wii\libogc.a(system.o)
                0x80026314                __SYS_DoPowerCB
 .text.__SYS_PreInit
                0x80026388        0x4 C:/devkitPro/libogc/lib/wii\libogc.a(system.o)
                0x80026388                __SYS_PreInit
 .text.SYS_PreMain
                0x8002638c       0x7c C:/devkitPro/libogc/lib/wii\libogc.a(system.o)
                0x8002638c                SYS_PreMain
 .text.SYS_ResetButtonDown
                0x80026408       0x18 C:/devkitPro/libogc/lib/wii\libogc.a(system.o)
                0x80026408                SYS_ResetButtonDown
 .text.SYS_ResetSystem
                0x80026420      0x210 C:/devkitPro/libogc/lib/wii\libogc.a(system.o)
                0x80026420                SYS_ResetSystem
 .text.__reload
                0x80026630       0x80 C:/devkitPro/libogc/lib/wii\libogc.a(system.o)
                0x80026630                __reload
 .text.__syscall_exit
                0x800266b0       0x88 C:/devkitPro/libogc/lib/wii\libogc.a(system.o)
                0x800266b0                __syscall_exit
 .text.SYS_RegisterResetFunc
                0x80026738       0x78 C:/devkitPro/libogc/lib/wii\libogc.a(system.o)
                0x80026738                SYS_RegisterResetFunc
 .text.SYS_SetArena1Lo
                0x800267b0       0x38 C:/devkitPro/libogc/lib/wii\libogc.a(system.o)
                0x800267b0                SYS_SetArena1Lo
 .text.SYS_GetArena1Lo
                0x800267e8       0x38 C:/devkitPro/libogc/lib/wii\libogc.a(system.o)
                0x800267e8                SYS_GetArena1Lo
 .text.SYS_GetArena1Hi
                0x80026820       0x38 C:/devkitPro/libogc/lib/wii\libogc.a(system.o)
                0x80026820                SYS_GetArena1Hi
 .text.SYS_SetArena2Lo
                0x80026858       0x38 C:/devkitPro/libogc/lib/wii\libogc.a(system.o)
                0x80026858                SYS_SetArena2Lo
 .text.SYS_GetArena2Lo
                0x80026890       0x38 C:/devkitPro/libogc/lib/wii\libogc.a(system.o)
                0x80026890                SYS_GetArena2Lo
 .text.SYS_SetArena2Hi
                0x800268c8       0x38 C:/devkitPro/libogc/lib/wii\libogc.a(system.o)
                0x800268c8                SYS_SetArena2Hi
 .text.SYS_GetArena2Hi
                0x80026900       0x38 C:/devkitPro/libogc/lib/wii\libogc.a(system.o)
                0x80026900                SYS_GetArena2Hi
 .text.SYS_AllocateFramebuffer
                0x80026938       0x28 C:/devkitPro/libogc/lib/wii\libogc.a(system.o)
                0x80026938                SYS_AllocateFramebuffer
 .text.SYS_CreateAlarm
                0x80026960       0xf0 C:/devkitPro/libogc/lib/wii\libogc.a(system.o)
                0x80026960                SYS_CreateAlarm
 .text.SYS_SetAlarm
                0x80026a50      0x1ec C:/devkitPro/libogc/lib/wii\libogc.a(system.o)
                0x80026a50                SYS_SetAlarm
 .text.SYS_SetPeriodicAlarm
                0x80026c3c      0x27c C:/devkitPro/libogc/lib/wii\libogc.a(system.o)
                0x80026c3c                SYS_SetPeriodicAlarm
 .text.SYS_RemoveAlarm
                0x80026eb8      0x10c C:/devkitPro/libogc/lib/wii\libogc.a(system.o)
                0x80026eb8                SYS_RemoveAlarm
 .text.SYS_CancelAlarm
                0x80026fc4       0xbc C:/devkitPro/libogc/lib/wii\libogc.a(system.o)
                0x80026fc4                SYS_CancelAlarm
 .text.SYS_GetWirelessID
                0x80027080       0x94 C:/devkitPro/libogc/lib/wii\libogc.a(system.o)
                0x80027080                SYS_GetWirelessID
 .text.SYS_SetWirelessID
                0x80027114       0x90 C:/devkitPro/libogc/lib/wii\libogc.a(system.o)
                0x80027114                SYS_SetWirelessID
 .text.SYS_SetGBSMode
                0x800271a4       0xa8 C:/devkitPro/libogc/lib/wii\libogc.a(system.o)
                0x800271a4                SYS_SetGBSMode
 .text.__sram_init
                0x8002724c      0x1b8 C:/devkitPro/libogc/lib/wii\libogc.a(system.o)
                0x8002724c                __sram_init
 .text.SYS_Init
                0x80027404      0x5f0 C:/devkitPro/libogc/lib/wii\libogc.a(system.o)
                0x80027404                SYS_Init
 .text.SYS_GetHollywoodRevision
                0x800279f4       0x3c C:/devkitPro/libogc/lib/wii\libogc.a(system.o)
                0x800279f4                SYS_GetHollywoodRevision
 .text.SYS_Time
                0x80027a30       0x78 C:/devkitPro/libogc/lib/wii\libogc.a(system.o)
                0x80027a30                SYS_Time
 .text.__lwp_cond_init
                0x80027aa8       0x14 C:/devkitPro/libogc/lib/wii\libogc.a(cond.o)
                0x80027aa8                __lwp_cond_init
 .text.__AISRCINIT
                0x80027abc      0x1d0 C:/devkitPro/libogc/lib/wii\libogc.a(audio.o)
 .text.__AIDHandler
                0x80027c8c       0xd4 C:/devkitPro/libogc/lib/wii\libogc.a(audio.o)
 .text.AUDIO_Init
                0x80027d60      0x164 C:/devkitPro/libogc/lib/wii\libogc.a(audio.o)
                0x80027d60                AUDIO_Init
 .text.AUDIO_RegisterDMACallback
                0x80027ec4       0x40 C:/devkitPro/libogc/lib/wii\libogc.a(audio.o)
                0x80027ec4                AUDIO_RegisterDMACallback
 .text.AUDIO_InitDMA
                0x80027f04       0x74 C:/devkitPro/libogc/lib/wii\libogc.a(audio.o)
                0x80027f04                AUDIO_InitDMA
 .text.AUDIO_StartDMA
                0x80027f78       0x1c C:/devkitPro/libogc/lib/wii\libogc.a(audio.o)
                0x80027f78                AUDIO_StartDMA
 .text.AUDIO_StopDMA
                0x80027f94       0x18 C:/devkitPro/libogc/lib/wii\libogc.a(audio.o)
                0x80027f94                AUDIO_StopDMA
 .text.AUDIO_SetDSPSampleRate
                0x80027fac       0xb4 C:/devkitPro/libogc/lib/wii\libogc.a(audio.o)
                0x80027fac                AUDIO_SetDSPSampleRate
 .text.__decrementer_init
                0x80028060        0x4 C:/devkitPro/libogc/lib/wii\libogc.a(decrementer.o)
                0x80028060                __decrementer_init
 .text.c_decrementer_handler
                0x80028064        0xc C:/devkitPro/libogc/lib/wii\libogc.a(decrementer.o)
                0x80028064                c_decrementer_handler
 .text.__lwp_mqbox_init
                0x80028070       0x14 C:/devkitPro/libogc/lib/wii\libogc.a(message.o)
                0x80028070                __lwp_mqbox_init
 .text.__dsp_exectask
                0x80028084      0x2ec C:/devkitPro/libogc/lib/wii\libogc.a(dsp.o)
 .text.__dsp_inthandler
                0x80028370       0x30 C:/devkitPro/libogc/lib/wii\libogc.a(dsp.o)
 .text.__dsp_removetask
                0x800283a0       0x74 C:/devkitPro/libogc/lib/wii\libogc.a(dsp.o)
 .text.__dsp_def_taskcb
                0x80028414      0x468 C:/devkitPro/libogc/lib/wii\libogc.a(dsp.o)
 .text.DSP_Init
                0x8002887c       0xf8 C:/devkitPro/libogc/lib/wii\libogc.a(dsp.o)
                0x8002887c                DSP_Init
 .text.DSP_CheckMailTo
                0x80028974       0x14 C:/devkitPro/libogc/lib/wii\libogc.a(dsp.o)
                0x80028974                DSP_CheckMailTo
 .text.DSP_SendMailTo
                0x80028988       0x20 C:/devkitPro/libogc/lib/wii\libogc.a(dsp.o)
                0x80028988                DSP_SendMailTo
 .text.DSP_AddTask
                0x800289a8      0x308 C:/devkitPro/libogc/lib/wii\libogc.a(dsp.o)
                0x800289a8                DSP_AddTask
 .text.__si_transfer
                0x80028cb0      0x1b0 C:/devkitPro/libogc/lib/wii\libogc.a(si.o)
 .text.__si_alarmhandler
                0x80028e60       0xdc C:/devkitPro/libogc/lib/wii\libogc.a(si.o)
 .text.__si_completetransfer
                0x80028f3c      0x1fc C:/devkitPro/libogc/lib/wii\libogc.a(si.o)
 .text.__si_transfernext
                0x80029138       0xe0 C:/devkitPro/libogc/lib/wii\libogc.a(si.o)
 .text.SI_Busy  0x80029218       0x18 C:/devkitPro/libogc/lib/wii\libogc.a(si.o)
                0x80029218                SI_Busy
 .text.SI_IsChanBusy
                0x80029230       0x38 C:/devkitPro/libogc/lib/wii\libogc.a(si.o)
                0x80029230                SI_IsChanBusy
 .text.SI_SetXY
                0x80029268       0x64 C:/devkitPro/libogc/lib/wii\libogc.a(si.o)
                0x80029268                SI_SetXY
 .text.SI_EnablePolling
                0x800292cc       0x80 C:/devkitPro/libogc/lib/wii\libogc.a(si.o)
                0x800292cc                SI_EnablePolling
 .text.SI_DisablePolling
                0x8002934c       0x58 C:/devkitPro/libogc/lib/wii\libogc.a(si.o)
                0x8002934c                SI_DisablePolling
 .text.SI_SetSamplingRate
                0x800293a4       0xe8 C:/devkitPro/libogc/lib/wii\libogc.a(si.o)
                0x800293a4                SI_SetSamplingRate
 .text.SI_RefreshSamplingRate
                0x8002948c        0x8 C:/devkitPro/libogc/lib/wii\libogc.a(si.o)
                0x8002948c                SI_RefreshSamplingRate
 .text.SI_GetStatus
                0x80029494       0x78 C:/devkitPro/libogc/lib/wii\libogc.a(si.o)
                0x80029494                SI_GetStatus
 .text.SI_GetResponseRaw
                0x8002950c       0xe8 C:/devkitPro/libogc/lib/wii\libogc.a(si.o)
                0x8002950c                SI_GetResponseRaw
 .text.SI_GetResponse
                0x800295f4       0xb8 C:/devkitPro/libogc/lib/wii\libogc.a(si.o)
                0x800295f4                SI_GetResponse
 .text.SI_SetCommand
                0x800296ac       0x10 C:/devkitPro/libogc/lib/wii\libogc.a(si.o)
                0x800296ac                SI_SetCommand
 .text.SI_Transfer
                0x800296bc      0x250 C:/devkitPro/libogc/lib/wii\libogc.a(si.o)
                0x800296bc                SI_Transfer
 .text.__si_gettypecallback
                0x8002990c      0x2c0 C:/devkitPro/libogc/lib/wii\libogc.a(si.o)
 .text.__si_interrupthandler
                0x80029bcc      0x268 C:/devkitPro/libogc/lib/wii\libogc.a(si.o)
 .text.SI_GetType
                0x80029e34      0x1f4 C:/devkitPro/libogc/lib/wii\libogc.a(si.o)
                0x80029e34                SI_GetType
 .text.SI_GetTypeAsync
                0x8002a028      0x138 C:/devkitPro/libogc/lib/wii\libogc.a(si.o)
                0x8002a028                SI_GetTypeAsync
 .text.SI_EnablePollingInterrupt
                0x8002a160       0x8c C:/devkitPro/libogc/lib/wii\libogc.a(si.o)
                0x8002a160                SI_EnablePollingInterrupt
 .text.SI_UnregisterPollingHandler
                0x8002a1ec       0xe0 C:/devkitPro/libogc/lib/wii\libogc.a(si.o)
                0x8002a1ec                SI_UnregisterPollingHandler
 .text.__si_init
                0x8002a2cc       0xe8 C:/devkitPro/libogc/lib/wii\libogc.a(si.o)
                0x8002a2cc                __si_init
 .text.__ipc_sendrequest
                0x8002a3b4      0x104 C:/devkitPro/libogc/lib/wii\libogc.a(ipc.o)
 .text.__ipc_syncrequest
                0x8002a4b8       0xe4 C:/devkitPro/libogc/lib/wii\libogc.a(ipc.o)
 .text.__ioctlvfmtCB
                0x8002a59c      0x158 C:/devkitPro/libogc/lib/wii\libogc.a(ipc.o)
 .text.__ios_ioctlvformat_parse
                0x8002a6f4      0x81c C:/devkitPro/libogc/lib/wii\libogc.a(ipc.o)
 .text.__ipc_asyncrequest
                0x8002af10      0x13c C:/devkitPro/libogc/lib/wii\libogc.a(ipc.o)
 .text.__ipc_interrupthandler
                0x8002b04c      0x34c C:/devkitPro/libogc/lib/wii\libogc.a(ipc.o)
 .text.iosCreateHeap
                0x8002b398      0x130 C:/devkitPro/libogc/lib/wii\libogc.a(ipc.o)
                0x8002b398                iosCreateHeap
 .text.iosAlloc
                0x8002b4c8       0x30 C:/devkitPro/libogc/lib/wii\libogc.a(ipc.o)
                0x8002b4c8                iosAlloc
 .text.iosFree  0x8002b4f8       0x28 C:/devkitPro/libogc/lib/wii\libogc.a(ipc.o)
                0x8002b4f8                iosFree
 .text.__IPC_ClntInit
                0x8002b520       0xc8 C:/devkitPro/libogc/lib/wii\libogc.a(ipc.o)
                0x8002b520                __IPC_ClntInit
 .text.IOS_Open
                0x8002b5e8      0x110 C:/devkitPro/libogc/lib/wii\libogc.a(ipc.o)
                0x8002b5e8                IOS_Open
 .text.IOS_Close
                0x8002b6f8       0xf0 C:/devkitPro/libogc/lib/wii\libogc.a(ipc.o)
                0x8002b6f8                IOS_Close
 .text.IOS_CloseAsync
                0x8002b7e8       0xb4 C:/devkitPro/libogc/lib/wii\libogc.a(ipc.o)
                0x8002b7e8                IOS_CloseAsync
 .text.IOS_Read
                0x8002b89c      0x10c C:/devkitPro/libogc/lib/wii\libogc.a(ipc.o)
                0x8002b89c                IOS_Read
 .text.IOS_Write
                0x8002b9a8      0x10c C:/devkitPro/libogc/lib/wii\libogc.a(ipc.o)
                0x8002b9a8                IOS_Write
 .text.IOS_Ioctl
                0x8002bab4      0x158 C:/devkitPro/libogc/lib/wii\libogc.a(ipc.o)
                0x8002bab4                IOS_Ioctl
 .text.IOS_IoctlAsync
                0x8002bc0c      0x148 C:/devkitPro/libogc/lib/wii\libogc.a(ipc.o)
                0x8002bc0c                IOS_IoctlAsync
 .text.IOS_Ioctlv
                0x8002bd54      0x1f0 C:/devkitPro/libogc/lib/wii\libogc.a(ipc.o)
                0x8002bd54                IOS_Ioctlv
 .text.IOS_IoctlvAsync
                0x8002bf44      0x1d4 C:/devkitPro/libogc/lib/wii\libogc.a(ipc.o)
                0x8002bf44                IOS_IoctlvAsync
 .text.IOS_IoctlvFormat
                0x8002c118      0x16c C:/devkitPro/libogc/lib/wii\libogc.a(ipc.o)
                0x8002c118                IOS_IoctlvFormat
 .text.IOS_IoctlvReboot
                0x8002c284      0x1f4 C:/devkitPro/libogc/lib/wii\libogc.a(ipc.o)
                0x8002c284                IOS_IoctlvReboot
 .text.gettick  0x8002c478        0x8 C:/devkitPro/libogc/lib/wii\libogc.a(timesupp.o)
                0x8002c478                gettick
 .text.gettime  0x8002c480       0x18 C:/devkitPro/libogc/lib/wii\libogc.a(timesupp.o)
                0x8002c480                gettime
 .text.settime  0x8002c498       0x14 C:/devkitPro/libogc/lib/wii\libogc.a(timesupp.o)
                0x8002c498                settime
 .text.diff_usec
                0x8002c4ac       0x88 C:/devkitPro/libogc/lib/wii\libogc.a(timesupp.o)
                0x8002c4ac                diff_usec
 .text.__timesystem_init
                0x8002c534       0x1c C:/devkitPro/libogc/lib/wii\libogc.a(timesupp.o)
                0x8002c534                __timesystem_init
 .text.udelay   0x8002c550       0xac C:/devkitPro/libogc/lib/wii\libogc.a(timesupp.o)
                0x8002c550                udelay
 .text.__libogc_nanosleep
                0x8002c5fc      0x144 C:/devkitPro/libogc/lib/wii\libogc.a(timesupp.o)
                0x8002c5fc                __libogc_nanosleep
 .text.__syscall_lock_init
                0x8002c740       0x6c C:/devkitPro/libogc/lib/wii\libogc.a(lock_supp.o)
                0x8002c740                __syscall_lock_init
 .text.__syscall_lock_init_recursive
                0x8002c7ac       0x6c C:/devkitPro/libogc/lib/wii\libogc.a(lock_supp.o)
                0x8002c7ac                __syscall_lock_init_recursive
 .text.__syscall_lock_close
                0x8002c818       0x68 C:/devkitPro/libogc/lib/wii\libogc.a(lock_supp.o)
                0x8002c818                __syscall_lock_close
 .text.__syscall_lock_acquire
                0x8002c880       0x18 C:/devkitPro/libogc/lib/wii\libogc.a(lock_supp.o)
                0x8002c880                __syscall_lock_acquire
 .text.__syscall_lock_release
                0x8002c898       0x18 C:/devkitPro/libogc/lib/wii\libogc.a(lock_supp.o)
                0x8002c898                __syscall_lock_release
 .text.__libc_create_hook
                0x8002c8b0       0x10 C:/devkitPro/libogc/lib/wii\libogc.a(newlibc.o)
                0x8002c8b0                __libc_create_hook
 .text.__libc_start_hook
                0x8002c8c0       0xb0 C:/devkitPro/libogc/lib/wii\libogc.a(newlibc.o)
                0x8002c8c0                __libc_start_hook
 .text.__libc_delete_hook
                0x8002c970       0xe8 C:/devkitPro/libogc/lib/wii\libogc.a(newlibc.o)
                0x8002c970                __libc_delete_hook
 .text.__libc_init
                0x8002ca58       0xb4 C:/devkitPro/libogc/lib/wii\libogc.a(newlibc.o)
                0x8002ca58                __libc_init
 .text.__usbgecko_exi_unlock
                0x8002cb0c       0x34 C:/devkitPro/libogc/lib/wii\libogc.a(usbgecko.o)
 .text.usb_isgeckoalive
                0x8002cb40      0x1bc C:/devkitPro/libogc/lib/wii\libogc.a(usbgecko.o)
                0x8002cb40                usb_isgeckoalive
 .text.usb_sendbuffer_ex
                0x8002ccfc      0x214 C:/devkitPro/libogc/lib/wii\libogc.a(usbgecko.o)
                0x8002ccfc                usb_sendbuffer_ex
 .text.usb_sendbuffer
                0x8002cf10        0x8 C:/devkitPro/libogc/lib/wii\libogc.a(usbgecko.o)
                0x8002cf10                usb_sendbuffer
 .text.usb_sendbuffer_safe_ex
                0x8002cf18      0x2a8 C:/devkitPro/libogc/lib/wii\libogc.a(usbgecko.o)
                0x8002cf18                usb_sendbuffer_safe_ex
 .text.usb_sendbuffer_safe
                0x8002d1c0        0x8 C:/devkitPro/libogc/lib/wii\libogc.a(usbgecko.o)
                0x8002d1c0                usb_sendbuffer_safe
 .text._sbrk_r  0x8002d1c8      0x290 C:/devkitPro/libogc/lib/wii\libogc.a(sbrk.o)
                0x8002d1c8                _sbrk_r
 .text.__memlock_init
                0x8002d458       0x7c C:/devkitPro/libogc/lib/wii\libogc.a(malloc_lock.o)
                0x8002d458                __memlock_init
 .text.__libogc_malloc_lock
                0x8002d4d4      0x1fc C:/devkitPro/libogc/lib/wii\libogc.a(malloc_lock.o)
                0x8002d4d4                __libogc_malloc_lock
 .text.__libogc_malloc_unlock
                0x8002d6d0       0x64 C:/devkitPro/libogc/lib/wii\libogc.a(malloc_lock.o)
                0x8002d6d0                __libogc_malloc_unlock
 .text.__STM_SetEventHook
                0x8002d734       0xb0 C:/devkitPro/libogc/lib/wii\libogc.a(stm.o)
                0x8002d734                __STM_SetEventHook
 .text.__STM_Init
                0x8002d7e4       0x8c C:/devkitPro/libogc/lib/wii\libogc.a(stm.o)
                0x8002d7e4                __STM_Init
 .text.__STMEventHandler
                0x8002d870       0x64 C:/devkitPro/libogc/lib/wii\libogc.a(stm.o)
 .text.__STM_ReleaseEventHook
                0x8002d8d4       0x80 C:/devkitPro/libogc/lib/wii\libogc.a(stm.o)
                0x8002d8d4                __STM_ReleaseEventHook
 .text.__STM_Close
                0x8002d954       0xac C:/devkitPro/libogc/lib/wii\libogc.a(stm.o)
                0x8002d954                __STM_Close
 .text.STM_RegisterEventHandler
                0x8002da00       0x10 C:/devkitPro/libogc/lib/wii\libogc.a(stm.o)
                0x8002da00                STM_RegisterEventHandler
 .text.STM_ShutdownToStandby
                0x8002da10       0x50 C:/devkitPro/libogc/lib/wii\libogc.a(stm.o)
                0x8002da10                STM_ShutdownToStandby
 .text.STM_ShutdownToIdle
                0x8002da60       0x70 C:/devkitPro/libogc/lib/wii\libogc.a(stm.o)
                0x8002da60                STM_ShutdownToIdle
 .text.STM_SetLedMode
                0x8002dad0       0x40 C:/devkitPro/libogc/lib/wii\libogc.a(stm.o)
                0x8002dad0                STM_SetLedMode
 .text.STM_RebootSystem
                0x8002db10       0x50 C:/devkitPro/libogc/lib/wii\libogc.a(stm.o)
                0x8002db10                STM_RebootSystem
 .text.__IOS_InitializeSubsystems
                0x8002db60       0x44 C:/devkitPro/libogc/lib/wii\libogc.a(ios.o)
                0x8002db60                __IOS_InitializeSubsystems
 .text.__IOS_ShutdownSubsystems
                0x8002dba4       0x44 C:/devkitPro/libogc/lib/wii\libogc.a(ios.o)
                0x8002dba4                __IOS_ShutdownSubsystems
 .text.__IOS_LoadStartupIOS
                0x8002dbe8        0x8 C:/devkitPro/libogc/lib/wii\libogc.a(ios.o)
                0x8002dbe8                __IOS_LoadStartupIOS
 .text._ES_fstat_r
                0x8002dbf0      0x120 C:/devkitPro/libogc/lib/wii\libogc.a(es.o)
 .text._ES_seek_r
                0x8002dd10       0xd8 C:/devkitPro/libogc/lib/wii\libogc.a(es.o)
 .text._ES_close_r
                0x8002dde8       0xac C:/devkitPro/libogc/lib/wii\libogc.a(es.o)
 .text.__ES_Init
                0x8002de94       0x78 C:/devkitPro/libogc/lib/wii\libogc.a(es.o)
                0x8002de94                __ES_Init
 .text.__ES_Close
                0x8002df0c       0x54 C:/devkitPro/libogc/lib/wii\libogc.a(es.o)
                0x8002df0c                __ES_Close
 .text.ES_GetTitleID
                0x8002df60       0x94 C:/devkitPro/libogc/lib/wii\libogc.a(es.o)
                0x8002df60                ES_GetTitleID
 .text.ES_LaunchTitle
                0x8002dff4       0xa4 C:/devkitPro/libogc/lib/wii\libogc.a(es.o)
                0x8002dff4                ES_LaunchTitle
 .text.ES_GetNumTicketViews
                0x8002e098       0x98 C:/devkitPro/libogc/lib/wii\libogc.a(es.o)
                0x8002e098                ES_GetNumTicketViews
 .text.ES_GetTicketViews
                0x8002e130       0x8c C:/devkitPro/libogc/lib/wii\libogc.a(es.o)
                0x8002e130                ES_GetTicketViews
 .text.ES_GetStoredTMD
                0x8002e1bc       0x90 C:/devkitPro/libogc/lib/wii\libogc.a(es.o)
                0x8002e1bc                ES_GetStoredTMD
 .text._ES_decodepath
                0x8002e24c      0x394 C:/devkitPro/libogc/lib/wii\libogc.a(es.o)
 .text._ES_stat_r
                0x8002e5e0       0xf4 C:/devkitPro/libogc/lib/wii\libogc.a(es.o)
 .text._ES_open_r
                0x8002e6d4      0x1d0 C:/devkitPro/libogc/lib/wii\libogc.a(es.o)
 .text.ES_ReadContent
                0x8002e8a4       0x6c C:/devkitPro/libogc/lib/wii\libogc.a(es.o)
                0x8002e8a4                ES_ReadContent
 .text._ES_read_r
                0x8002e910      0x180 C:/devkitPro/libogc/lib/wii\libogc.a(es.o)
 .text.__usbv5_devicechangeCB
                0x8002ea90      0x15c C:/devkitPro/libogc/lib/wii\libogc.a(usb.o)
 .text.__usbv5_attachfinishCB
                0x8002ebec       0xcc C:/devkitPro/libogc/lib/wii\libogc.a(usb.o)
 .text.__usbv5_messageCB
                0x8002ecb8       0x5c C:/devkitPro/libogc/lib/wii\libogc.a(usb.o)
 .text.__usbv0_messageCB
                0x8002ed14       0xa8 C:/devkitPro/libogc/lib/wii\libogc.a(usb.o)
 .text.__usb_control_message
                0x8002edbc      0x428 C:/devkitPro/libogc/lib/wii\libogc.a(usb.o)
 .text.__usb_interrupt_bulk_message
                0x8002f1e4      0x2b8 C:/devkitPro/libogc/lib/wii\libogc.a(usb.o)
 .text.USB_FreeDescriptors.part.0
                0x8002f49c       0xfc C:/devkitPro/libogc/lib/wii\libogc.a(usb.o)
 .text.USB_GetDescriptors.part.0
                0x8002f598      0x678 C:/devkitPro/libogc/lib/wii\libogc.a(usb.o)
 .text.USBV5_SuspendResume
                0x8002fc10      0x138 C:/devkitPro/libogc/lib/wii\libogc.a(usb.o)
 .text.USBV5_GetDescriptors
                0x8002fd48      0x518 C:/devkitPro/libogc/lib/wii\libogc.a(usb.o)
 .text.USB_Deinitialize
                0x80030260       0xc8 C:/devkitPro/libogc/lib/wii\libogc.a(usb.o)
                0x80030260                USB_Deinitialize
 .text.USB_Initialize
                0x80030328      0x2f8 C:/devkitPro/libogc/lib/wii\libogc.a(usb.o)
                0x80030328                USB_Initialize
 .text.USB_OpenDevice
                0x80030620      0x2b8 C:/devkitPro/libogc/lib/wii\libogc.a(usb.o)
                0x80030620                USB_OpenDevice
 .text.USBV5_CloseDevice
                0x800308d8      0x128 C:/devkitPro/libogc/lib/wii\libogc.a(usb.o)
                0x800308d8                USBV5_CloseDevice
 .text.USB_CloseDeviceAsync
                0x80030a00       0xd0 C:/devkitPro/libogc/lib/wii\libogc.a(usb.o)
                0x80030a00                USB_CloseDeviceAsync
 .text.USB_ReadIntrMsgAsync
                0x80030ad0       0x28 C:/devkitPro/libogc/lib/wii\libogc.a(usb.o)
                0x80030ad0                USB_ReadIntrMsgAsync
 .text.USB_ReadBlkMsgAsync
                0x80030af8       0x28 C:/devkitPro/libogc/lib/wii\libogc.a(usb.o)
                0x80030af8                USB_ReadBlkMsgAsync
 .text.USB_WriteBlkMsgAsync
                0x80030b20       0x28 C:/devkitPro/libogc/lib/wii\libogc.a(usb.o)
                0x80030b20                USB_WriteBlkMsgAsync
 .text.USB_WriteCtrlMsgAsync
                0x80030b48        0x4 C:/devkitPro/libogc/lib/wii\libogc.a(usb.o)
                0x80030b48                USB_WriteCtrlMsgAsync
 .text.__CheckARGV
                0x80030b4c       0x80 C:/devkitPro/libogc/lib/wii\libogc.a(argv.o)
                0x80030b4c                __CheckARGV
 .text.CONF_Init
                0x80030bcc      0x17c C:/devkitPro/libogc/lib/wii\libogc.a(conf.o)
                0x80030bcc                CONF_Init
 .text.__CONF_Find
                0x80030d48       0xfc C:/devkitPro/libogc/lib/wii\libogc.a(conf.o)
                0x80030d48                __CONF_Find
 .text.CONF_GetLength
                0x80030e44      0x12c C:/devkitPro/libogc/lib/wii\libogc.a(conf.o)
                0x80030e44                CONF_GetLength
 .text.CONF_Get
                0x80030f70      0x140 C:/devkitPro/libogc/lib/wii\libogc.a(conf.o)
                0x80030f70                CONF_Get
 .text.CONF_GetShutdownMode
                0x800310b0       0x54 C:/devkitPro/libogc/lib/wii\libogc.a(conf.o)
                0x800310b0                CONF_GetShutdownMode
 .text.CONF_GetIdleLedMode
                0x80031104       0x54 C:/devkitPro/libogc/lib/wii\libogc.a(conf.o)
                0x80031104                CONF_GetIdleLedMode
 .text.CONF_GetIRSensitivity
                0x80031158       0x54 C:/devkitPro/libogc/lib/wii\libogc.a(conf.o)
                0x80031158                CONF_GetIRSensitivity
 .text.CONF_GetSensorBarPosition
                0x800311ac       0x54 C:/devkitPro/libogc/lib/wii\libogc.a(conf.o)
                0x800311ac                CONF_GetSensorBarPosition
 .text.CONF_GetCounterBias
                0x80031200       0x4c C:/devkitPro/libogc/lib/wii\libogc.a(conf.o)
                0x80031200                CONF_GetCounterBias
 .text.CONF_GetDisplayOffsetH
                0x8003124c       0x4c C:/devkitPro/libogc/lib/wii\libogc.a(conf.o)
                0x8003124c                CONF_GetDisplayOffsetH
 .text.CONF_GetPadDevices
                0x80031298       0x4c C:/devkitPro/libogc/lib/wii\libogc.a(conf.o)
                0x80031298                CONF_GetPadDevices
 .text.__WII_WriteNANDBootInfo.isra.0
                0x800312e4       0xbc C:/devkitPro/libogc/lib/wii\libogc.a(wiilaunch.o)
 .text.__WII_WriteStateFlags.isra.0
                0x800313a0       0x94 C:/devkitPro/libogc/lib/wii\libogc.a(wiilaunch.o)
 .text.WII_Initialize
                0x80031434      0x188 C:/devkitPro/libogc/lib/wii\libogc.a(wiilaunch.o)
                0x80031434                WII_Initialize
 .text.WII_LaunchTitle
                0x800315bc      0x1ac C:/devkitPro/libogc/lib/wii\libogc.a(wiilaunch.o)
                0x800315bc                WII_LaunchTitle
 .text.WII_ReturnToMenu
                0x80031768       0x58 C:/devkitPro/libogc/lib/wii\libogc.a(wiilaunch.o)
                0x80031768                WII_ReturnToMenu
 .text.__lwp_priority_init
                0x800317c0       0x1c C:/devkitPro/libogc/lib/wii\libogc.a(lwp_priority.o)
                0x800317c0                __lwp_priority_init
 .text.__lwp_threadqueue_enqueuefifo
                0x800317dc      0x144 C:/devkitPro/libogc/lib/wii\libogc.a(lwp_threadq.o)
                0x800317dc                __lwp_threadqueue_enqueuefifo
 .text.__lwp_threadqueue_dequeuefifo
                0x80031920      0x140 C:/devkitPro/libogc/lib/wii\libogc.a(lwp_threadq.o)
                0x80031920                __lwp_threadqueue_dequeuefifo
 .text.__lwp_threadqueue_enqueuepriority
                0x80031a60      0x338 C:/devkitPro/libogc/lib/wii\libogc.a(lwp_threadq.o)
                0x80031a60                __lwp_threadqueue_enqueuepriority
 .text.__lwp_threadqueue_dequeuepriority
                0x80031d98      0x1d8 C:/devkitPro/libogc/lib/wii\libogc.a(lwp_threadq.o)
                0x80031d98                __lwp_threadqueue_dequeuepriority
 .text.__lwp_threadqueue_init
                0x80031f70       0x64 C:/devkitPro/libogc/lib/wii\libogc.a(lwp_threadq.o)
                0x80031f70                __lwp_threadqueue_init
 .text.__lwp_threadqueue_enqueue
                0x80031fd4      0x138 C:/devkitPro/libogc/lib/wii\libogc.a(lwp_threadq.o)
                0x80031fd4                __lwp_threadqueue_enqueue
 .text.__lwp_threadqueue_dequeue
                0x8003210c       0x24 C:/devkitPro/libogc/lib/wii\libogc.a(lwp_threadq.o)
                0x8003210c                __lwp_threadqueue_dequeue
 .text.__lwp_threadqueue_flush
                0x80032130       0x68 C:/devkitPro/libogc/lib/wii\libogc.a(lwp_threadq.o)
                0x80032130                __lwp_threadqueue_flush
 .text.__lwp_threadqueue_extractfifo
                0x80032198       0xe8 C:/devkitPro/libogc/lib/wii\libogc.a(lwp_threadq.o)
                0x80032198                __lwp_threadqueue_extractfifo
 .text.__lwp_threadqueue_extractpriority
                0x80032280      0x148 C:/devkitPro/libogc/lib/wii\libogc.a(lwp_threadq.o)
                0x80032280                __lwp_threadqueue_extractpriority
 .text.__lwp_threadqueue_timeout
                0x800323c8       0xd0 C:/devkitPro/libogc/lib/wii\libogc.a(lwp_threadq.o)
 .text.__lwp_threadqueue_extractproxy
                0x80032498       0x64 C:/devkitPro/libogc/lib/wii\libogc.a(lwp_threadq.o)